[2.796s] Invoking command in '/workspaces/roboracer-purdue/roboracer_ws/src/f1tenth_gym_ros': PYTHONPATH=/workspaces/roboracer-purdue/roboracer_ws/build/f1tenth_gym_ros/prefix_override:/usr/lib/python3/dist-packages/colcon_core/task/python/colcon_distutils_commands:/workspaces/roboracer-purdue/roboracer_ws/install/f1tenth_gym_ros/lib/python3.10/site-packages:${PYTHONPATH} /usr/bin/python3 -W ignore:setup.py install is deprecated -W ignore:easy_install command is deprecated setup.py egg_info --egg-base ../../build/f1tenth_gym_ros build --build-base /workspaces/roboracer-purdue/roboracer_ws/build/f1tenth_gym_ros/build install --record /workspaces/roboracer-purdue/roboracer_ws/build/f1tenth_gym_ros/install.log --install-scripts $base/lib/f1tenth_gym_ros --single-version-externally-managed install_data
[3.539s] running egg_info
[3.541s] creating ../../build/f1tenth_gym_ros/f1tenth_gym_ros.egg-info
[3.544s] writing ../../build/f1tenth_gym_ros/f1tenth_gym_ros.egg-info/PKG-INFO
[3.553s] writing dependency_links to ../../build/f1tenth_gym_ros/f1tenth_gym_ros.egg-info/dependency_links.txt
[3.580s] writing entry points to ../../build/f1tenth_gym_ros/f1tenth_gym_ros.egg-info/entry_points.txt
[3.585s] writing requirements to ../../build/f1tenth_gym_ros/f1tenth_gym_ros.egg-info/requires.txt
[3.588s] writing top-level names to ../../build/f1tenth_gym_ros/f1tenth_gym_ros.egg-info/top_level.txt
[3.604s] writing manifest file '../../build/f1tenth_gym_ros/f1tenth_gym_ros.egg-info/SOURCES.txt'
[3.642s] reading manifest file '../../build/f1tenth_gym_ros/f1tenth_gym_ros.egg-info/SOURCES.txt'
[3.668s] adding license file 'LICENSE'
[3.694s] writing manifest file '../../build/f1tenth_gym_ros/f1tenth_gym_ros.egg-info/SOURCES.txt'
[3.697s] running build
[3.698s] running build_py
[3.701s] creating /workspaces/roboracer-purdue/roboracer_ws/build/f1tenth_gym_ros/build
[3.702s] creating /workspaces/roboracer-purdue/roboracer_ws/build/f1tenth_gym_ros/build/lib
[3.704s] creating /workspaces/roboracer-purdue/roboracer_ws/build/f1tenth_gym_ros/build/lib/f1tenth_gym_ros
[3.712s] copying f1tenth_gym_ros/gym_bridge.py -> /workspaces/roboracer-purdue/roboracer_ws/build/f1tenth_gym_ros/build/lib/f1tenth_gym_ros
[3.734s] copying f1tenth_gym_ros/__init__.py -> /workspaces/roboracer-purdue/roboracer_ws/build/f1tenth_gym_ros/build/lib/f1tenth_gym_ros
[3.746s] running install
[3.747s] running install_lib
[3.760s] creating /workspaces/roboracer-purdue/roboracer_ws/install/f1tenth_gym_ros/lib/python3.10/site-packages/f1tenth_gym_ros
[3.774s] copying /workspaces/roboracer-purdue/roboracer_ws/build/f1tenth_gym_ros/build/lib/f1tenth_gym_ros/gym_bridge.py -> /workspaces/roboracer-purdue/roboracer_ws/install/f1tenth_gym_ros/lib/python3.10/site-packages/f1tenth_gym_ros
[3.808s] copying /workspaces/roboracer-purdue/roboracer_ws/build/f1tenth_gym_ros/build/lib/f1tenth_gym_ros/__init__.py -> /workspaces/roboracer-purdue/roboracer_ws/install/f1tenth_gym_ros/lib/python3.10/site-packages/f1tenth_gym_ros
[3.846s] byte-compiling /workspaces/roboracer-purdue/roboracer_ws/install/f1tenth_gym_ros/lib/python3.10/site-packages/f1tenth_gym_ros/gym_bridge.py to gym_bridge.cpython-310.pyc
[3.881s] byte-compiling /workspaces/roboracer-purdue/roboracer_ws/install/f1tenth_gym_ros/lib/python3.10/site-packages/f1tenth_gym_ros/__init__.py to __init__.cpython-310.pyc
[3.905s] running install_data
[3.907s] creating /workspaces/roboracer-purdue/roboracer_ws/install/f1tenth_gym_ros/share/ament_index
[3.909s] creating /workspaces/roboracer-purdue/roboracer_ws/install/f1tenth_gym_ros/share/ament_index/resource_index
[3.911s] creating /workspaces/roboracer-purdue/roboracer_ws/install/f1tenth_gym_ros/share/ament_index/resource_index/packages
[3.921s] copying resource/f1tenth_gym_ros -> /workspaces/roboracer-purdue/roboracer_ws/install/f1tenth_gym_ros/share/ament_index/resource_index/packages
[3.939s] copying package.xml -> /workspaces/roboracer-purdue/roboracer_ws/install/f1tenth_gym_ros/share/f1tenth_gym_ros
[3.950s] creating /workspaces/roboracer-purdue/roboracer_ws/install/f1tenth_gym_ros/share/f1tenth_gym_ros/launch
[3.957s] copying launch/gym_bridge_launch.py -> /workspaces/roboracer-purdue/roboracer_ws/install/f1tenth_gym_ros/share/f1tenth_gym_ros/launch
[3.979s] copying launch/ego_racecar.xacro -> /workspaces/roboracer-purdue/roboracer_ws/install/f1tenth_gym_ros/share/f1tenth_gym_ros/launch
[3.997s] copying launch/opp_racecar.xacro -> /workspaces/roboracer-purdue/roboracer_ws/install/f1tenth_gym_ros/share/f1tenth_gym_ros/launch
[4.017s] copying launch/gym_bridge.rviz -> /workspaces/roboracer-purdue/roboracer_ws/install/f1tenth_gym_ros/share/f1tenth_gym_ros/launch
[4.034s] creating /workspaces/roboracer-purdue/roboracer_ws/install/f1tenth_gym_ros/share/f1tenth_gym_ros/config
[4.040s] copying config/sim.yaml -> /workspaces/roboracer-purdue/roboracer_ws/install/f1tenth_gym_ros/share/f1tenth_gym_ros/config
[4.054s] running install_egg_info
[4.065s] Copying ../../build/f1tenth_gym_ros/f1tenth_gym_ros.egg-info to /workspaces/roboracer-purdue/roboracer_ws/install/f1tenth_gym_ros/lib/python3.10/site-packages/f1tenth_gym_ros-0.0.0-py3.10.egg-info
[4.283s] running install_scripts
[4.355s] Installing gym_bridge script to /workspaces/roboracer-purdue/roboracer_ws/install/f1tenth_gym_ros/lib/f1tenth_gym_ros
[4.364s] writing list of installed files to '/workspaces/roboracer-purdue/roboracer_ws/build/f1tenth_gym_ros/install.log'
[4.386s] Invoked command in '/workspaces/roboracer-purdue/roboracer_ws/src/f1tenth_gym_ros' returned '0': PYTHONPATH=/workspaces/roboracer-purdue/roboracer_ws/build/f1tenth_gym_ros/prefix_override:/usr/lib/python3/dist-packages/colcon_core/task/python/colcon_distutils_commands:/workspaces/roboracer-purdue/roboracer_ws/install/f1tenth_gym_ros/lib/python3.10/site-packages:${PYTHONPATH} /usr/bin/python3 -W ignore:setup.py install is deprecated -W ignore:easy_install command is deprecated setup.py egg_info --egg-base ../../build/f1tenth_gym_ros build --build-base /workspaces/roboracer-purdue/roboracer_ws/build/f1tenth_gym_ros/build install --record /workspaces/roboracer-purdue/roboracer_ws/build/f1tenth_gym_ros/install.log --install-scripts $base/lib/f1tenth_gym_ros --single-version-externally-managed install_data
