/home/patchy/.local/lib/python3.8/site-packages/setuptools/dist.py:723: UserWarning: Usage of dash-separated 'script-dir' will not be supported in future versions. Please use the underscore name 'script_dir' instead
  warnings.warn(
running egg_info
creating ../../build/waypoint_logger/waypoint_logger.egg-info
writing manifest file '../../build/waypoint_logger/waypoint_logger.egg-info/SOURCES.txt'
writing manifest file '../../build/waypoint_logger/waypoint_logger.egg-info/SOURCES.txt'
running build
running build_py
creating /home/patchy/arc_ws/ARC-PI-ROSCODE/build/waypoint_logger/build
creating /home/patchy/arc_ws/ARC-PI-ROSCODE/build/waypoint_logger/build/lib
creating /home/patchy/arc_ws/ARC-PI-ROSCODE/build/waypoint_logger/build/lib/waypoint_logger
copying waypoint_logger/waypoint_logger.py -> /home/patchy/arc_ws/ARC-PI-ROSCODE/build/waypoint_logger/build/lib/waypoint_logger
copying waypoint_logger/__init__.py -> /home/patchy/arc_ws/ARC-PI-ROSCODE/build/waypoint_logger/build/lib/waypoint_logger
running install
running install_lib
creating /home/patchy/arc_ws/ARC-PI-ROSCODE/install/waypoint_logger/lib/python3.8/site-packages/waypoint_logger
byte-compiling /home/patchy/arc_ws/ARC-PI-ROSCODE/install/waypoint_logger/lib/python3.8/site-packages/waypoint_logger/waypoint_logger.py to waypoint_logger.cpython-38.pyc
byte-compiling /home/patchy/arc_ws/ARC-PI-ROSCODE/install/waypoint_logger/lib/python3.8/site-packages/waypoint_logger/__init__.py to __init__.cpython-38.pyc
running install_data
creating /home/patchy/arc_ws/ARC-PI-ROSCODE/install/waypoint_logger/share/ament_index
creating /home/patchy/arc_ws/ARC-PI-ROSCODE/install/waypoint_logger/share/ament_index/resource_index
creating /home/patchy/arc_ws/ARC-PI-ROSCODE/install/waypoint_logger/share/ament_index/resource_index/packages
copying resource/waypoint_logger -> /home/patchy/arc_ws/ARC-PI-ROSCODE/install/waypoint_logger/share/ament_index/resource_index/packages
copying package.xml -> /home/patchy/arc_ws/ARC-PI-ROSCODE/install/waypoint_logger/share/waypoint_logger
creating /home/patchy/arc_ws/ARC-PI-ROSCODE/install/waypoint_logger/share/waypoint_logger/launch
copying launch/launch_waypoint_logger.py -> /home/patchy/arc_ws/ARC-PI-ROSCODE/install/waypoint_logger/share/waypoint_logger/launch
running install_egg_info
Copying ../../build/waypoint_logger/waypoint_logger.egg-info to /home/patchy/arc_ws/ARC-PI-ROSCODE/install/waypoint_logger/lib/python3.8/site-packages/waypoint_logger-0.0.0-py3.8.egg-info
running install_scripts
writing list of installed files to '/home/patchy/arc_ws/ARC-PI-ROSCODE/build/waypoint_logger/install.log'
