[2.158s] Invoking command in '/home/patchy/arc_ws/ARC-PI-ROSCODE/lab5_ws/waypoint_logger': PYTHONPATH=/home/patchy/arc_ws/ARC-PI-ROSCODE/build/waypoint_logger/prefix_override:/usr/lib/python3/dist-packages/colcon_core/task/python/colcon_distutils_commands:/home/patchy/arc_ws/ARC-PI-ROSCODE/install/waypoint_logger/lib/python3.8/site-packages: /usr/bin/python3 -W ignore:setup.py install is deprecated -W ignore:easy_install command is deprecated setup.py egg_info --egg-base ../../build/waypoint_logger build --build-base /home/patchy/arc_ws/ARC-PI-ROSCODE/build/waypoint_logger/build install --record /home/patchy/arc_ws/ARC-PI-ROSCODE/build/waypoint_logger/install.log --install-scripts $base/lib/waypoint_logger --single-version-externally-managed install_data
[2.385s] /home/patchy/.local/lib/python3.8/site-packages/setuptools/dist.py:723: UserWarning: Usage of dash-separated 'script-dir' will not be supported in future versions. Please use the underscore name 'script_dir' instead
[2.385s]   warnings.warn(
[2.411s] running egg_info
[2.411s] creating ../../build/waypoint_logger/waypoint_logger.egg-info
[2.418s] writing manifest file '../../build/waypoint_logger/waypoint_logger.egg-info/SOURCES.txt'
[2.422s] writing manifest file '../../build/waypoint_logger/waypoint_logger.egg-info/SOURCES.txt'
[2.422s] running build
[2.422s] running build_py
[2.422s] creating /home/patchy/arc_ws/ARC-PI-ROSCODE/build/waypoint_logger/build
[2.423s] creating /home/patchy/arc_ws/ARC-PI-ROSCODE/build/waypoint_logger/build/lib
[2.423s] creating /home/patchy/arc_ws/ARC-PI-ROSCODE/build/waypoint_logger/build/lib/waypoint_logger
[2.424s] copying waypoint_logger/waypoint_logger.py -> /home/patchy/arc_ws/ARC-PI-ROSCODE/build/waypoint_logger/build/lib/waypoint_logger
[2.426s] copying waypoint_logger/__init__.py -> /home/patchy/arc_ws/ARC-PI-ROSCODE/build/waypoint_logger/build/lib/waypoint_logger
[2.426s] running install
[2.429s] running install_lib
[2.431s] creating /home/patchy/arc_ws/ARC-PI-ROSCODE/install/waypoint_logger/lib/python3.8/site-packages/waypoint_logger
[2.431s] byte-compiling /home/patchy/arc_ws/ARC-PI-ROSCODE/install/waypoint_logger/lib/python3.8/site-packages/waypoint_logger/waypoint_logger.py to waypoint_logger.cpython-38.pyc
[2.432s] byte-compiling /home/patchy/arc_ws/ARC-PI-ROSCODE/install/waypoint_logger/lib/python3.8/site-packages/waypoint_logger/__init__.py to __init__.cpython-38.pyc
[2.432s] running install_data
[2.433s] creating /home/patchy/arc_ws/ARC-PI-ROSCODE/install/waypoint_logger/share/ament_index
[2.433s] creating /home/patchy/arc_ws/ARC-PI-ROSCODE/install/waypoint_logger/share/ament_index/resource_index
[2.433s] creating /home/patchy/arc_ws/ARC-PI-ROSCODE/install/waypoint_logger/share/ament_index/resource_index/packages
[2.434s] copying resource/waypoint_logger -> /home/patchy/arc_ws/ARC-PI-ROSCODE/install/waypoint_logger/share/ament_index/resource_index/packages
[2.434s] copying package.xml -> /home/patchy/arc_ws/ARC-PI-ROSCODE/install/waypoint_logger/share/waypoint_logger
[2.435s] creating /home/patchy/arc_ws/ARC-PI-ROSCODE/install/waypoint_logger/share/waypoint_logger/launch
[2.436s] copying launch/launch_waypoint_logger.py -> /home/patchy/arc_ws/ARC-PI-ROSCODE/install/waypoint_logger/share/waypoint_logger/launch
[2.437s] running install_egg_info
[2.438s] Copying ../../build/waypoint_logger/waypoint_logger.egg-info to /home/patchy/arc_ws/ARC-PI-ROSCODE/install/waypoint_logger/lib/python3.8/site-packages/waypoint_logger-0.0.0-py3.8.egg-info
[2.440s] running install_scripts
[2.469s] writing list of installed files to '/home/patchy/arc_ws/ARC-PI-ROSCODE/build/waypoint_logger/install.log'
[2.510s] Invoked command in '/home/patchy/arc_ws/ARC-PI-ROSCODE/lab5_ws/waypoint_logger' returned '0': PYTHONPATH=/home/patchy/arc_ws/ARC-PI-ROSCODE/build/waypoint_logger/prefix_override:/usr/lib/python3/dist-packages/colcon_core/task/python/colcon_distutils_commands:/home/patchy/arc_ws/ARC-PI-ROSCODE/install/waypoint_logger/lib/python3.8/site-packages: /usr/bin/python3 -W ignore:setup.py install is deprecated -W ignore:easy_install command is deprecated setup.py egg_info --egg-base ../../build/waypoint_logger build --build-base /home/patchy/arc_ws/ARC-PI-ROSCODE/build/waypoint_logger/build install --record /home/patchy/arc_ws/ARC-PI-ROSCODE/build/waypoint_logger/install.log --install-scripts $base/lib/waypoint_logger --single-version-externally-managed install_data
