running egg_info
creating ../../build/race_day_controller/race_day_controller.egg-info
writing manifest file '../../build/race_day_controller/race_day_controller.egg-info/SOURCES.txt'
writing manifest file '../../build/race_day_controller/race_day_controller.egg-info/SOURCES.txt'
running build
running build_py
creating /home/patchy/arc_ws/ARC-PI-ROSCODE/IV2026/build/race_day_controller/build
creating /home/patchy/arc_ws/ARC-PI-ROSCODE/IV2026/build/race_day_controller/build/lib
creating /home/patchy/arc_ws/ARC-PI-ROSCODE/IV2026/build/race_day_controller/build/lib/race_day_controller
copying race_day_controller/__init__.py -> /home/patchy/arc_ws/ARC-PI-ROSCODE/IV2026/build/race_day_controller/build/lib/race_day_controller
copying race_day_controller/f1tenth_race_day.py -> /home/patchy/arc_ws/ARC-PI-ROSCODE/IV2026/build/race_day_controller/build/lib/race_day_controller
running install
running install_lib
creating /home/patchy/arc_ws/ARC-PI-ROSCODE/IV2026/install/race_day_controller/lib/python3.8/site-packages/race_day_controller
byte-compiling /home/patchy/arc_ws/ARC-PI-ROSCODE/IV2026/install/race_day_controller/lib/python3.8/site-packages/race_day_controller/__init__.py to __init__.cpython-38.pyc
byte-compiling /home/patchy/arc_ws/ARC-PI-ROSCODE/IV2026/install/race_day_controller/lib/python3.8/site-packages/race_day_controller/f1tenth_race_day.py to f1tenth_race_day.cpython-38.pyc
running install_data
creating /home/patchy/arc_ws/ARC-PI-ROSCODE/IV2026/install/race_day_controller/share/ament_index
creating /home/patchy/arc_ws/ARC-PI-ROSCODE/IV2026/install/race_day_controller/share/ament_index/resource_index
creating /home/patchy/arc_ws/ARC-PI-ROSCODE/IV2026/install/race_day_controller/share/ament_index/resource_index/packages
copying resource/race_day_controller -> /home/patchy/arc_ws/ARC-PI-ROSCODE/IV2026/install/race_day_controller/share/ament_index/resource_index/packages
copying package.xml -> /home/patchy/arc_ws/ARC-PI-ROSCODE/IV2026/install/race_day_controller/share/race_day_controller
running install_egg_info
Copying ../../build/race_day_controller/race_day_controller.egg-info to /home/patchy/arc_ws/ARC-PI-ROSCODE/IV2026/install/race_day_controller/lib/python3.8/site-packages/race_day_controller-0.0.0-py3.8.egg-info
running install_scripts
writing list of installed files to '/home/patchy/arc_ws/ARC-PI-ROSCODE/IV2026/build/race_day_controller/install.log'
