[0.456s] DEBUG:colcon:Command line arguments: ['/usr/bin/colcon', 'build']
[0.456s] DEBUG:colcon:Parsed command line arguments: Namespace(allow_overriding=[], ament_cmake_args=None, base_paths=['.'], build_base='build', catkin_cmake_args=None, catkin_skip_building_tests=False, cmake_args=None, cmake_clean_cache=False, cmake_clean_first=False, cmake_force_configure=False, cmake_target=None, cmake_target_skip_unavailable=False, continue_on_error=False, event_handlers=None, executor='parallel', ignore_user_meta=False, install_base='install', log_base=None, log_level=None, main=<bound method BuildVerb.main of <colcon_core.verb.build.BuildVerb object at 0x7c8d3863b7f0>>, merge_install=False, metas=['./colcon.meta'], mixin=None, mixin_files=None, mixin_verb=('build',), packages_above=None, packages_above_and_dependencies=None, packages_above_depth=None, packages_end=None, packages_ignore=None, packages_ignore_regex=None, packages_select=None, packages_select_build_failed=False, packages_select_by_dep=None, packages_select_regex=None, packages_select_test_failures=False, packages_skip=None, packages_skip_build_finished=False, packages_skip_by_dep=None, packages_skip_regex=None, packages_skip_test_passed=False, packages_skip_up_to=None, packages_start=None, packages_up_to=None, packages_up_to_regex=None, parallel_workers=22, paths=None, symlink_install=False, test_result_base=None, verb_extension=<colcon_core.verb.build.BuildVerb object at 0x7c8d3863b7f0>, verb_name='build', verb_parser=<colcon_mixin.mixin.mixin_argument.MixinArgumentDecorator object at 0x7c8d38592dc0>)
[0.706s] Level 1:colcon.colcon_core.package_discovery:discover_packages(colcon_meta) check parameters
[0.706s] Level 1:colcon.colcon_core.package_discovery:discover_packages(recursive) check parameters
[0.706s] Level 1:colcon.colcon_core.package_discovery:discover_packages(ignore) check parameters
[0.706s] Level 1:colcon.colcon_core.package_discovery:discover_packages(path) check parameters
[0.706s] Level 1:colcon.colcon_core.package_discovery:discover_packages(colcon_meta) discover
[0.706s] Level 1:colcon.colcon_core.package_discovery:discover_packages(recursive) discover
[0.707s] INFO:colcon.colcon_core.package_discovery:Crawling recursively for packages in '/home/patchy/arc_ws/ARC-PI-ROSCODE/lab3_ws'
[0.707s] Level 1:colcon.colcon_core.package_identification:_identify(.) by extensions ['ignore', 'ignore_ament_install']
[0.707s] Level 1:colcon.colcon_core.package_identification:_identify(.) by extension 'ignore'
[0.707s] Level 1:colcon.colcon_core.package_identification:_identify(.) by extension 'ignore_ament_install'
[0.707s] Level 1:colcon.colcon_core.package_identification:_identify(.) by extensions ['colcon_pkg']
[0.707s] Level 1:colcon.colcon_core.package_identification:_identify(.) by extension 'colcon_pkg'
[0.707s] Level 1:colcon.colcon_core.package_identification:_identify(.) by extensions ['colcon_meta']
[0.707s] Level 1:colcon.colcon_core.package_identification:_identify(.) by extension 'colcon_meta'
[0.707s] Level 1:colcon.colcon_core.package_identification:_identify(.) by extensions ['ros']
[0.707s] Level 1:colcon.colcon_core.package_identification:_identify(.) by extension 'ros'
[0.733s] Level 1:colcon.colcon_core.package_identification:_identify(.) by extensions ['cmake', 'python']
[0.734s] Level 1:colcon.colcon_core.package_identification:_identify(.) by extension 'cmake'
[0.734s] Level 1:colcon.colcon_core.package_identification:_identify(.) by extension 'python'
[0.734s] Level 1:colcon.colcon_core.package_identification:_identify(.) by extensions ['python_setup_py']
[0.734s] Level 1:colcon.colcon_core.package_identification:_identify(.) by extension 'python_setup_py'
[0.734s] Level 1:colcon.colcon_core.package_identification:_identify(build) by extensions ['ignore', 'ignore_ament_install']
[0.734s] Level 1:colcon.colcon_core.package_identification:_identify(build) by extension 'ignore'
[0.734s] Level 1:colcon.colcon_core.package_identification:_identify(build) ignored
[0.734s] Level 1:colcon.colcon_core.package_identification:_identify(install) by extensions ['ignore', 'ignore_ament_install']
[0.734s] Level 1:colcon.colcon_core.package_identification:_identify(install) by extension 'ignore'
[0.735s] Level 1:colcon.colcon_core.package_identification:_identify(install) ignored
[0.735s] Level 1:colcon.colcon_core.package_identification:_identify(lab3_pkg) by extensions ['ignore', 'ignore_ament_install']
[0.735s] Level 1:colcon.colcon_core.package_identification:_identify(lab3_pkg) by extension 'ignore'
[0.735s] Level 1:colcon.colcon_core.package_identification:_identify(lab3_pkg) by extension 'ignore_ament_install'
[0.735s] Level 1:colcon.colcon_core.package_identification:_identify(lab3_pkg) by extensions ['colcon_pkg']
[0.735s] Level 1:colcon.colcon_core.package_identification:_identify(lab3_pkg) by extension 'colcon_pkg'
[0.735s] Level 1:colcon.colcon_core.package_identification:_identify(lab3_pkg) by extensions ['colcon_meta']
[0.735s] Level 1:colcon.colcon_core.package_identification:_identify(lab3_pkg) by extension 'colcon_meta'
[0.735s] Level 1:colcon.colcon_core.package_identification:_identify(lab3_pkg) by extensions ['ros']
[0.735s] Level 1:colcon.colcon_core.package_identification:_identify(lab3_pkg) by extension 'ros'
[0.738s] DEBUG:colcon.colcon_core.package_identification:Package 'lab3_pkg' with type 'ros.ament_python' and name 'lab3_pkg'
[0.738s] Level 1:colcon.colcon_core.package_identification:_identify(log) by extensions ['ignore', 'ignore_ament_install']
[0.738s] Level 1:colcon.colcon_core.package_identification:_identify(log) by extension 'ignore'
[0.738s] Level 1:colcon.colcon_core.package_identification:_identify(log) ignored
[0.738s] Level 1:colcon.colcon_core.package_discovery:discover_packages(recursive) using defaults
[0.738s] Level 1:colcon.colcon_core.package_discovery:discover_packages(ignore) discover
[0.738s] Level 1:colcon.colcon_core.package_discovery:discover_packages(ignore) using defaults
[0.738s] Level 1:colcon.colcon_core.package_discovery:discover_packages(path) discover
[0.738s] Level 1:colcon.colcon_core.package_discovery:discover_packages(path) using defaults
[0.763s] Level 1:colcon.colcon_core.package_discovery:discover_packages(prefix_path) check parameters
[0.763s] Level 1:colcon.colcon_core.package_discovery:discover_packages(prefix_path) discover
[0.765s] DEBUG:colcon.colcon_installed_package_information.package_discovery:Found 1 installed packages in /home/patchy/arc_ws/ARC-PI-ROSCODE/lab3_ws/install
[0.766s] DEBUG:colcon.colcon_installed_package_information.package_discovery:Found 224 installed packages in /opt/ros/foxy
[0.767s] Level 1:colcon.colcon_core.package_discovery:discover_packages(prefix_path) using defaults
[0.801s] Level 5:colcon.colcon_core.verb:set package 'lab3_pkg' build argument 'cmake_args' from command line to 'None'
[0.801s] Level 5:colcon.colcon_core.verb:set package 'lab3_pkg' build argument 'cmake_target' from command line to 'None'
[0.801s] Level 5:colcon.colcon_core.verb:set package 'lab3_pkg' build argument 'cmake_target_skip_unavailable' from command line to 'False'
[0.801s] Level 5:colcon.colcon_core.verb:set package 'lab3_pkg' build argument 'cmake_clean_cache' from command line to 'False'
[0.801s] Level 5:colcon.colcon_core.verb:set package 'lab3_pkg' build argument 'cmake_clean_first' from command line to 'False'
[0.801s] Level 5:colcon.colcon_core.verb:set package 'lab3_pkg' build argument 'cmake_force_configure' from command line to 'False'
[0.801s] Level 5:colcon.colcon_core.verb:set package 'lab3_pkg' build argument 'ament_cmake_args' from command line to 'None'
[0.801s] Level 5:colcon.colcon_core.verb:set package 'lab3_pkg' build argument 'catkin_cmake_args' from command line to 'None'
[0.801s] Level 5:colcon.colcon_core.verb:set package 'lab3_pkg' build argument 'catkin_skip_building_tests' from command line to 'False'
[0.801s] DEBUG:colcon.colcon_core.verb:Building package 'lab3_pkg' with the following arguments: {'ament_cmake_args': None, 'build_base': '/home/patchy/arc_ws/ARC-PI-ROSCODE/lab3_ws/build/lab3_pkg', 'catkin_cmake_args': None, 'catkin_skip_building_tests': False, 'cmake_args': None, 'cmake_clean_cache': False, 'cmake_clean_first': False, 'cmake_force_configure': False, 'cmake_target': None, 'cmake_target_skip_unavailable': False, 'install_base': '/home/patchy/arc_ws/ARC-PI-ROSCODE/lab3_ws/install/lab3_pkg', 'merge_install': False, 'path': '/home/patchy/arc_ws/ARC-PI-ROSCODE/lab3_ws/lab3_pkg', 'symlink_install': False, 'test_result_base': None}
[0.801s] INFO:colcon.colcon_core.executor:Executing jobs using 'parallel' executor
[0.802s] DEBUG:colcon.colcon_parallel_executor.executor.parallel:run_until_complete
[0.803s] INFO:colcon.colcon_ros.task.ament_python.build:Building ROS package in '/home/patchy/arc_ws/ARC-PI-ROSCODE/lab3_ws/lab3_pkg' with build type 'ament_python'
[0.803s] Level 1:colcon.colcon_core.shell:create_environment_hook('lab3_pkg', 'ament_prefix_path')
[0.808s] INFO:colcon.colcon_core.plugin_system:Skipping extension 'colcon_core.shell.bat': Not used on non-Windows systems
[0.808s] INFO:colcon.colcon_core.shell:Creating environment hook '/home/patchy/arc_ws/ARC-PI-ROSCODE/lab3_ws/install/lab3_pkg/share/lab3_pkg/hook/ament_prefix_path.ps1'
[0.809s] INFO:colcon.colcon_core.shell:Creating environment descriptor '/home/patchy/arc_ws/ARC-PI-ROSCODE/lab3_ws/install/lab3_pkg/share/lab3_pkg/hook/ament_prefix_path.dsv'
[0.809s] INFO:colcon.colcon_core.shell:Creating environment hook '/home/patchy/arc_ws/ARC-PI-ROSCODE/lab3_ws/install/lab3_pkg/share/lab3_pkg/hook/ament_prefix_path.sh'
[0.810s] INFO:colcon.colcon_core.shell:Skip shell extension 'powershell' for command environment: Not usable outside of PowerShell
[0.810s] DEBUG:colcon.colcon_core.shell:Skip shell extension 'dsv' for command environment
[1.160s] INFO:colcon.colcon_core.task.python.build:Building Python package in '/home/patchy/arc_ws/ARC-PI-ROSCODE/lab3_ws/lab3_pkg'
[1.161s] INFO:colcon.colcon_core.shell:Skip shell extension 'powershell' for command environment: Not usable outside of PowerShell
[1.161s] DEBUG:colcon.colcon_core.shell:Skip shell extension 'dsv' for command environment
[1.700s] DEBUG:colcon.colcon_core.event_handler.log_command:Invoking command in '/home/patchy/arc_ws/ARC-PI-ROSCODE/lab3_ws/lab3_pkg': PYTHONPATH=/home/patchy/arc_ws/ARC-PI-ROSCODE/lab3_ws/build/lab3_pkg/prefix_override:/usr/lib/python3/dist-packages/colcon_core/task/python/colcon_distutils_commands:/home/patchy/arc_ws/ARC-PI-ROSCODE/lab3_ws/install/lab3_pkg/lib/python3.8/site-packages:${PYTHONPATH} /usr/bin/python3 -W ignore:setup.py install is deprecated -W ignore:easy_install command is deprecated setup.py egg_info --egg-base ../build/lab3_pkg build --build-base /home/patchy/arc_ws/ARC-PI-ROSCODE/lab3_ws/build/lab3_pkg/build install --record /home/patchy/arc_ws/ARC-PI-ROSCODE/lab3_ws/build/lab3_pkg/install.log --install-scripts $base/lib/lab3_pkg --single-version-externally-managed install_data
[2.076s] DEBUG:colcon.colcon_core.event_handler.log_command:Invoked command in '/home/patchy/arc_ws/ARC-PI-ROSCODE/lab3_ws/lab3_pkg' returned '0': PYTHONPATH=/home/patchy/arc_ws/ARC-PI-ROSCODE/lab3_ws/build/lab3_pkg/prefix_override:/usr/lib/python3/dist-packages/colcon_core/task/python/colcon_distutils_commands:/home/patchy/arc_ws/ARC-PI-ROSCODE/lab3_ws/install/lab3_pkg/lib/python3.8/site-packages:${PYTHONPATH} /usr/bin/python3 -W ignore:setup.py install is deprecated -W ignore:easy_install command is deprecated setup.py egg_info --egg-base ../build/lab3_pkg build --build-base /home/patchy/arc_ws/ARC-PI-ROSCODE/lab3_ws/build/lab3_pkg/build install --record /home/patchy/arc_ws/ARC-PI-ROSCODE/lab3_ws/build/lab3_pkg/install.log --install-scripts $base/lib/lab3_pkg --single-version-externally-managed install_data
[2.087s] Level 1:colcon.colcon_core.environment:checking '/home/patchy/arc_ws/ARC-PI-ROSCODE/lab3_ws/install/lab3_pkg' for CMake module files
[2.087s] Level 1:colcon.colcon_core.environment:checking '/home/patchy/arc_ws/ARC-PI-ROSCODE/lab3_ws/install/lab3_pkg' for CMake config files
[2.088s] Level 1:colcon.colcon_core.environment:checking '/home/patchy/arc_ws/ARC-PI-ROSCODE/lab3_ws/install/lab3_pkg/lib'
[2.088s] Level 1:colcon.colcon_core.environment:checking '/home/patchy/arc_ws/ARC-PI-ROSCODE/lab3_ws/install/lab3_pkg/bin'
[2.088s] Level 1:colcon.colcon_core.environment:checking '/home/patchy/arc_ws/ARC-PI-ROSCODE/lab3_ws/install/lab3_pkg/lib/pkgconfig/lab3_pkg.pc'
[2.088s] Level 1:colcon.colcon_core.environment:checking '/home/patchy/arc_ws/ARC-PI-ROSCODE/lab3_ws/install/lab3_pkg/lib/python3.8/site-packages'
[2.088s] Level 1:colcon.colcon_core.shell:create_environment_hook('lab3_pkg', 'pythonpath')
[2.089s] INFO:colcon.colcon_core.shell:Creating environment hook '/home/patchy/arc_ws/ARC-PI-ROSCODE/lab3_ws/install/lab3_pkg/share/lab3_pkg/hook/pythonpath.ps1'
[2.089s] INFO:colcon.colcon_core.shell:Creating environment descriptor '/home/patchy/arc_ws/ARC-PI-ROSCODE/lab3_ws/install/lab3_pkg/share/lab3_pkg/hook/pythonpath.dsv'
[2.089s] INFO:colcon.colcon_core.shell:Creating environment hook '/home/patchy/arc_ws/ARC-PI-ROSCODE/lab3_ws/install/lab3_pkg/share/lab3_pkg/hook/pythonpath.sh'
[2.090s] Level 1:colcon.colcon_core.environment:checking '/home/patchy/arc_ws/ARC-PI-ROSCODE/lab3_ws/install/lab3_pkg/bin'
[2.090s] Level 1:colcon.colcon_core.environment:create_environment_scripts_only(lab3_pkg)
[2.090s] INFO:colcon.colcon_core.shell:Creating package script '/home/patchy/arc_ws/ARC-PI-ROSCODE/lab3_ws/install/lab3_pkg/share/lab3_pkg/package.ps1'
[2.091s] INFO:colcon.colcon_core.shell:Creating package descriptor '/home/patchy/arc_ws/ARC-PI-ROSCODE/lab3_ws/install/lab3_pkg/share/lab3_pkg/package.dsv'
[2.092s] INFO:colcon.colcon_core.shell:Creating package script '/home/patchy/arc_ws/ARC-PI-ROSCODE/lab3_ws/install/lab3_pkg/share/lab3_pkg/package.sh'
[2.092s] INFO:colcon.colcon_core.shell:Creating package script '/home/patchy/arc_ws/ARC-PI-ROSCODE/lab3_ws/install/lab3_pkg/share/lab3_pkg/package.bash'
[2.093s] INFO:colcon.colcon_core.shell:Creating package script '/home/patchy/arc_ws/ARC-PI-ROSCODE/lab3_ws/install/lab3_pkg/share/lab3_pkg/package.zsh'
[2.093s] Level 1:colcon.colcon_core.environment:create_file_with_runtime_dependencies(/home/patchy/arc_ws/ARC-PI-ROSCODE/lab3_ws/install/lab3_pkg/share/colcon-core/packages/lab3_pkg)
[2.094s] DEBUG:colcon.colcon_parallel_executor.executor.parallel:closing loop
[2.094s] DEBUG:colcon.colcon_parallel_executor.executor.parallel:loop closed
[2.094s] DEBUG:colcon.colcon_parallel_executor.executor.parallel:run_until_complete finished with '0'
[2.094s] DEBUG:colcon.colcon_core.event_reactor:joining thread
[2.216s] INFO:colcon.colcon_core.plugin_system:Skipping extension 'colcon_notification.desktop_notification.notify_send': Could not find 'notify-send'
[2.216s] INFO:colcon.colcon_core.plugin_system:Skipping extension 'colcon_notification.desktop_notification.terminal_notifier': Not used on non-Darwin systems
[2.216s] INFO:colcon.colcon_core.plugin_system:Skipping extension 'colcon_notification.desktop_notification.win32': Not used on non-Windows systems
[2.216s] INFO:colcon.colcon_notification.desktop_notification:Sending desktop notification using 'notify2'
[2.217s] DEBUG:colcon.colcon_notification.desktop_notification.notify2:Failed to initialize notify2: org.freedesktop.DBus.Error.ServiceUnknown: The name org.freedesktop.Notifications was not provided by any .service files
[2.218s] DEBUG:colcon.colcon_core.event_reactor:joined thread
[2.218s] INFO:colcon.colcon_core.shell:Creating prefix script '/home/patchy/arc_ws/ARC-PI-ROSCODE/lab3_ws/install/local_setup.ps1'
[2.219s] INFO:colcon.colcon_core.shell:Creating prefix util module '/home/patchy/arc_ws/ARC-PI-ROSCODE/lab3_ws/install/_local_setup_util_ps1.py'
[2.220s] INFO:colcon.colcon_core.shell:Creating prefix chain script '/home/patchy/arc_ws/ARC-PI-ROSCODE/lab3_ws/install/setup.ps1'
[2.221s] INFO:colcon.colcon_core.shell:Creating prefix script '/home/patchy/arc_ws/ARC-PI-ROSCODE/lab3_ws/install/local_setup.sh'
[2.222s] INFO:colcon.colcon_core.shell:Creating prefix util module '/home/patchy/arc_ws/ARC-PI-ROSCODE/lab3_ws/install/_local_setup_util_sh.py'
[2.222s] INFO:colcon.colcon_core.shell:Creating prefix chain script '/home/patchy/arc_ws/ARC-PI-ROSCODE/lab3_ws/install/setup.sh'
[2.223s] INFO:colcon.colcon_core.shell:Creating prefix script '/home/patchy/arc_ws/ARC-PI-ROSCODE/lab3_ws/install/local_setup.bash'
[2.223s] INFO:colcon.colcon_core.shell:Creating prefix chain script '/home/patchy/arc_ws/ARC-PI-ROSCODE/lab3_ws/install/setup.bash'
[2.225s] INFO:colcon.colcon_core.shell:Creating prefix script '/home/patchy/arc_ws/ARC-PI-ROSCODE/lab3_ws/install/local_setup.zsh'
[2.225s] INFO:colcon.colcon_core.shell:Creating prefix chain script '/home/patchy/arc_ws/ARC-PI-ROSCODE/lab3_ws/install/setup.zsh'
