/home/patchy/.local/lib/python3.8/site-packages/setuptools/dist.py:723: UserWarning: Usage of dash-separated 'script-dir' will not be supported in future versions. Please use the underscore name 'script_dir' instead
  warnings.warn(
running egg_info
writing manifest file '../../build/dual_ctrl/dual_ctrl.egg-info/SOURCES.txt'
running build
running build_py
copying dual_ctrl/cute_controller.py -> /home/patchy/arc_ws/ARC-PI-ROSCODE/DualController/build/dual_ctrl/build/lib/dual_ctrl
running install
running install_lib
byte-compiling /home/patchy/arc_ws/ARC-PI-ROSCODE/DualController/install/dual_ctrl/lib/python3.8/site-packages/dual_ctrl/cute_controller.py to cute_controller.cpython-38.pyc
  File "/home/patchy/arc_ws/ARC-PI-ROSCODE/DualController/install/dual_ctrl/lib/python3.8/site-packages/dual_ctrl/cute_controller.py", line 227
    elif dist_to_front > 0.5
                           ^
SyntaxError: invalid syntax

running install_data
running install_egg_info
removing '/home/patchy/arc_ws/ARC-PI-ROSCODE/DualController/install/dual_ctrl/lib/python3.8/site-packages/dual_ctrl-0.0.0-py3.8.egg-info' (and everything under it)
Copying ../../build/dual_ctrl/dual_ctrl.egg-info to /home/patchy/arc_ws/ARC-PI-ROSCODE/DualController/install/dual_ctrl/lib/python3.8/site-packages/dual_ctrl-0.0.0-py3.8.egg-info
running install_scripts
writing list of installed files to '/home/patchy/arc_ws/ARC-PI-ROSCODE/DualController/build/dual_ctrl/install.log'
