[0.287s] DEBUG:colcon:Command line arguments: ['/usr/bin/colcon', 'build']
[0.287s] DEBUG:colcon:Parsed command line arguments: Namespace(allow_overriding=[], ament_cmake_args=None, base_paths=['.'], build_base='build', catkin_cmake_args=None, catkin_skip_building_tests=False, cmake_args=None, cmake_clean_cache=False, cmake_clean_first=False, cmake_force_configure=False, cmake_target=None, cmake_target_skip_unavailable=False, continue_on_error=False, event_handlers=None, executor='parallel', ignore_user_meta=False, install_base='install', log_base=None, log_level=None, main=<bound method BuildVerb.main of <colcon_core.verb.build.BuildVerb object at 0x7b6ebd7fc9a0>>, merge_install=False, metas=['./colcon.meta'], mixin=None, mixin_files=None, mixin_verb=('build',), packages_above=None, packages_above_and_dependencies=None, packages_above_depth=None, packages_end=None, packages_ignore=None, packages_ignore_regex=None, packages_select=None, packages_select_build_failed=False, packages_select_by_dep=None, packages_select_regex=None, packages_select_test_failures=False, packages_skip=None, packages_skip_build_finished=False, packages_skip_by_dep=None, packages_skip_regex=None, packages_skip_test_passed=False, packages_skip_up_to=None, packages_start=None, packages_up_to=None, packages_up_to_regex=None, parallel_workers=22, paths=None, symlink_install=False, test_result_base=None, verb_extension=<colcon_core.verb.build.BuildVerb object at 0x7b6ebd7fc9a0>, verb_name='build', verb_parser=<colcon_mixin.mixin.mixin_argument.MixinArgumentDecorator object at 0x7b6ebd753f70>)
[0.423s] Level 1:colcon.colcon_core.package_discovery:discover_packages(colcon_meta) check parameters
[0.424s] Level 1:colcon.colcon_core.package_discovery:discover_packages(recursive) check parameters
[0.424s] Level 1:colcon.colcon_core.package_discovery:discover_packages(ignore) check parameters
[0.424s] Level 1:colcon.colcon_core.package_discovery:discover_packages(path) check parameters
[0.424s] Level 1:colcon.colcon_core.package_discovery:discover_packages(colcon_meta) discover
[0.424s] Level 1:colcon.colcon_core.package_discovery:discover_packages(recursive) discover
[0.424s] INFO:colcon.colcon_core.package_discovery:Crawling recursively for packages in '/home/patchy/arc_ws/ARC-PI-ROSCODE/lab3_ws_john'
[0.424s] Level 1:colcon.colcon_core.package_identification:_identify(.) by extensions ['ignore', 'ignore_ament_install']
[0.424s] Level 1:colcon.colcon_core.package_identification:_identify(.) by extension 'ignore'
[0.424s] Level 1:colcon.colcon_core.package_identification:_identify(.) by extension 'ignore_ament_install'
[0.424s] Level 1:colcon.colcon_core.package_identification:_identify(.) by extensions ['colcon_pkg']
[0.424s] Level 1:colcon.colcon_core.package_identification:_identify(.) by extension 'colcon_pkg'
[0.424s] Level 1:colcon.colcon_core.package_identification:_identify(.) by extensions ['colcon_meta']
[0.424s] Level 1:colcon.colcon_core.package_identification:_identify(.) by extension 'colcon_meta'
[0.424s] Level 1:colcon.colcon_core.package_identification:_identify(.) by extensions ['ros']
[0.424s] Level 1:colcon.colcon_core.package_identification:_identify(.) by extension 'ros'
[0.439s] Level 1:colcon.colcon_core.package_identification:_identify(.) by extensions ['cmake', 'python']
[0.439s] Level 1:colcon.colcon_core.package_identification:_identify(.) by extension 'cmake'
[0.439s] Level 1:colcon.colcon_core.package_identification:_identify(.) by extension 'python'
[0.439s] Level 1:colcon.colcon_core.package_identification:_identify(.) by extensions ['python_setup_py']
[0.439s] Level 1:colcon.colcon_core.package_identification:_identify(.) by extension 'python_setup_py'
[0.439s] Level 1:colcon.colcon_core.package_identification:_identify(build) by extensions ['ignore', 'ignore_ament_install']
[0.439s] Level 1:colcon.colcon_core.package_identification:_identify(build) by extension 'ignore'
[0.439s] Level 1:colcon.colcon_core.package_identification:_identify(build) ignored
[0.439s] Level 1:colcon.colcon_core.package_identification:_identify(install) by extensions ['ignore', 'ignore_ament_install']
[0.440s] Level 1:colcon.colcon_core.package_identification:_identify(install) by extension 'ignore'
[0.440s] Level 1:colcon.colcon_core.package_identification:_identify(install) ignored
[0.440s] Level 1:colcon.colcon_core.package_identification:_identify(log) by extensions ['ignore', 'ignore_ament_install']
[0.440s] Level 1:colcon.colcon_core.package_identification:_identify(log) by extension 'ignore'
[0.440s] Level 1:colcon.colcon_core.package_identification:_identify(log) ignored
[0.440s] Level 1:colcon.colcon_core.package_identification:_identify(src) by extensions ['ignore', 'ignore_ament_install']
[0.440s] Level 1:colcon.colcon_core.package_identification:_identify(src) by extension 'ignore'
[0.440s] Level 1:colcon.colcon_core.package_identification:_identify(src) by extension 'ignore_ament_install'
[0.440s] Level 1:colcon.colcon_core.package_identification:_identify(src) by extensions ['colcon_pkg']
[0.440s] Level 1:colcon.colcon_core.package_identification:_identify(src) by extension 'colcon_pkg'
[0.440s] Level 1:colcon.colcon_core.package_identification:_identify(src) by extensions ['colcon_meta']
[0.440s] Level 1:colcon.colcon_core.package_identification:_identify(src) by extension 'colcon_meta'
[0.440s] Level 1:colcon.colcon_core.package_identification:_identify(src) by extensions ['ros']
[0.440s] Level 1:colcon.colcon_core.package_identification:_identify(src) by extension 'ros'
[0.440s] Level 1:colcon.colcon_core.package_identification:_identify(src) by extensions ['cmake', 'python']
[0.440s] Level 1:colcon.colcon_core.package_identification:_identify(src) by extension 'cmake'
[0.440s] Level 1:colcon.colcon_core.package_identification:_identify(src) by extension 'python'
[0.440s] Level 1:colcon.colcon_core.package_identification:_identify(src) by extensions ['python_setup_py']
[0.440s] Level 1:colcon.colcon_core.package_identification:_identify(src) by extension 'python_setup_py'
[0.440s] Level 1:colcon.colcon_core.package_identification:_identify(src/wall_follow_2) by extensions ['ignore', 'ignore_ament_install']
[0.440s] Level 1:colcon.colcon_core.package_identification:_identify(src/wall_follow_2) by extension 'ignore'
[0.440s] Level 1:colcon.colcon_core.package_identification:_identify(src/wall_follow_2) by extension 'ignore_ament_install'
[0.440s] Level 1:colcon.colcon_core.package_identification:_identify(src/wall_follow_2) by extensions ['colcon_pkg']
[0.440s] Level 1:colcon.colcon_core.package_identification:_identify(src/wall_follow_2) by extension 'colcon_pkg'
[0.440s] Level 1:colcon.colcon_core.package_identification:_identify(src/wall_follow_2) by extensions ['colcon_meta']
[0.440s] Level 1:colcon.colcon_core.package_identification:_identify(src/wall_follow_2) by extension 'colcon_meta'
[0.440s] Level 1:colcon.colcon_core.package_identification:_identify(src/wall_follow_2) by extensions ['ros']
[0.440s] Level 1:colcon.colcon_core.package_identification:_identify(src/wall_follow_2) by extension 'ros'
[0.442s] DEBUG:colcon.colcon_core.package_identification:Package 'src/wall_follow_2' with type 'ros.ament_python' and name 'wall_follow_2'
[0.442s] Level 1:colcon.colcon_core.package_discovery:discover_packages(recursive) using defaults
[0.442s] Level 1:colcon.colcon_core.package_discovery:discover_packages(ignore) discover
[0.442s] Level 1:colcon.colcon_core.package_discovery:discover_packages(ignore) using defaults
[0.442s] Level 1:colcon.colcon_core.package_discovery:discover_packages(path) discover
[0.442s] Level 1:colcon.colcon_core.package_discovery:discover_packages(path) using defaults
[0.461s] Level 1:colcon.colcon_core.package_discovery:discover_packages(prefix_path) check parameters
[0.461s] Level 1:colcon.colcon_core.package_discovery:discover_packages(prefix_path) discover
[0.462s] DEBUG:colcon.colcon_installed_package_information.package_discovery:Found 1 installed packages in /home/patchy/arc_ws/ARC-PI-ROSCODE/lab3_ws_john/install
[0.462s] DEBUG:colcon.colcon_installed_package_information.package_discovery:Found 224 installed packages in /opt/ros/foxy
[0.463s] Level 1:colcon.colcon_core.package_discovery:discover_packages(prefix_path) using defaults
[0.488s] Level 5:colcon.colcon_core.verb:set package 'wall_follow_2' build argument 'cmake_args' from command line to 'None'
[0.488s] Level 5:colcon.colcon_core.verb:set package 'wall_follow_2' build argument 'cmake_target' from command line to 'None'
[0.488s] Level 5:colcon.colcon_core.verb:set package 'wall_follow_2' build argument 'cmake_target_skip_unavailable' from command line to 'False'
[0.488s] Level 5:colcon.colcon_core.verb:set package 'wall_follow_2' build argument 'cmake_clean_cache' from command line to 'False'
[0.488s] Level 5:colcon.colcon_core.verb:set package 'wall_follow_2' build argument 'cmake_clean_first' from command line to 'False'
[0.488s] Level 5:colcon.colcon_core.verb:set package 'wall_follow_2' build argument 'cmake_force_configure' from command line to 'False'
[0.488s] Level 5:colcon.colcon_core.verb:set package 'wall_follow_2' build argument 'ament_cmake_args' from command line to 'None'
[0.488s] Level 5:colcon.colcon_core.verb:set package 'wall_follow_2' build argument 'catkin_cmake_args' from command line to 'None'
[0.488s] Level 5:colcon.colcon_core.verb:set package 'wall_follow_2' build argument 'catkin_skip_building_tests' from command line to 'False'
[0.488s] DEBUG:colcon.colcon_core.verb:Building package 'wall_follow_2' with the following arguments: {'ament_cmake_args': None, 'build_base': '/home/patchy/arc_ws/ARC-PI-ROSCODE/lab3_ws_john/build/wall_follow_2', 'catkin_cmake_args': None, 'catkin_skip_building_tests': False, 'cmake_args': None, 'cmake_clean_cache': False, 'cmake_clean_first': False, 'cmake_force_configure': False, 'cmake_target': None, 'cmake_target_skip_unavailable': False, 'install_base': '/home/patchy/arc_ws/ARC-PI-ROSCODE/lab3_ws_john/install/wall_follow_2', 'merge_install': False, 'path': '/home/patchy/arc_ws/ARC-PI-ROSCODE/lab3_ws_john/src/wall_follow_2', 'symlink_install': False, 'test_result_base': None}
[0.488s] INFO:colcon.colcon_core.executor:Executing jobs using 'parallel' executor
[0.490s] DEBUG:colcon.colcon_parallel_executor.executor.parallel:run_until_complete
[0.490s] INFO:colcon.colcon_ros.task.ament_python.build:Building ROS package in '/home/patchy/arc_ws/ARC-PI-ROSCODE/lab3_ws_john/src/wall_follow_2' with build type 'ament_python'
[0.490s] Level 1:colcon.colcon_core.shell:create_environment_hook('wall_follow_2', 'ament_prefix_path')
[0.495s] INFO:colcon.colcon_core.plugin_system:Skipping extension 'colcon_core.shell.bat': Not used on non-Windows systems
[0.495s] INFO:colcon.colcon_core.shell:Creating environment hook '/home/patchy/arc_ws/ARC-PI-ROSCODE/lab3_ws_john/install/wall_follow_2/share/wall_follow_2/hook/ament_prefix_path.ps1'
[0.495s] INFO:colcon.colcon_core.shell:Creating environment descriptor '/home/patchy/arc_ws/ARC-PI-ROSCODE/lab3_ws_john/install/wall_follow_2/share/wall_follow_2/hook/ament_prefix_path.dsv'
[0.495s] INFO:colcon.colcon_core.shell:Creating environment hook '/home/patchy/arc_ws/ARC-PI-ROSCODE/lab3_ws_john/install/wall_follow_2/share/wall_follow_2/hook/ament_prefix_path.sh'
[0.496s] INFO:colcon.colcon_core.shell:Skip shell extension 'powershell' for command environment: Not usable outside of PowerShell
[0.496s] DEBUG:colcon.colcon_core.shell:Skip shell extension 'dsv' for command environment
[0.707s] INFO:colcon.colcon_core.task.python.build:Building Python package in '/home/patchy/arc_ws/ARC-PI-ROSCODE/lab3_ws_john/src/wall_follow_2'
[0.708s] INFO:colcon.colcon_core.shell:Skip shell extension 'powershell' for command environment: Not usable outside of PowerShell
[0.709s] DEBUG:colcon.colcon_core.shell:Skip shell extension 'dsv' for command environment
[1.045s] DEBUG:colcon.colcon_core.event_handler.log_command:Invoking command in '/home/patchy/arc_ws/ARC-PI-ROSCODE/lab3_ws_john/src/wall_follow_2': CONDA_PROMPT_MODIFIER=(base) PYTHONPATH=/home/patchy/arc_ws/ARC-PI-ROSCODE/lab3_ws_john/build/wall_follow_2/prefix_override:/usr/lib/python3/dist-packages/colcon_core/task/python/colcon_distutils_commands:/home/patchy/arc_ws/ARC-PI-ROSCODE/lab3_ws_john/install/wall_follow_2/lib/python3.8/site-packages:${PYTHONPATH} /usr/bin/python3 -W ignore:setup.py install is deprecated -W ignore:easy_install command is deprecated setup.py egg_info --egg-base ../../build/wall_follow_2 build --build-base /home/patchy/arc_ws/ARC-PI-ROSCODE/lab3_ws_john/build/wall_follow_2/build install --record /home/patchy/arc_ws/ARC-PI-ROSCODE/lab3_ws_john/build/wall_follow_2/install.log --install-scripts $base/lib/wall_follow_2 --single-version-externally-managed install_data
[1.282s] DEBUG:colcon.colcon_core.event_handler.log_command:Invoked command in '/home/patchy/arc_ws/ARC-PI-ROSCODE/lab3_ws_john/src/wall_follow_2' returned '0': CONDA_PROMPT_MODIFIER=(base) PYTHONPATH=/home/patchy/arc_ws/ARC-PI-ROSCODE/lab3_ws_john/build/wall_follow_2/prefix_override:/usr/lib/python3/dist-packages/colcon_core/task/python/colcon_distutils_commands:/home/patchy/arc_ws/ARC-PI-ROSCODE/lab3_ws_john/install/wall_follow_2/lib/python3.8/site-packages:${PYTHONPATH} /usr/bin/python3 -W ignore:setup.py install is deprecated -W ignore:easy_install command is deprecated setup.py egg_info --egg-base ../../build/wall_follow_2 build --build-base /home/patchy/arc_ws/ARC-PI-ROSCODE/lab3_ws_john/build/wall_follow_2/build install --record /home/patchy/arc_ws/ARC-PI-ROSCODE/lab3_ws_john/build/wall_follow_2/install.log --install-scripts $base/lib/wall_follow_2 --single-version-externally-managed install_data
[1.290s] Level 1:colcon.colcon_core.environment:checking '/home/patchy/arc_ws/ARC-PI-ROSCODE/lab3_ws_john/install/wall_follow_2' for CMake module files
[1.290s] Level 1:colcon.colcon_core.environment:checking '/home/patchy/arc_ws/ARC-PI-ROSCODE/lab3_ws_john/install/wall_follow_2' for CMake config files
[1.291s] Level 1:colcon.colcon_core.environment:checking '/home/patchy/arc_ws/ARC-PI-ROSCODE/lab3_ws_john/install/wall_follow_2/lib'
[1.291s] Level 1:colcon.colcon_core.environment:checking '/home/patchy/arc_ws/ARC-PI-ROSCODE/lab3_ws_john/install/wall_follow_2/bin'
[1.291s] Level 1:colcon.colcon_core.environment:checking '/home/patchy/arc_ws/ARC-PI-ROSCODE/lab3_ws_john/install/wall_follow_2/lib/pkgconfig/wall_follow_2.pc'
[1.291s] Level 1:colcon.colcon_core.environment:checking '/home/patchy/arc_ws/ARC-PI-ROSCODE/lab3_ws_john/install/wall_follow_2/lib/python3.8/site-packages'
[1.291s] Level 1:colcon.colcon_core.shell:create_environment_hook('wall_follow_2', 'pythonpath')
[1.292s] INFO:colcon.colcon_core.shell:Creating environment hook '/home/patchy/arc_ws/ARC-PI-ROSCODE/lab3_ws_john/install/wall_follow_2/share/wall_follow_2/hook/pythonpath.ps1'
[1.292s] INFO:colcon.colcon_core.shell:Creating environment descriptor '/home/patchy/arc_ws/ARC-PI-ROSCODE/lab3_ws_john/install/wall_follow_2/share/wall_follow_2/hook/pythonpath.dsv'
[1.293s] INFO:colcon.colcon_core.shell:Creating environment hook '/home/patchy/arc_ws/ARC-PI-ROSCODE/lab3_ws_john/install/wall_follow_2/share/wall_follow_2/hook/pythonpath.sh'
[1.293s] Level 1:colcon.colcon_core.environment:checking '/home/patchy/arc_ws/ARC-PI-ROSCODE/lab3_ws_john/install/wall_follow_2/bin'
[1.293s] Level 1:colcon.colcon_core.environment:create_environment_scripts_only(wall_follow_2)
[1.293s] INFO:colcon.colcon_core.shell:Creating package script '/home/patchy/arc_ws/ARC-PI-ROSCODE/lab3_ws_john/install/wall_follow_2/share/wall_follow_2/package.ps1'
[1.294s] INFO:colcon.colcon_core.shell:Creating package descriptor '/home/patchy/arc_ws/ARC-PI-ROSCODE/lab3_ws_john/install/wall_follow_2/share/wall_follow_2/package.dsv'
[1.294s] INFO:colcon.colcon_core.shell:Creating package script '/home/patchy/arc_ws/ARC-PI-ROSCODE/lab3_ws_john/install/wall_follow_2/share/wall_follow_2/package.sh'
[1.295s] INFO:colcon.colcon_core.shell:Creating package script '/home/patchy/arc_ws/ARC-PI-ROSCODE/lab3_ws_john/install/wall_follow_2/share/wall_follow_2/package.bash'
[1.295s] INFO:colcon.colcon_core.shell:Creating package script '/home/patchy/arc_ws/ARC-PI-ROSCODE/lab3_ws_john/install/wall_follow_2/share/wall_follow_2/package.zsh'
[1.295s] Level 1:colcon.colcon_core.environment:create_file_with_runtime_dependencies(/home/patchy/arc_ws/ARC-PI-ROSCODE/lab3_ws_john/install/wall_follow_2/share/colcon-core/packages/wall_follow_2)
[1.296s] DEBUG:colcon.colcon_parallel_executor.executor.parallel:closing loop
[1.296s] DEBUG:colcon.colcon_parallel_executor.executor.parallel:loop closed
[1.296s] DEBUG:colcon.colcon_parallel_executor.executor.parallel:run_until_complete finished with '0'
[1.296s] DEBUG:colcon.colcon_core.event_reactor:joining thread
[1.366s] INFO:colcon.colcon_core.plugin_system:Skipping extension 'colcon_notification.desktop_notification.notify_send': Could not find 'notify-send'
[1.367s] INFO:colcon.colcon_core.plugin_system:Skipping extension 'colcon_notification.desktop_notification.terminal_notifier': Not used on non-Darwin systems
[1.367s] INFO:colcon.colcon_core.plugin_system:Skipping extension 'colcon_notification.desktop_notification.win32': Not used on non-Windows systems
[1.367s] INFO:colcon.colcon_notification.desktop_notification:Sending desktop notification using 'notify2'
[1.367s] DEBUG:colcon.colcon_notification.desktop_notification.notify2:Failed to initialize notify2: org.freedesktop.DBus.Error.ServiceUnknown: The name org.freedesktop.Notifications was not provided by any .service files
[1.368s] DEBUG:colcon.colcon_core.event_reactor:joined thread
[1.368s] INFO:colcon.colcon_core.shell:Creating prefix script '/home/patchy/arc_ws/ARC-PI-ROSCODE/lab3_ws_john/install/local_setup.ps1'
[1.369s] INFO:colcon.colcon_core.shell:Creating prefix util module '/home/patchy/arc_ws/ARC-PI-ROSCODE/lab3_ws_john/install/_local_setup_util_ps1.py'
[1.369s] INFO:colcon.colcon_core.shell:Creating prefix chain script '/home/patchy/arc_ws/ARC-PI-ROSCODE/lab3_ws_john/install/setup.ps1'
[1.370s] INFO:colcon.colcon_core.shell:Creating prefix script '/home/patchy/arc_ws/ARC-PI-ROSCODE/lab3_ws_john/install/local_setup.sh'
[1.370s] INFO:colcon.colcon_core.shell:Creating prefix util module '/home/patchy/arc_ws/ARC-PI-ROSCODE/lab3_ws_john/install/_local_setup_util_sh.py'
[1.371s] INFO:colcon.colcon_core.shell:Creating prefix chain script '/home/patchy/arc_ws/ARC-PI-ROSCODE/lab3_ws_john/install/setup.sh'
[1.371s] INFO:colcon.colcon_core.shell:Creating prefix script '/home/patchy/arc_ws/ARC-PI-ROSCODE/lab3_ws_john/install/local_setup.bash'
[1.371s] INFO:colcon.colcon_core.shell:Creating prefix chain script '/home/patchy/arc_ws/ARC-PI-ROSCODE/lab3_ws_john/install/setup.bash'
[1.372s] INFO:colcon.colcon_core.shell:Creating prefix script '/home/patchy/arc_ws/ARC-PI-ROSCODE/lab3_ws_john/install/local_setup.zsh'
[1.372s] INFO:colcon.colcon_core.shell:Creating prefix chain script '/home/patchy/arc_ws/ARC-PI-ROSCODE/lab3_ws_john/install/setup.zsh'
