[0.642s] Invoking command in '/home/patchy/arc_ws/ARC-PI-ROSCODE/lab4_ws/gap_follow': PYTHONPATH=/home/patchy/arc_ws/ARC-PI-ROSCODE/lab4_ws/build/gap_follow/prefix_override:/usr/lib/python3/dist-packages/colcon_core/task/python/colcon_distutils_commands:/home/patchy/arc_ws/ARC-PI-ROSCODE/lab4_ws/install/gap_follow/lib/python3.8/site-packages:${PYTHONPATH} /usr/bin/python3 -W ignore:setup.py install is deprecated -W ignore:easy_install command is deprecated setup.py egg_info --egg-base ../build/gap_follow build --build-base /home/patchy/arc_ws/ARC-PI-ROSCODE/lab4_ws/build/gap_follow/build install --record /home/patchy/arc_ws/ARC-PI-ROSCODE/lab4_ws/build/gap_follow/install.log --install-scripts $base/lib/gap_follow --single-version-externally-managed install_data
[0.862s] /home/patchy/.local/lib/python3.8/site-packages/setuptools/dist.py:723: UserWarning: Usage of dash-separated 'script-dir' will not be supported in future versions. Please use the underscore name 'script_dir' instead
[0.862s]   warnings.warn(
[0.878s] running egg_info
[0.887s] writing manifest file '../build/gap_follow/gap_follow.egg-info/SOURCES.txt'
[0.888s] running build
[0.888s] running build_py
[0.888s] copying gap_follow/gap_follow.py -> /home/patchy/arc_ws/ARC-PI-ROSCODE/lab4_ws/build/gap_follow/build/lib/gap_follow
[0.888s] running install
[0.889s] running install_lib
[0.890s] byte-compiling /home/patchy/arc_ws/ARC-PI-ROSCODE/lab4_ws/install/gap_follow/lib/python3.8/site-packages/gap_follow/gap_follow.py to gap_follow.cpython-38.pyc
[0.891s]   File "/home/patchy/arc_ws/ARC-PI-ROSCODE/lab4_ws/install/gap_follow/lib/python3.8/site-packages/gap_follow/gap_follow.py", line 208
[0.891s]     if ranges[target_beam] < 1
[0.891s]                              ^
[0.891s] SyntaxError: invalid syntax
[0.891s] 
[0.892s] running install_data
[0.892s] running install_egg_info
[0.892s] removing '/home/patchy/arc_ws/ARC-PI-ROSCODE/lab4_ws/install/gap_follow/lib/python3.8/site-packages/gap_follow-0.0.0-py3.8.egg-info' (and everything under it)
[0.893s] Copying ../build/gap_follow/gap_follow.egg-info to /home/patchy/arc_ws/ARC-PI-ROSCODE/lab4_ws/install/gap_follow/lib/python3.8/site-packages/gap_follow-0.0.0-py3.8.egg-info
[0.893s] running install_scripts
[0.906s] writing list of installed files to '/home/patchy/arc_ws/ARC-PI-ROSCODE/lab4_ws/build/gap_follow/install.log'
[0.932s] Invoked command in '/home/patchy/arc_ws/ARC-PI-ROSCODE/lab4_ws/gap_follow' returned '0': PYTHONPATH=/home/patchy/arc_ws/ARC-PI-ROSCODE/lab4_ws/build/gap_follow/prefix_override:/usr/lib/python3/dist-packages/colcon_core/task/python/colcon_distutils_commands:/home/patchy/arc_ws/ARC-PI-ROSCODE/lab4_ws/install/gap_follow/lib/python3.8/site-packages:${PYTHONPATH} /usr/bin/python3 -W ignore:setup.py install is deprecated -W ignore:easy_install command is deprecated setup.py egg_info --egg-base ../build/gap_follow build --build-base /home/patchy/arc_ws/ARC-PI-ROSCODE/lab4_ws/build/gap_follow/build install --record /home/patchy/arc_ws/ARC-PI-ROSCODE/lab4_ws/build/gap_follow/install.log --install-scripts $base/lib/gap_follow --single-version-externally-managed install_data
