[0.714s] Invoking command in '/workspaces/roboracer-purdue/roboracer_ws/src/f1tenth_gym_ros': PYTHONPATH=/workspaces/roboracer-purdue/roboracer_ws/build/f1tenth_gym_ros/prefix_override:/usr/lib/python3/dist-packages/colcon_core/task/python/colcon_distutils_commands:/workspaces/roboracer-purdue/roboracer_ws/install/f1tenth_gym_ros/lib/python3.10/site-packages:${PYTHONPATH} /usr/bin/python3 -W ignore:setup.py install is deprecated -W ignore:easy_install command is deprecated setup.py egg_info --egg-base ../../build/f1tenth_gym_ros build --build-base /workspaces/roboracer-purdue/roboracer_ws/build/f1tenth_gym_ros/build install --record /workspaces/roboracer-purdue/roboracer_ws/build/f1tenth_gym_ros/install.log --install-scripts $base/lib/f1tenth_gym_ros --single-version-externally-managed install_data
[0.867s] running egg_info
[0.868s] creating ../../build/f1tenth_gym_ros/f1tenth_gym_ros.egg-info
[0.871s] writing ../../build/f1tenth_gym_ros/f1tenth_gym_ros.egg-info/PKG-INFO
[0.873s] writing dependency_links to ../../build/f1tenth_gym_ros/f1tenth_gym_ros.egg-info/dependency_links.txt
[0.874s] writing entry points to ../../build/f1tenth_gym_ros/f1tenth_gym_ros.egg-info/entry_points.txt
[0.874s] writing requirements to ../../build/f1tenth_gym_ros/f1tenth_gym_ros.egg-info/requires.txt
[0.875s] writing top-level names to ../../build/f1tenth_gym_ros/f1tenth_gym_ros.egg-info/top_level.txt
[0.876s] writing manifest file '../../build/f1tenth_gym_ros/f1tenth_gym_ros.egg-info/SOURCES.txt'
[0.881s] reading manifest file '../../build/f1tenth_gym_ros/f1tenth_gym_ros.egg-info/SOURCES.txt'
[0.883s] adding license file 'LICENSE'
[0.883s] writing manifest file '../../build/f1tenth_gym_ros/f1tenth_gym_ros.egg-info/SOURCES.txt'
[0.884s] running build
[0.885s] running build_py
[0.885s] creating /workspaces/roboracer-purdue/roboracer_ws/build/f1tenth_gym_ros/build
[0.885s] creating /workspaces/roboracer-purdue/roboracer_ws/build/f1tenth_gym_ros/build/lib
[0.886s] creating /workspaces/roboracer-purdue/roboracer_ws/build/f1tenth_gym_ros/build/lib/f1tenth_gym_ros
[0.886s] copying f1tenth_gym_ros/__init__.py -> /workspaces/roboracer-purdue/roboracer_ws/build/f1tenth_gym_ros/build/lib/f1tenth_gym_ros
[0.887s] copying f1tenth_gym_ros/gym_bridge.py -> /workspaces/roboracer-purdue/roboracer_ws/build/f1tenth_gym_ros/build/lib/f1tenth_gym_ros
[0.887s] running install
[0.887s] running install_lib
[0.888s] creating /workspaces/roboracer-purdue/roboracer_ws/install/f1tenth_gym_ros/lib/python3.10/site-packages/f1tenth_gym_ros
[0.888s] copying /workspaces/roboracer-purdue/roboracer_ws/build/f1tenth_gym_ros/build/lib/f1tenth_gym_ros/__init__.py -> /workspaces/roboracer-purdue/roboracer_ws/install/f1tenth_gym_ros/lib/python3.10/site-packages/f1tenth_gym_ros
[0.889s] copying /workspaces/roboracer-purdue/roboracer_ws/build/f1tenth_gym_ros/build/lib/f1tenth_gym_ros/gym_bridge.py -> /workspaces/roboracer-purdue/roboracer_ws/install/f1tenth_gym_ros/lib/python3.10/site-packages/f1tenth_gym_ros
[0.891s] byte-compiling /workspaces/roboracer-purdue/roboracer_ws/install/f1tenth_gym_ros/lib/python3.10/site-packages/f1tenth_gym_ros/__init__.py to __init__.cpython-310.pyc
[0.892s] byte-compiling /workspaces/roboracer-purdue/roboracer_ws/install/f1tenth_gym_ros/lib/python3.10/site-packages/f1tenth_gym_ros/gym_bridge.py to gym_bridge.cpython-310.pyc
[0.896s] running install_data
[0.896s] creating /workspaces/roboracer-purdue/roboracer_ws/install/f1tenth_gym_ros/share/ament_index
[0.897s] creating /workspaces/roboracer-purdue/roboracer_ws/install/f1tenth_gym_ros/share/ament_index/resource_index
[0.897s] creating /workspaces/roboracer-purdue/roboracer_ws/install/f1tenth_gym_ros/share/ament_index/resource_index/packages
[0.898s] copying resource/f1tenth_gym_ros -> /workspaces/roboracer-purdue/roboracer_ws/install/f1tenth_gym_ros/share/ament_index/resource_index/packages
[0.898s] copying package.xml -> /workspaces/roboracer-purdue/roboracer_ws/install/f1tenth_gym_ros/share/f1tenth_gym_ros
[0.899s] creating /workspaces/roboracer-purdue/roboracer_ws/install/f1tenth_gym_ros/share/f1tenth_gym_ros/launch
[0.899s] copying launch/gym_bridge_launch.py -> /workspaces/roboracer-purdue/roboracer_ws/install/f1tenth_gym_ros/share/f1tenth_gym_ros/launch
[0.901s] copying launch/opp_racecar.xacro -> /workspaces/roboracer-purdue/roboracer_ws/install/f1tenth_gym_ros/share/f1tenth_gym_ros/launch
[0.902s] copying launch/ego_racecar.xacro -> /workspaces/roboracer-purdue/roboracer_ws/install/f1tenth_gym_ros/share/f1tenth_gym_ros/launch
[0.903s] copying launch/gym_bridge.rviz -> /workspaces/roboracer-purdue/roboracer_ws/install/f1tenth_gym_ros/share/f1tenth_gym_ros/launch
[0.904s] creating /workspaces/roboracer-purdue/roboracer_ws/install/f1tenth_gym_ros/share/f1tenth_gym_ros/config
[0.904s] copying config/sim.yaml -> /workspaces/roboracer-purdue/roboracer_ws/install/f1tenth_gym_ros/share/f1tenth_gym_ros/config
[0.907s] running install_egg_info
[0.907s] Copying ../../build/f1tenth_gym_ros/f1tenth_gym_ros.egg-info to /workspaces/roboracer-purdue/roboracer_ws/install/f1tenth_gym_ros/lib/python3.10/site-packages/f1tenth_gym_ros-0.0.0-py3.10.egg-info
[0.916s] running install_scripts
[0.927s] Installing gym_bridge script to /workspaces/roboracer-purdue/roboracer_ws/install/f1tenth_gym_ros/lib/f1tenth_gym_ros
[0.938s] writing list of installed files to '/workspaces/roboracer-purdue/roboracer_ws/build/f1tenth_gym_ros/install.log'
[0.947s] Invoked command in '/workspaces/roboracer-purdue/roboracer_ws/src/f1tenth_gym_ros' returned '0': PYTHONPATH=/workspaces/roboracer-purdue/roboracer_ws/build/f1tenth_gym_ros/prefix_override:/usr/lib/python3/dist-packages/colcon_core/task/python/colcon_distutils_commands:/workspaces/roboracer-purdue/roboracer_ws/install/f1tenth_gym_ros/lib/python3.10/site-packages:${PYTHONPATH} /usr/bin/python3 -W ignore:setup.py install is deprecated -W ignore:easy_install command is deprecated setup.py egg_info --egg-base ../../build/f1tenth_gym_ros build --build-base /workspaces/roboracer-purdue/roboracer_ws/build/f1tenth_gym_ros/build install --record /workspaces/roboracer-purdue/roboracer_ws/build/f1tenth_gym_ros/install.log --install-scripts $base/lib/f1tenth_gym_ros --single-version-externally-managed install_data
