/home/patchy/.local/lib/python3.8/site-packages/setuptools/dist.py:723: UserWarning: Usage of dash-separated 'script-dir' will not be supported in future versions. Please use the underscore name 'script_dir' instead
  warnings.warn(
running egg_info
creating ../../build/dual_ctrl/dual_ctrl.egg-info
writing manifest file '../../build/dual_ctrl/dual_ctrl.egg-info/SOURCES.txt'
writing manifest file '../../build/dual_ctrl/dual_ctrl.egg-info/SOURCES.txt'
running build
running build_py
creating /home/patchy/arc_ws/ARC-PI-ROSCODE/DualController/build/dual_ctrl/build
creating /home/patchy/arc_ws/ARC-PI-ROSCODE/DualController/build/dual_ctrl/build/lib
creating /home/patchy/arc_ws/ARC-PI-ROSCODE/DualController/build/dual_ctrl/build/lib/dual_ctrl
copying dual_ctrl/__init__.py -> /home/patchy/arc_ws/ARC-PI-ROSCODE/DualController/build/dual_ctrl/build/lib/dual_ctrl
copying dual_ctrl/cute_controller.py -> /home/patchy/arc_ws/ARC-PI-ROSCODE/DualController/build/dual_ctrl/build/lib/dual_ctrl
running install
running install_lib
creating /home/patchy/arc_ws/ARC-PI-ROSCODE/DualController/install/dual_ctrl/lib/python3.8/site-packages/dual_ctrl
byte-compiling /home/patchy/arc_ws/ARC-PI-ROSCODE/DualController/install/dual_ctrl/lib/python3.8/site-packages/dual_ctrl/__init__.py to __init__.cpython-38.pyc
byte-compiling /home/patchy/arc_ws/ARC-PI-ROSCODE/DualController/install/dual_ctrl/lib/python3.8/site-packages/dual_ctrl/cute_controller.py to cute_controller.cpython-38.pyc
  File "/home/patchy/arc_ws/ARC-PI-ROSCODE/DualController/install/dual_ctrl/lib/python3.8/site-packages/dual_ctrl/cute_controller.py", line 248
    if last_gap_start == None
                            ^
SyntaxError: invalid syntax

running install_data
creating /home/patchy/arc_ws/ARC-PI-ROSCODE/DualController/install/dual_ctrl/share/ament_index
creating /home/patchy/arc_ws/ARC-PI-ROSCODE/DualController/install/dual_ctrl/share/ament_index/resource_index
creating /home/patchy/arc_ws/ARC-PI-ROSCODE/DualController/install/dual_ctrl/share/ament_index/resource_index/packages
copying resource/dual_ctrl -> /home/patchy/arc_ws/ARC-PI-ROSCODE/DualController/install/dual_ctrl/share/ament_index/resource_index/packages
copying package.xml -> /home/patchy/arc_ws/ARC-PI-ROSCODE/DualController/install/dual_ctrl/share/dual_ctrl
running install_egg_info
Copying ../../build/dual_ctrl/dual_ctrl.egg-info to /home/patchy/arc_ws/ARC-PI-ROSCODE/DualController/install/dual_ctrl/lib/python3.8/site-packages/dual_ctrl-0.0.0-py3.8.egg-info
running install_scripts
writing list of installed files to '/home/patchy/arc_ws/ARC-PI-ROSCODE/DualController/build/dual_ctrl/install.log'
