[0.705s] Invoking command in '/home/patchy/arc_ws/ARC-PI-ROSCODE/DualController/src/dual_ctrl': CONDA_PROMPT_MODIFIER=(base) PYTHONPATH=/home/patchy/arc_ws/ARC-PI-ROSCODE/DualController/build/dual_ctrl/prefix_override:/usr/lib/python3/dist-packages/colcon_core/task/python/colcon_distutils_commands:/home/patchy/arc_ws/ARC-PI-ROSCODE/DualController/install/dual_ctrl/lib/python3.8/site-packages:${PYTHONPATH} /usr/bin/python3 -W ignore:setup.py install is deprecated -W ignore:easy_install command is deprecated setup.py egg_info --egg-base ../../build/dual_ctrl build --build-base /home/patchy/arc_ws/ARC-PI-ROSCODE/DualController/build/dual_ctrl/build install --record /home/patchy/arc_ws/ARC-PI-ROSCODE/DualController/build/dual_ctrl/install.log --install-scripts $base/lib/dual_ctrl --single-version-externally-managed install_data
[0.884s] /home/patchy/.local/lib/python3.8/site-packages/setuptools/dist.py:723: UserWarning: Usage of dash-separated 'script-dir' will not be supported in future versions. Please use the underscore name 'script_dir' instead
[0.884s]   warnings.warn(
[0.905s] running egg_info
[0.905s] creating ../../build/dual_ctrl/dual_ctrl.egg-info
[0.909s] writing manifest file '../../build/dual_ctrl/dual_ctrl.egg-info/SOURCES.txt'
[0.911s] writing manifest file '../../build/dual_ctrl/dual_ctrl.egg-info/SOURCES.txt'
[0.911s] running build
[0.911s] running build_py
[0.911s] creating /home/patchy/arc_ws/ARC-PI-ROSCODE/DualController/build/dual_ctrl/build
[0.911s] creating /home/patchy/arc_ws/ARC-PI-ROSCODE/DualController/build/dual_ctrl/build/lib
[0.912s] creating /home/patchy/arc_ws/ARC-PI-ROSCODE/DualController/build/dual_ctrl/build/lib/dual_ctrl
[0.912s] copying dual_ctrl/__init__.py -> /home/patchy/arc_ws/ARC-PI-ROSCODE/DualController/build/dual_ctrl/build/lib/dual_ctrl
[0.912s] copying dual_ctrl/cute_controller.py -> /home/patchy/arc_ws/ARC-PI-ROSCODE/DualController/build/dual_ctrl/build/lib/dual_ctrl
[0.912s] running install
[0.914s] running install_lib
[0.914s] creating /home/patchy/arc_ws/ARC-PI-ROSCODE/DualController/install/dual_ctrl/lib/python3.8/site-packages/dual_ctrl
[0.918s] byte-compiling /home/patchy/arc_ws/ARC-PI-ROSCODE/DualController/install/dual_ctrl/lib/python3.8/site-packages/dual_ctrl/__init__.py to __init__.cpython-38.pyc
[0.918s] byte-compiling /home/patchy/arc_ws/ARC-PI-ROSCODE/DualController/install/dual_ctrl/lib/python3.8/site-packages/dual_ctrl/cute_controller.py to cute_controller.cpython-38.pyc
[0.920s]   File "/home/patchy/arc_ws/ARC-PI-ROSCODE/DualController/install/dual_ctrl/lib/python3.8/site-packages/dual_ctrl/cute_controller.py", line 248
[0.920s]     if last_gap_start == None
[0.920s]                             ^
[0.920s] SyntaxError: invalid syntax
[0.920s] 
[0.921s] running install_data
[0.921s] creating /home/patchy/arc_ws/ARC-PI-ROSCODE/DualController/install/dual_ctrl/share/ament_index
[0.921s] creating /home/patchy/arc_ws/ARC-PI-ROSCODE/DualController/install/dual_ctrl/share/ament_index/resource_index
[0.921s] creating /home/patchy/arc_ws/ARC-PI-ROSCODE/DualController/install/dual_ctrl/share/ament_index/resource_index/packages
[0.921s] copying resource/dual_ctrl -> /home/patchy/arc_ws/ARC-PI-ROSCODE/DualController/install/dual_ctrl/share/ament_index/resource_index/packages
[0.921s] copying package.xml -> /home/patchy/arc_ws/ARC-PI-ROSCODE/DualController/install/dual_ctrl/share/dual_ctrl
[0.921s] running install_egg_info
[0.923s] Copying ../../build/dual_ctrl/dual_ctrl.egg-info to /home/patchy/arc_ws/ARC-PI-ROSCODE/DualController/install/dual_ctrl/lib/python3.8/site-packages/dual_ctrl-0.0.0-py3.8.egg-info
[0.924s] running install_scripts
[0.939s] writing list of installed files to '/home/patchy/arc_ws/ARC-PI-ROSCODE/DualController/build/dual_ctrl/install.log'
[0.967s] Invoked command in '/home/patchy/arc_ws/ARC-PI-ROSCODE/DualController/src/dual_ctrl' returned '0': CONDA_PROMPT_MODIFIER=(base) PYTHONPATH=/home/patchy/arc_ws/ARC-PI-ROSCODE/DualController/build/dual_ctrl/prefix_override:/usr/lib/python3/dist-packages/colcon_core/task/python/colcon_distutils_commands:/home/patchy/arc_ws/ARC-PI-ROSCODE/DualController/install/dual_ctrl/lib/python3.8/site-packages:${PYTHONPATH} /usr/bin/python3 -W ignore:setup.py install is deprecated -W ignore:easy_install command is deprecated setup.py egg_info --egg-base ../../build/dual_ctrl build --build-base /home/patchy/arc_ws/ARC-PI-ROSCODE/DualController/build/dual_ctrl/build install --record /home/patchy/arc_ws/ARC-PI-ROSCODE/DualController/build/dual_ctrl/install.log --install-scripts $base/lib/dual_ctrl --single-version-externally-managed install_data
