[1.310s] Invoking command in '/home/patchychan/arc_ws/ARC-PI-ROSCODE/lab2_ws/safety_node': PYTHONPATH=/home/patchychan/arc_ws/ARC-PI-ROSCODE/lab2_ws/build/safety_node/prefix_override:/usr/lib/python3/dist-packages/colcon_core/task/python/colcon_distutils_commands:/home/patchychan/arc_ws/ARC-PI-ROSCODE/lab2_ws/install/safety_node/lib/python3.10/site-packages:${PYTHONPATH} /usr/bin/python3 -W ignore:setup.py install is deprecated -W ignore:easy_install command is deprecated setup.py egg_info --egg-base ../build/safety_node build --build-base /home/patchychan/arc_ws/ARC-PI-ROSCODE/lab2_ws/build/safety_node/build install --record /home/patchychan/arc_ws/ARC-PI-ROSCODE/lab2_ws/build/safety_node/install.log --install-scripts $base/lib/safety_node --single-version-externally-managed install_data
[1.631s] /usr/lib/python3/dist-packages/setuptools/dist.py:723: UserWarning: Usage of dash-separated 'script-dir' will not be supported in future versions. Please use the underscore name 'script_dir' instead
[1.632s]   warnings.warn(
[1.646s] running egg_info
[1.646s] writing ../build/safety_node/safety_node.egg-info/PKG-INFO
[1.647s] writing dependency_links to ../build/safety_node/safety_node.egg-info/dependency_links.txt
[1.647s] writing entry points to ../build/safety_node/safety_node.egg-info/entry_points.txt
[1.648s] writing requirements to ../build/safety_node/safety_node.egg-info/requires.txt
[1.648s] writing top-level names to ../build/safety_node/safety_node.egg-info/top_level.txt
[1.652s] reading manifest file '../build/safety_node/safety_node.egg-info/SOURCES.txt'
[1.654s] writing manifest file '../build/safety_node/safety_node.egg-info/SOURCES.txt'
[1.654s] running build
[1.654s] running build_py
[1.655s] copying safety_node/emergency_break.py -> /home/patchychan/arc_ws/ARC-PI-ROSCODE/lab2_ws/build/safety_node/build/lib/safety_node
[1.656s] running install
[1.656s] running install_lib
[1.657s] copying /home/patchychan/arc_ws/ARC-PI-ROSCODE/lab2_ws/build/safety_node/build/lib/safety_node/emergency_break.py -> /home/patchychan/arc_ws/ARC-PI-ROSCODE/lab2_ws/install/safety_node/lib/python3.10/site-packages/safety_node
[1.658s] byte-compiling /home/patchychan/arc_ws/ARC-PI-ROSCODE/lab2_ws/install/safety_node/lib/python3.10/site-packages/safety_node/emergency_break.py to emergency_break.cpython-310.pyc
[1.664s] running install_data
[1.664s] running install_egg_info
[1.665s] removing '/home/patchychan/arc_ws/ARC-PI-ROSCODE/lab2_ws/install/safety_node/lib/python3.10/site-packages/safety_node-0.0.0-py3.10.egg-info' (and everything under it)
[1.665s] Copying ../build/safety_node/safety_node.egg-info to /home/patchychan/arc_ws/ARC-PI-ROSCODE/lab2_ws/install/safety_node/lib/python3.10/site-packages/safety_node-0.0.0-py3.10.egg-info
[1.666s] running install_scripts
[1.697s] Installing emergency_break script to /home/patchychan/arc_ws/ARC-PI-ROSCODE/lab2_ws/install/safety_node/lib/safety_node
[1.698s] writing list of installed files to '/home/patchychan/arc_ws/ARC-PI-ROSCODE/lab2_ws/build/safety_node/install.log'
[1.733s] Invoked command in '/home/patchychan/arc_ws/ARC-PI-ROSCODE/lab2_ws/safety_node' returned '0': PYTHONPATH=/home/patchychan/arc_ws/ARC-PI-ROSCODE/lab2_ws/build/safety_node/prefix_override:/usr/lib/python3/dist-packages/colcon_core/task/python/colcon_distutils_commands:/home/patchychan/arc_ws/ARC-PI-ROSCODE/lab2_ws/install/safety_node/lib/python3.10/site-packages:${PYTHONPATH} /usr/bin/python3 -W ignore:setup.py install is deprecated -W ignore:easy_install command is deprecated setup.py egg_info --egg-base ../build/safety_node build --build-base /home/patchychan/arc_ws/ARC-PI-ROSCODE/lab2_ws/build/safety_node/build install --record /home/patchychan/arc_ws/ARC-PI-ROSCODE/lab2_ws/build/safety_node/install.log --install-scripts $base/lib/safety_node --single-version-externally-managed install_data
