[1.187s] Invoking command in '/home/patchy/arc_ws/ARC-PI-ROSCODE/lab5_ws/pure_pursuit': CONDA_PROMPT_MODIFIER=(base) PYTHONPATH=/home/patchy/arc_ws/ARC-PI-ROSCODE/lab5_ws/build/pure_pursuit/prefix_override:/usr/lib/python3/dist-packages/colcon_core/task/python/colcon_distutils_commands:/home/patchy/arc_ws/ARC-PI-ROSCODE/lab5_ws/install/pure_pursuit/lib/python3.8/site-packages:${PYTHONPATH} /usr/bin/python3 -W ignore:setup.py install is deprecated -W ignore:easy_install command is deprecated setup.py egg_info --egg-base ../build/pure_pursuit build --build-base /home/patchy/arc_ws/ARC-PI-ROSCODE/lab5_ws/build/pure_pursuit/build install --record /home/patchy/arc_ws/ARC-PI-ROSCODE/lab5_ws/build/pure_pursuit/install.log --install-scripts $base/lib/pure_pursuit --single-version-externally-managed install_data
[1.383s] /home/patchy/.local/lib/python3.8/site-packages/setuptools/dist.py:723: UserWarning: Usage of dash-separated 'script-dir' will not be supported in future versions. Please use the underscore name 'script_dir' instead
[1.383s]   warnings.warn(
[1.406s] running egg_info
[1.406s] creating ../build/pure_pursuit/pure_pursuit.egg-info
[1.409s] writing manifest file '../build/pure_pursuit/pure_pursuit.egg-info/SOURCES.txt'
[1.411s] writing manifest file '../build/pure_pursuit/pure_pursuit.egg-info/SOURCES.txt'
[1.411s] running build
[1.411s] running build_py
[1.412s] creating /home/patchy/arc_ws/ARC-PI-ROSCODE/lab5_ws/build/pure_pursuit/build
[1.412s] creating /home/patchy/arc_ws/ARC-PI-ROSCODE/lab5_ws/build/pure_pursuit/build/lib
[1.412s] creating /home/patchy/arc_ws/ARC-PI-ROSCODE/lab5_ws/build/pure_pursuit/build/lib/pure_pursuit
[1.412s] copying pure_pursuit/pure_pursuit.py -> /home/patchy/arc_ws/ARC-PI-ROSCODE/lab5_ws/build/pure_pursuit/build/lib/pure_pursuit
[1.412s] copying pure_pursuit/__init__.py -> /home/patchy/arc_ws/ARC-PI-ROSCODE/lab5_ws/build/pure_pursuit/build/lib/pure_pursuit
[1.412s] running install
[1.413s] running install_lib
[1.413s] creating /home/patchy/arc_ws/ARC-PI-ROSCODE/lab5_ws/install/pure_pursuit/lib/python3.8/site-packages/pure_pursuit
[1.414s] byte-compiling /home/patchy/arc_ws/ARC-PI-ROSCODE/lab5_ws/install/pure_pursuit/lib/python3.8/site-packages/pure_pursuit/pure_pursuit.py to pure_pursuit.cpython-38.pyc
[1.414s] Sorry: IndentationError: expected an indented block (pure_pursuit.py, line 122)
[1.415s] byte-compiling /home/patchy/arc_ws/ARC-PI-ROSCODE/lab5_ws/install/pure_pursuit/lib/python3.8/site-packages/pure_pursuit/__init__.py to __init__.cpython-38.pyc
[1.415s] running install_data
[1.415s] creating /home/patchy/arc_ws/ARC-PI-ROSCODE/lab5_ws/install/pure_pursuit/share/ament_index
[1.415s] creating /home/patchy/arc_ws/ARC-PI-ROSCODE/lab5_ws/install/pure_pursuit/share/ament_index/resource_index
[1.415s] creating /home/patchy/arc_ws/ARC-PI-ROSCODE/lab5_ws/install/pure_pursuit/share/ament_index/resource_index/packages
[1.415s] copying resource/pure_pursuit -> /home/patchy/arc_ws/ARC-PI-ROSCODE/lab5_ws/install/pure_pursuit/share/ament_index/resource_index/packages
[1.416s] copying package.xml -> /home/patchy/arc_ws/ARC-PI-ROSCODE/lab5_ws/install/pure_pursuit/share/pure_pursuit
[1.416s] creating /home/patchy/arc_ws/ARC-PI-ROSCODE/lab5_ws/install/pure_pursuit/share/pure_pursuit/launch
[1.416s] copying launch/launch_pure_pursuit.py -> /home/patchy/arc_ws/ARC-PI-ROSCODE/lab5_ws/install/pure_pursuit/share/pure_pursuit/launch
[1.416s] running install_egg_info
[1.417s] Copying ../build/pure_pursuit/pure_pursuit.egg-info to /home/patchy/arc_ws/ARC-PI-ROSCODE/lab5_ws/install/pure_pursuit/lib/python3.8/site-packages/pure_pursuit-0.0.0-py3.8.egg-info
[1.418s] running install_scripts
[1.436s] writing list of installed files to '/home/patchy/arc_ws/ARC-PI-ROSCODE/lab5_ws/build/pure_pursuit/install.log'
[1.486s] Invoked command in '/home/patchy/arc_ws/ARC-PI-ROSCODE/lab5_ws/pure_pursuit' returned '0': CONDA_PROMPT_MODIFIER=(base) PYTHONPATH=/home/patchy/arc_ws/ARC-PI-ROSCODE/lab5_ws/build/pure_pursuit/prefix_override:/usr/lib/python3/dist-packages/colcon_core/task/python/colcon_distutils_commands:/home/patchy/arc_ws/ARC-PI-ROSCODE/lab5_ws/install/pure_pursuit/lib/python3.8/site-packages:${PYTHONPATH} /usr/bin/python3 -W ignore:setup.py install is deprecated -W ignore:easy_install command is deprecated setup.py egg_info --egg-base ../build/pure_pursuit build --build-base /home/patchy/arc_ws/ARC-PI-ROSCODE/lab5_ws/build/pure_pursuit/build install --record /home/patchy/arc_ws/ARC-PI-ROSCODE/lab5_ws/build/pure_pursuit/install.log --install-scripts $base/lib/pure_pursuit --single-version-externally-managed install_data
