[0.532s] Invoking command in '/home/patchy/arc_ws/ARC-PI-ROSCODE/lab3_ws_john/src/wall_follow_2': CONDA_PROMPT_MODIFIER=(base) PYTHONPATH=/home/patchy/arc_ws/ARC-PI-ROSCODE/lab3_ws_john/build/wall_follow_2/prefix_override:/usr/lib/python3/dist-packages/colcon_core/task/python/colcon_distutils_commands:/home/patchy/arc_ws/ARC-PI-ROSCODE/lab3_ws_john/install/wall_follow_2/lib/python3.8/site-packages:${PYTHONPATH} /usr/bin/python3 -W ignore:setup.py install is deprecated -W ignore:easy_install command is deprecated setup.py egg_info --egg-base ../../build/wall_follow_2 build --build-base /home/patchy/arc_ws/ARC-PI-ROSCODE/lab3_ws_john/build/wall_follow_2/build install --record /home/patchy/arc_ws/ARC-PI-ROSCODE/lab3_ws_john/build/wall_follow_2/install.log --install-scripts $base/lib/wall_follow_2 --single-version-externally-managed install_data
[0.694s] /home/patchy/.local/lib/python3.8/site-packages/setuptools/dist.py:723: UserWarning: Usage of dash-separated 'script-dir' will not be supported in future versions. Please use the underscore name 'script_dir' instead
[0.694s]   warnings.warn(
[0.712s] running egg_info
[0.716s] writing manifest file '../../build/wall_follow_2/wall_follow_2.egg-info/SOURCES.txt'
[0.717s] running build
[0.717s] running build_py
[0.717s] copying wall_follow_2/wall_follow.py -> /home/patchy/arc_ws/ARC-PI-ROSCODE/lab3_ws_john/build/wall_follow_2/build/lib/wall_follow_2
[0.717s] running install
[0.718s] running install_lib
[0.719s] byte-compiling /home/patchy/arc_ws/ARC-PI-ROSCODE/lab3_ws_john/install/wall_follow_2/lib/python3.8/site-packages/wall_follow_2/wall_follow.py to wall_follow.cpython-38.pyc
[0.719s] running install_data
[0.719s]   File "/home/patchy/arc_ws/ARC-PI-ROSCODE/lab3_ws_john/install/wall_follow_2/lib/python3.8/site-packages/wall_follow_2/wall_follow.py", line 181
[0.719s]     self.get_logger().info(f'a_angle: {beam_a_angle} b_angle: {beam_b_angle})
[0.719s]                                                                             ^
[0.719s] SyntaxError: EOL while scanning string literal
[0.720s] 
[0.720s] running install_egg_info
[0.720s] removing '/home/patchy/arc_ws/ARC-PI-ROSCODE/lab3_ws_john/install/wall_follow_2/lib/python3.8/site-packages/wall_follow_2-0.0.0-py3.8.egg-info' (and everything under it)
[0.721s] Copying ../../build/wall_follow_2/wall_follow_2.egg-info to /home/patchy/arc_ws/ARC-PI-ROSCODE/lab3_ws_john/install/wall_follow_2/lib/python3.8/site-packages/wall_follow_2-0.0.0-py3.8.egg-info
[0.722s] running install_scripts
[0.737s] writing list of installed files to '/home/patchy/arc_ws/ARC-PI-ROSCODE/lab3_ws_john/build/wall_follow_2/install.log'
[0.754s] Invoked command in '/home/patchy/arc_ws/ARC-PI-ROSCODE/lab3_ws_john/src/wall_follow_2' returned '0': CONDA_PROMPT_MODIFIER=(base) PYTHONPATH=/home/patchy/arc_ws/ARC-PI-ROSCODE/lab3_ws_john/build/wall_follow_2/prefix_override:/usr/lib/python3/dist-packages/colcon_core/task/python/colcon_distutils_commands:/home/patchy/arc_ws/ARC-PI-ROSCODE/lab3_ws_john/install/wall_follow_2/lib/python3.8/site-packages:${PYTHONPATH} /usr/bin/python3 -W ignore:setup.py install is deprecated -W ignore:easy_install command is deprecated setup.py egg_info --egg-base ../../build/wall_follow_2 build --build-base /home/patchy/arc_ws/ARC-PI-ROSCODE/lab3_ws_john/build/wall_follow_2/build install --record /home/patchy/arc_ws/ARC-PI-ROSCODE/lab3_ws_john/build/wall_follow_2/install.log --install-scripts $base/lib/wall_follow_2 --single-version-externally-managed install_data
