/usr/lib/python3/dist-packages/setuptools/dist.py:723: UserWarning: Usage of dash-separated 'script-dir' will not be supported in future versions. Please use the underscore name 'script_dir' instead
  warnings.warn(
running egg_info
writing ../../../build/f1tenth_stack/f1tenth_stack.egg-info/PKG-INFO
writing dependency_links to ../../../build/f1tenth_stack/f1tenth_stack.egg-info/dependency_links.txt
writing entry points to ../../../build/f1tenth_stack/f1tenth_stack.egg-info/entry_points.txt
writing requirements to ../../../build/f1tenth_stack/f1tenth_stack.egg-info/requires.txt
writing top-level names to ../../../build/f1tenth_stack/f1tenth_stack.egg-info/top_level.txt
reading manifest file '../../../build/f1tenth_stack/f1tenth_stack.egg-info/SOURCES.txt'
writing manifest file '../../../build/f1tenth_stack/f1tenth_stack.egg-info/SOURCES.txt'
running build
running build_py
running install
running install_lib
running install_data
running install_egg_info
removing '/workspaces/roboracer-purdue/roboracer_ws/install/f1tenth_stack/lib/python3.10/site-packages/f1tenth_stack-0.0.1-py3.10.egg-info' (and everything under it)
Copying ../../../build/f1tenth_stack/f1tenth_stack.egg-info to /workspaces/roboracer-purdue/roboracer_ws/install/f1tenth_stack/lib/python3.10/site-packages/f1tenth_stack-0.0.1-py3.10.egg-info
running install_scripts
Installing speed_smoother script to /workspaces/roboracer-purdue/roboracer_ws/install/f1tenth_stack/lib/f1tenth_stack
Installing tf_publisher script to /workspaces/roboracer-purdue/roboracer_ws/install/f1tenth_stack/lib/f1tenth_stack
Installing throttle_interpolator script to /workspaces/roboracer-purdue/roboracer_ws/install/f1tenth_stack/lib/f1tenth_stack
Installing throttle_mix script to /workspaces/roboracer-purdue/roboracer_ws/install/f1tenth_stack/lib/f1tenth_stack
writing list of installed files to '/workspaces/roboracer-purdue/roboracer_ws/build/f1tenth_stack/install.log'
