[0.457s] Invoking command in '/workspaces/roboracer-purdue/roboracer_ws/src/f1tenth_system/f1tenth_stack': PYTHONPATH=/workspaces/roboracer-purdue/roboracer_ws/build/f1tenth_stack/prefix_override:/usr/lib/python3/dist-packages/colcon_core/task/python/colcon_distutils_commands:/workspaces/roboracer-purdue/roboracer_ws/install/f1tenth_stack/lib/python3.10/site-packages:${PYTHONPATH} /usr/bin/python3 -W ignore:setup.py install is deprecated -W ignore:easy_install command is deprecated setup.py egg_info --egg-base ../../../build/f1tenth_stack build --build-base /workspaces/roboracer-purdue/roboracer_ws/build/f1tenth_stack/build install --record /workspaces/roboracer-purdue/roboracer_ws/build/f1tenth_stack/install.log --install-scripts $base/lib/f1tenth_stack --single-version-externally-managed install_data
[0.584s] /usr/lib/python3/dist-packages/setuptools/dist.py:723: UserWarning: Usage of dash-separated 'script-dir' will not be supported in future versions. Please use the underscore name 'script_dir' instead
[0.584s]   warnings.warn(
[0.590s] running egg_info
[0.591s] writing ../../../build/f1tenth_stack/f1tenth_stack.egg-info/PKG-INFO
[0.592s] writing dependency_links to ../../../build/f1tenth_stack/f1tenth_stack.egg-info/dependency_links.txt
[0.592s] writing entry points to ../../../build/f1tenth_stack/f1tenth_stack.egg-info/entry_points.txt
[0.593s] writing requirements to ../../../build/f1tenth_stack/f1tenth_stack.egg-info/requires.txt
[0.594s] writing top-level names to ../../../build/f1tenth_stack/f1tenth_stack.egg-info/top_level.txt
[0.596s] reading manifest file '../../../build/f1tenth_stack/f1tenth_stack.egg-info/SOURCES.txt'
[0.598s] writing manifest file '../../../build/f1tenth_stack/f1tenth_stack.egg-info/SOURCES.txt'
[0.598s] running build
[0.599s] running build_py
[0.599s] running install
[0.600s] running install_lib
[0.602s] running install_data
[0.602s] running install_egg_info
[0.603s] removing '/workspaces/roboracer-purdue/roboracer_ws/install/f1tenth_stack/lib/python3.10/site-packages/f1tenth_stack-0.0.1-py3.10.egg-info' (and everything under it)
[0.604s] Copying ../../../build/f1tenth_stack/f1tenth_stack.egg-info to /workspaces/roboracer-purdue/roboracer_ws/install/f1tenth_stack/lib/python3.10/site-packages/f1tenth_stack-0.0.1-py3.10.egg-info
[0.611s] running install_scripts
[0.623s] Installing speed_smoother script to /workspaces/roboracer-purdue/roboracer_ws/install/f1tenth_stack/lib/f1tenth_stack
[0.624s] Installing tf_publisher script to /workspaces/roboracer-purdue/roboracer_ws/install/f1tenth_stack/lib/f1tenth_stack
[0.625s] Installing throttle_interpolator script to /workspaces/roboracer-purdue/roboracer_ws/install/f1tenth_stack/lib/f1tenth_stack
[0.625s] Installing throttle_mix script to /workspaces/roboracer-purdue/roboracer_ws/install/f1tenth_stack/lib/f1tenth_stack
[0.626s] writing list of installed files to '/workspaces/roboracer-purdue/roboracer_ws/build/f1tenth_stack/install.log'
[0.643s] Invoked command in '/workspaces/roboracer-purdue/roboracer_ws/src/f1tenth_system/f1tenth_stack' returned '0': PYTHONPATH=/workspaces/roboracer-purdue/roboracer_ws/build/f1tenth_stack/prefix_override:/usr/lib/python3/dist-packages/colcon_core/task/python/colcon_distutils_commands:/workspaces/roboracer-purdue/roboracer_ws/install/f1tenth_stack/lib/python3.10/site-packages:${PYTHONPATH} /usr/bin/python3 -W ignore:setup.py install is deprecated -W ignore:easy_install command is deprecated setup.py egg_info --egg-base ../../../build/f1tenth_stack build --build-base /workspaces/roboracer-purdue/roboracer_ws/build/f1tenth_stack/build install --record /workspaces/roboracer-purdue/roboracer_ws/build/f1tenth_stack/install.log --install-scripts $base/lib/f1tenth_stack --single-version-externally-managed install_data
