[0.258s] DEBUG:colcon:Command line arguments: ['/usr/bin/colcon', 'build']
[0.258s] DEBUG:colcon:Parsed command line arguments: Namespace(log_base=None, log_level=None, verb_name='build', build_base='build', install_base='install', merge_install=False, symlink_install=False, test_result_base=None, continue_on_error=False, executor='parallel', parallel_workers=22, event_handlers=None, ignore_user_meta=False, metas=['./colcon.meta'], base_paths=['.'], packages_ignore=None, packages_ignore_regex=None, paths=None, packages_up_to=None, packages_up_to_regex=None, packages_above=None, packages_above_and_dependencies=None, packages_above_depth=None, packages_select_by_dep=None, packages_skip_by_dep=None, packages_skip_up_to=None, packages_select_build_failed=False, packages_skip_build_finished=False, packages_select_test_failures=False, packages_skip_test_passed=False, packages_select=None, packages_skip=None, packages_select_regex=None, packages_skip_regex=None, packages_start=None, packages_end=None, allow_overriding=[], cmake_args=None, cmake_target=None, cmake_target_skip_unavailable=False, cmake_clean_cache=False, cmake_clean_first=False, cmake_force_configure=False, ament_cmake_args=None, catkin_cmake_args=None, catkin_skip_building_tests=False, mixin_files=None, mixin=None, verb_parser=<colcon_mixin.mixin.mixin_argument.MixinArgumentDecorator object at 0x7749f1fd63b0>, verb_extension=<colcon_core.verb.build.BuildVerb object at 0x7749f2167340>, main=<bound method BuildVerb.main of <colcon_core.verb.build.BuildVerb object at 0x7749f2167340>>, mixin_verb=('build',))
[0.360s] Level 1:colcon.colcon_core.package_discovery:discover_packages(colcon_meta) check parameters
[0.361s] Level 1:colcon.colcon_core.package_discovery:discover_packages(recursive) check parameters
[0.361s] Level 1:colcon.colcon_core.package_discovery:discover_packages(ignore) check parameters
[0.361s] Level 1:colcon.colcon_core.package_discovery:discover_packages(path) check parameters
[0.361s] Level 1:colcon.colcon_core.package_discovery:discover_packages(colcon_meta) discover
[0.361s] Level 1:colcon.colcon_core.package_discovery:discover_packages(recursive) discover
[0.361s] INFO:colcon.colcon_core.package_discovery:Crawling recursively for packages in '/home/patchychan/arc_ws/ARC-PI-ROSCODE/lab2_ws'
[0.361s] Level 1:colcon.colcon_core.package_identification:_identify(.) by extensions ['ignore', 'ignore_ament_install']
[0.361s] Level 1:colcon.colcon_core.package_identification:_identify(.) by extension 'ignore'
[0.361s] Level 1:colcon.colcon_core.package_identification:_identify(.) by extension 'ignore_ament_install'
[0.361s] Level 1:colcon.colcon_core.package_identification:_identify(.) by extensions ['colcon_pkg']
[0.361s] Level 1:colcon.colcon_core.package_identification:_identify(.) by extension 'colcon_pkg'
[0.361s] Level 1:colcon.colcon_core.package_identification:_identify(.) by extensions ['colcon_meta']
[0.361s] Level 1:colcon.colcon_core.package_identification:_identify(.) by extension 'colcon_meta'
[0.361s] Level 1:colcon.colcon_core.package_identification:_identify(.) by extensions ['ros']
[0.361s] Level 1:colcon.colcon_core.package_identification:_identify(.) by extension 'ros'
[0.368s] Level 1:colcon.colcon_core.package_identification:_identify(.) by extensions ['cmake', 'python']
[0.368s] Level 1:colcon.colcon_core.package_identification:_identify(.) by extension 'cmake'
[0.368s] Level 1:colcon.colcon_core.package_identification:_identify(.) by extension 'python'
[0.368s] Level 1:colcon.colcon_core.package_identification:_identify(.) by extensions ['python_setup_py']
[0.368s] Level 1:colcon.colcon_core.package_identification:_identify(.) by extension 'python_setup_py'
[0.368s] Level 1:colcon.colcon_core.package_identification:_identify(break_tester) by extensions ['ignore', 'ignore_ament_install']
[0.369s] Level 1:colcon.colcon_core.package_identification:_identify(break_tester) by extension 'ignore'
[0.369s] Level 1:colcon.colcon_core.package_identification:_identify(break_tester) by extension 'ignore_ament_install'
[0.369s] Level 1:colcon.colcon_core.package_identification:_identify(break_tester) by extensions ['colcon_pkg']
[0.369s] Level 1:colcon.colcon_core.package_identification:_identify(break_tester) by extension 'colcon_pkg'
[0.369s] Level 1:colcon.colcon_core.package_identification:_identify(break_tester) by extensions ['colcon_meta']
[0.369s] Level 1:colcon.colcon_core.package_identification:_identify(break_tester) by extension 'colcon_meta'
[0.369s] Level 1:colcon.colcon_core.package_identification:_identify(break_tester) by extensions ['ros']
[0.369s] Level 1:colcon.colcon_core.package_identification:_identify(break_tester) by extension 'ros'
[0.371s] DEBUG:colcon.colcon_core.package_identification:Package 'break_tester' with type 'ros.ament_python' and name 'break_tester'
[0.371s] Level 1:colcon.colcon_core.package_identification:_identify(build) by extensions ['ignore', 'ignore_ament_install']
[0.371s] Level 1:colcon.colcon_core.package_identification:_identify(build) by extension 'ignore'
[0.371s] Level 1:colcon.colcon_core.package_identification:_identify(build) ignored
[0.371s] Level 1:colcon.colcon_core.package_identification:_identify(install) by extensions ['ignore', 'ignore_ament_install']
[0.371s] Level 1:colcon.colcon_core.package_identification:_identify(install) by extension 'ignore'
[0.371s] Level 1:colcon.colcon_core.package_identification:_identify(install) ignored
[0.371s] Level 1:colcon.colcon_core.package_identification:_identify(log) by extensions ['ignore', 'ignore_ament_install']
[0.371s] Level 1:colcon.colcon_core.package_identification:_identify(log) by extension 'ignore'
[0.371s] Level 1:colcon.colcon_core.package_identification:_identify(log) ignored
[0.371s] Level 1:colcon.colcon_core.package_identification:_identify(safety_node) by extensions ['ignore', 'ignore_ament_install']
[0.372s] Level 1:colcon.colcon_core.package_identification:_identify(safety_node) by extension 'ignore'
[0.372s] Level 1:colcon.colcon_core.package_identification:_identify(safety_node) by extension 'ignore_ament_install'
[0.372s] Level 1:colcon.colcon_core.package_identification:_identify(safety_node) by extensions ['colcon_pkg']
[0.372s] Level 1:colcon.colcon_core.package_identification:_identify(safety_node) by extension 'colcon_pkg'
[0.372s] Level 1:colcon.colcon_core.package_identification:_identify(safety_node) by extensions ['colcon_meta']
[0.372s] Level 1:colcon.colcon_core.package_identification:_identify(safety_node) by extension 'colcon_meta'
[0.372s] Level 1:colcon.colcon_core.package_identification:_identify(safety_node) by extensions ['ros']
[0.372s] Level 1:colcon.colcon_core.package_identification:_identify(safety_node) by extension 'ros'
[0.372s] DEBUG:colcon.colcon_core.package_identification:Package 'safety_node' with type 'ros.ament_python' and name 'safety_node'
[0.372s] Level 1:colcon.colcon_core.package_discovery:discover_packages(recursive) using defaults
[0.372s] Level 1:colcon.colcon_core.package_discovery:discover_packages(ignore) discover
[0.372s] Level 1:colcon.colcon_core.package_discovery:discover_packages(ignore) using defaults
[0.372s] Level 1:colcon.colcon_core.package_discovery:discover_packages(path) discover
[0.372s] Level 1:colcon.colcon_core.package_discovery:discover_packages(path) using defaults
[0.392s] Level 1:colcon.colcon_core.package_discovery:discover_packages(prefix_path) check parameters
[0.392s] Level 1:colcon.colcon_core.package_discovery:discover_packages(prefix_path) discover
[0.394s] DEBUG:colcon.colcon_installed_package_information.package_discovery:Found 299 installed packages in /opt/ros/humble
[0.395s] Level 1:colcon.colcon_core.package_discovery:discover_packages(prefix_path) using defaults
[0.418s] Level 5:colcon.colcon_core.verb:set package 'break_tester' build argument 'cmake_args' from command line to 'None'
[0.418s] Level 5:colcon.colcon_core.verb:set package 'break_tester' build argument 'cmake_target' from command line to 'None'
[0.418s] Level 5:colcon.colcon_core.verb:set package 'break_tester' build argument 'cmake_target_skip_unavailable' from command line to 'False'
[0.418s] Level 5:colcon.colcon_core.verb:set package 'break_tester' build argument 'cmake_clean_cache' from command line to 'False'
[0.418s] Level 5:colcon.colcon_core.verb:set package 'break_tester' build argument 'cmake_clean_first' from command line to 'False'
[0.418s] Level 5:colcon.colcon_core.verb:set package 'break_tester' build argument 'cmake_force_configure' from command line to 'False'
[0.418s] Level 5:colcon.colcon_core.verb:set package 'break_tester' build argument 'ament_cmake_args' from command line to 'None'
[0.418s] Level 5:colcon.colcon_core.verb:set package 'break_tester' build argument 'catkin_cmake_args' from command line to 'None'
[0.418s] Level 5:colcon.colcon_core.verb:set package 'break_tester' build argument 'catkin_skip_building_tests' from command line to 'False'
[0.418s] DEBUG:colcon.colcon_core.verb:Building package 'break_tester' with the following arguments: {'ament_cmake_args': None, 'build_base': '/home/patchychan/arc_ws/ARC-PI-ROSCODE/lab2_ws/build/break_tester', 'catkin_cmake_args': None, 'catkin_skip_building_tests': False, 'cmake_args': None, 'cmake_clean_cache': False, 'cmake_clean_first': False, 'cmake_force_configure': False, 'cmake_target': None, 'cmake_target_skip_unavailable': False, 'install_base': '/home/patchychan/arc_ws/ARC-PI-ROSCODE/lab2_ws/install/break_tester', 'merge_install': False, 'path': '/home/patchychan/arc_ws/ARC-PI-ROSCODE/lab2_ws/break_tester', 'symlink_install': False, 'test_result_base': None}
[0.418s] Level 5:colcon.colcon_core.verb:set package 'safety_node' build argument 'cmake_args' from command line to 'None'
[0.418s] Level 5:colcon.colcon_core.verb:set package 'safety_node' build argument 'cmake_target' from command line to 'None'
[0.418s] Level 5:colcon.colcon_core.verb:set package 'safety_node' build argument 'cmake_target_skip_unavailable' from command line to 'False'
[0.418s] Level 5:colcon.colcon_core.verb:set package 'safety_node' build argument 'cmake_clean_cache' from command line to 'False'
[0.418s] Level 5:colcon.colcon_core.verb:set package 'safety_node' build argument 'cmake_clean_first' from command line to 'False'
[0.418s] Level 5:colcon.colcon_core.verb:set package 'safety_node' build argument 'cmake_force_configure' from command line to 'False'
[0.418s] Level 5:colcon.colcon_core.verb:set package 'safety_node' build argument 'ament_cmake_args' from command line to 'None'
[0.418s] Level 5:colcon.colcon_core.verb:set package 'safety_node' build argument 'catkin_cmake_args' from command line to 'None'
[0.418s] Level 5:colcon.colcon_core.verb:set package 'safety_node' build argument 'catkin_skip_building_tests' from command line to 'False'
[0.418s] DEBUG:colcon.colcon_core.verb:Building package 'safety_node' with the following arguments: {'ament_cmake_args': None, 'build_base': '/home/patchychan/arc_ws/ARC-PI-ROSCODE/lab2_ws/build/safety_node', 'catkin_cmake_args': None, 'catkin_skip_building_tests': False, 'cmake_args': None, 'cmake_clean_cache': False, 'cmake_clean_first': False, 'cmake_force_configure': False, 'cmake_target': None, 'cmake_target_skip_unavailable': False, 'install_base': '/home/patchychan/arc_ws/ARC-PI-ROSCODE/lab2_ws/install/safety_node', 'merge_install': False, 'path': '/home/patchychan/arc_ws/ARC-PI-ROSCODE/lab2_ws/safety_node', 'symlink_install': False, 'test_result_base': None}
[0.418s] INFO:colcon.colcon_core.executor:Executing jobs using 'parallel' executor
[0.419s] DEBUG:colcon.colcon_parallel_executor.executor.parallel:run_until_complete
[0.420s] INFO:colcon.colcon_ros.task.ament_python.build:Building ROS package in '/home/patchychan/arc_ws/ARC-PI-ROSCODE/lab2_ws/break_tester' with build type 'ament_python'
[0.420s] Level 1:colcon.colcon_core.shell:create_environment_hook('break_tester', 'ament_prefix_path')
[0.421s] INFO:colcon.colcon_core.plugin_system:Skipping extension 'colcon_core.shell.bat': Not used on non-Windows systems
[0.422s] INFO:colcon.colcon_core.shell:Creating environment hook '/home/patchychan/arc_ws/ARC-PI-ROSCODE/lab2_ws/install/break_tester/share/break_tester/hook/ament_prefix_path.ps1'
[0.422s] INFO:colcon.colcon_core.shell:Creating environment descriptor '/home/patchychan/arc_ws/ARC-PI-ROSCODE/lab2_ws/install/break_tester/share/break_tester/hook/ament_prefix_path.dsv'
[0.423s] INFO:colcon.colcon_core.shell:Creating environment hook '/home/patchychan/arc_ws/ARC-PI-ROSCODE/lab2_ws/install/break_tester/share/break_tester/hook/ament_prefix_path.sh'
[0.423s] INFO:colcon.colcon_core.shell:Skip shell extension 'powershell' for command environment: Not usable outside of PowerShell
[0.423s] DEBUG:colcon.colcon_core.shell:Skip shell extension 'dsv' for command environment
[0.426s] INFO:colcon.colcon_ros.task.ament_python.build:Building ROS package in '/home/patchychan/arc_ws/ARC-PI-ROSCODE/lab2_ws/safety_node' with build type 'ament_python'
[0.426s] Level 1:colcon.colcon_core.shell:create_environment_hook('safety_node', 'ament_prefix_path')
[0.426s] INFO:colcon.colcon_core.shell:Creating environment hook '/home/patchychan/arc_ws/ARC-PI-ROSCODE/lab2_ws/install/safety_node/share/safety_node/hook/ament_prefix_path.ps1'
[0.426s] INFO:colcon.colcon_core.shell:Creating environment descriptor '/home/patchychan/arc_ws/ARC-PI-ROSCODE/lab2_ws/install/safety_node/share/safety_node/hook/ament_prefix_path.dsv'
[0.427s] INFO:colcon.colcon_core.shell:Creating environment hook '/home/patchychan/arc_ws/ARC-PI-ROSCODE/lab2_ws/install/safety_node/share/safety_node/hook/ament_prefix_path.sh'
[0.427s] INFO:colcon.colcon_core.shell:Skip shell extension 'powershell' for command environment: Not usable outside of PowerShell
[0.427s] DEBUG:colcon.colcon_core.shell:Skip shell extension 'dsv' for command environment
[0.612s] INFO:colcon.colcon_core.task.python.build:Building Python package in '/home/patchychan/arc_ws/ARC-PI-ROSCODE/lab2_ws/break_tester'
[0.612s] INFO:colcon.colcon_core.shell:Skip shell extension 'powershell' for command environment: Not usable outside of PowerShell
[0.613s] DEBUG:colcon.colcon_core.shell:Skip shell extension 'dsv' for command environment
[0.790s] INFO:colcon.colcon_core.task.python.build:Building Python package in '/home/patchychan/arc_ws/ARC-PI-ROSCODE/lab2_ws/safety_node'
[0.790s] INFO:colcon.colcon_core.shell:Skip shell extension 'powershell' for command environment: Not usable outside of PowerShell
[0.790s] DEBUG:colcon.colcon_core.shell:Skip shell extension 'dsv' for command environment
[1.055s] DEBUG:colcon.colcon_core.event_handler.log_command:Invoking command in '/home/patchychan/arc_ws/ARC-PI-ROSCODE/lab2_ws/break_tester': PYTHONPATH=/home/patchychan/arc_ws/ARC-PI-ROSCODE/lab2_ws/build/break_tester/prefix_override:/usr/lib/python3/dist-packages/colcon_core/task/python/colcon_distutils_commands:/home/patchychan/arc_ws/ARC-PI-ROSCODE/lab2_ws/install/break_tester/lib/python3.10/site-packages:${PYTHONPATH} /usr/bin/python3 -W ignore:setup.py install is deprecated -W ignore:easy_install command is deprecated setup.py egg_info --egg-base ../build/break_tester build --build-base /home/patchychan/arc_ws/ARC-PI-ROSCODE/lab2_ws/build/break_tester/build install --record /home/patchychan/arc_ws/ARC-PI-ROSCODE/lab2_ws/build/break_tester/install.log --install-scripts $base/lib/break_tester --single-version-externally-managed install_data
[1.063s] DEBUG:colcon.colcon_core.event_handler.log_command:Invoking command in '/home/patchychan/arc_ws/ARC-PI-ROSCODE/lab2_ws/safety_node': PYTHONPATH=/home/patchychan/arc_ws/ARC-PI-ROSCODE/lab2_ws/build/safety_node/prefix_override:/usr/lib/python3/dist-packages/colcon_core/task/python/colcon_distutils_commands:/home/patchychan/arc_ws/ARC-PI-ROSCODE/lab2_ws/install/safety_node/lib/python3.10/site-packages:${PYTHONPATH} /usr/bin/python3 -W ignore:setup.py install is deprecated -W ignore:easy_install command is deprecated setup.py egg_info --egg-base ../build/safety_node build --build-base /home/patchychan/arc_ws/ARC-PI-ROSCODE/lab2_ws/build/safety_node/build install --record /home/patchychan/arc_ws/ARC-PI-ROSCODE/lab2_ws/build/safety_node/install.log --install-scripts $base/lib/safety_node --single-version-externally-managed install_data
[1.263s] DEBUG:colcon.colcon_core.event_handler.log_command:Invoked command in '/home/patchychan/arc_ws/ARC-PI-ROSCODE/lab2_ws/break_tester' returned '0': PYTHONPATH=/home/patchychan/arc_ws/ARC-PI-ROSCODE/lab2_ws/build/break_tester/prefix_override:/usr/lib/python3/dist-packages/colcon_core/task/python/colcon_distutils_commands:/home/patchychan/arc_ws/ARC-PI-ROSCODE/lab2_ws/install/break_tester/lib/python3.10/site-packages:${PYTHONPATH} /usr/bin/python3 -W ignore:setup.py install is deprecated -W ignore:easy_install command is deprecated setup.py egg_info --egg-base ../build/break_tester build --build-base /home/patchychan/arc_ws/ARC-PI-ROSCODE/lab2_ws/build/break_tester/build install --record /home/patchychan/arc_ws/ARC-PI-ROSCODE/lab2_ws/build/break_tester/install.log --install-scripts $base/lib/break_tester --single-version-externally-managed install_data
[1.265s] Level 1:colcon.colcon_core.environment:checking '/home/patchychan/arc_ws/ARC-PI-ROSCODE/lab2_ws/install/break_tester' for CMake module files
[1.265s] Level 1:colcon.colcon_core.environment:checking '/home/patchychan/arc_ws/ARC-PI-ROSCODE/lab2_ws/install/break_tester' for CMake config files
[1.266s] Level 1:colcon.colcon_core.environment:checking '/home/patchychan/arc_ws/ARC-PI-ROSCODE/lab2_ws/install/break_tester/lib'
[1.266s] Level 1:colcon.colcon_core.environment:checking '/home/patchychan/arc_ws/ARC-PI-ROSCODE/lab2_ws/install/break_tester/bin'
[1.266s] Level 1:colcon.colcon_core.environment:checking '/home/patchychan/arc_ws/ARC-PI-ROSCODE/lab2_ws/install/break_tester/lib/pkgconfig/break_tester.pc'
[1.266s] Level 1:colcon.colcon_core.environment:checking '/home/patchychan/arc_ws/ARC-PI-ROSCODE/lab2_ws/install/break_tester/lib/python3.10/site-packages'
[1.266s] Level 1:colcon.colcon_core.shell:create_environment_hook('break_tester', 'pythonpath')
[1.267s] INFO:colcon.colcon_core.shell:Creating environment hook '/home/patchychan/arc_ws/ARC-PI-ROSCODE/lab2_ws/install/break_tester/share/break_tester/hook/pythonpath.ps1'
[1.267s] INFO:colcon.colcon_core.shell:Creating environment descriptor '/home/patchychan/arc_ws/ARC-PI-ROSCODE/lab2_ws/install/break_tester/share/break_tester/hook/pythonpath.dsv'
[1.267s] INFO:colcon.colcon_core.shell:Creating environment hook '/home/patchychan/arc_ws/ARC-PI-ROSCODE/lab2_ws/install/break_tester/share/break_tester/hook/pythonpath.sh'
[1.268s] Level 1:colcon.colcon_core.environment:checking '/home/patchychan/arc_ws/ARC-PI-ROSCODE/lab2_ws/install/break_tester/bin'
[1.268s] Level 1:colcon.colcon_core.environment:create_environment_scripts_only(break_tester)
[1.269s] INFO:colcon.colcon_core.shell:Creating package script '/home/patchychan/arc_ws/ARC-PI-ROSCODE/lab2_ws/install/break_tester/share/break_tester/package.ps1'
[1.270s] INFO:colcon.colcon_core.shell:Creating package descriptor '/home/patchychan/arc_ws/ARC-PI-ROSCODE/lab2_ws/install/break_tester/share/break_tester/package.dsv'
[1.271s] INFO:colcon.colcon_core.shell:Creating package script '/home/patchychan/arc_ws/ARC-PI-ROSCODE/lab2_ws/install/break_tester/share/break_tester/package.sh'
[1.271s] INFO:colcon.colcon_core.shell:Creating package script '/home/patchychan/arc_ws/ARC-PI-ROSCODE/lab2_ws/install/break_tester/share/break_tester/package.bash'
[1.272s] INFO:colcon.colcon_core.shell:Creating package script '/home/patchychan/arc_ws/ARC-PI-ROSCODE/lab2_ws/install/break_tester/share/break_tester/package.zsh'
[1.272s] Level 1:colcon.colcon_core.environment:create_file_with_runtime_dependencies(/home/patchychan/arc_ws/ARC-PI-ROSCODE/lab2_ws/install/break_tester/share/colcon-core/packages/break_tester)
[1.286s] Level 1:colcon.colcon_core.environment:checking '/home/patchychan/arc_ws/ARC-PI-ROSCODE/lab2_ws/install/safety_node' for CMake module files
[1.287s] DEBUG:colcon.colcon_core.event_handler.log_command:Invoked command in '/home/patchychan/arc_ws/ARC-PI-ROSCODE/lab2_ws/safety_node' returned '0': PYTHONPATH=/home/patchychan/arc_ws/ARC-PI-ROSCODE/lab2_ws/build/safety_node/prefix_override:/usr/lib/python3/dist-packages/colcon_core/task/python/colcon_distutils_commands:/home/patchychan/arc_ws/ARC-PI-ROSCODE/lab2_ws/install/safety_node/lib/python3.10/site-packages:${PYTHONPATH} /usr/bin/python3 -W ignore:setup.py install is deprecated -W ignore:easy_install command is deprecated setup.py egg_info --egg-base ../build/safety_node build --build-base /home/patchychan/arc_ws/ARC-PI-ROSCODE/lab2_ws/build/safety_node/build install --record /home/patchychan/arc_ws/ARC-PI-ROSCODE/lab2_ws/build/safety_node/install.log --install-scripts $base/lib/safety_node --single-version-externally-managed install_data
[1.287s] Level 1:colcon.colcon_core.environment:checking '/home/patchychan/arc_ws/ARC-PI-ROSCODE/lab2_ws/install/safety_node' for CMake config files
[1.288s] Level 1:colcon.colcon_core.environment:checking '/home/patchychan/arc_ws/ARC-PI-ROSCODE/lab2_ws/install/safety_node/lib'
[1.288s] Level 1:colcon.colcon_core.environment:checking '/home/patchychan/arc_ws/ARC-PI-ROSCODE/lab2_ws/install/safety_node/bin'
[1.288s] Level 1:colcon.colcon_core.environment:checking '/home/patchychan/arc_ws/ARC-PI-ROSCODE/lab2_ws/install/safety_node/lib/pkgconfig/safety_node.pc'
[1.288s] Level 1:colcon.colcon_core.environment:checking '/home/patchychan/arc_ws/ARC-PI-ROSCODE/lab2_ws/install/safety_node/lib/python3.10/site-packages'
[1.288s] Level 1:colcon.colcon_core.shell:create_environment_hook('safety_node', 'pythonpath')
[1.289s] INFO:colcon.colcon_core.shell:Creating environment hook '/home/patchychan/arc_ws/ARC-PI-ROSCODE/lab2_ws/install/safety_node/share/safety_node/hook/pythonpath.ps1'
[1.289s] INFO:colcon.colcon_core.shell:Creating environment descriptor '/home/patchychan/arc_ws/ARC-PI-ROSCODE/lab2_ws/install/safety_node/share/safety_node/hook/pythonpath.dsv'
[1.289s] INFO:colcon.colcon_core.shell:Creating environment hook '/home/patchychan/arc_ws/ARC-PI-ROSCODE/lab2_ws/install/safety_node/share/safety_node/hook/pythonpath.sh'
[1.290s] Level 1:colcon.colcon_core.environment:checking '/home/patchychan/arc_ws/ARC-PI-ROSCODE/lab2_ws/install/safety_node/bin'
[1.290s] Level 1:colcon.colcon_core.environment:create_environment_scripts_only(safety_node)
[1.290s] INFO:colcon.colcon_core.shell:Creating package script '/home/patchychan/arc_ws/ARC-PI-ROSCODE/lab2_ws/install/safety_node/share/safety_node/package.ps1'
[1.291s] INFO:colcon.colcon_core.shell:Creating package descriptor '/home/patchychan/arc_ws/ARC-PI-ROSCODE/lab2_ws/install/safety_node/share/safety_node/package.dsv'
[1.291s] INFO:colcon.colcon_core.shell:Creating package script '/home/patchychan/arc_ws/ARC-PI-ROSCODE/lab2_ws/install/safety_node/share/safety_node/package.sh'
[1.291s] INFO:colcon.colcon_core.shell:Creating package script '/home/patchychan/arc_ws/ARC-PI-ROSCODE/lab2_ws/install/safety_node/share/safety_node/package.bash'
[1.292s] INFO:colcon.colcon_core.shell:Creating package script '/home/patchychan/arc_ws/ARC-PI-ROSCODE/lab2_ws/install/safety_node/share/safety_node/package.zsh'
[1.292s] Level 1:colcon.colcon_core.environment:create_file_with_runtime_dependencies(/home/patchychan/arc_ws/ARC-PI-ROSCODE/lab2_ws/install/safety_node/share/colcon-core/packages/safety_node)
[1.292s] DEBUG:colcon.colcon_parallel_executor.executor.parallel:closing loop
[1.293s] DEBUG:colcon.colcon_parallel_executor.executor.parallel:loop closed
[1.293s] DEBUG:colcon.colcon_parallel_executor.executor.parallel:run_until_complete finished with '0'
[1.293s] DEBUG:colcon.colcon_core.event_reactor:joining thread
[1.415s] INFO:colcon.colcon_core.plugin_system:Skipping extension 'colcon_notification.desktop_notification.notify_send': Could not find 'notify-send'
[1.415s] INFO:colcon.colcon_core.plugin_system:Skipping extension 'colcon_notification.desktop_notification.terminal_notifier': Not used on non-Darwin systems
[1.415s] INFO:colcon.colcon_core.plugin_system:Skipping extension 'colcon_notification.desktop_notification.win32': Not used on non-Windows systems
[1.415s] INFO:colcon.colcon_notification.desktop_notification:Sending desktop notification using 'notify2'
[1.417s] DEBUG:colcon.colcon_notification.desktop_notification.notify2:Failed to initialize notify2: org.freedesktop.DBus.Error.ServiceUnknown: The name org.freedesktop.Notifications was not provided by any .service files
[1.417s] DEBUG:colcon.colcon_core.event_reactor:joined thread
[1.417s] INFO:colcon.colcon_core.shell:Creating prefix script '/home/patchychan/arc_ws/ARC-PI-ROSCODE/lab2_ws/install/local_setup.ps1'
[1.418s] INFO:colcon.colcon_core.shell:Creating prefix util module '/home/patchychan/arc_ws/ARC-PI-ROSCODE/lab2_ws/install/_local_setup_util_ps1.py'
[1.419s] INFO:colcon.colcon_core.shell:Creating prefix chain script '/home/patchychan/arc_ws/ARC-PI-ROSCODE/lab2_ws/install/setup.ps1'
[1.420s] INFO:colcon.colcon_core.shell:Creating prefix script '/home/patchychan/arc_ws/ARC-PI-ROSCODE/lab2_ws/install/local_setup.sh'
[1.421s] INFO:colcon.colcon_core.shell:Creating prefix util module '/home/patchychan/arc_ws/ARC-PI-ROSCODE/lab2_ws/install/_local_setup_util_sh.py'
[1.421s] INFO:colcon.colcon_core.shell:Creating prefix chain script '/home/patchychan/arc_ws/ARC-PI-ROSCODE/lab2_ws/install/setup.sh'
[1.422s] INFO:colcon.colcon_core.shell:Creating prefix script '/home/patchychan/arc_ws/ARC-PI-ROSCODE/lab2_ws/install/local_setup.bash'
[1.422s] INFO:colcon.colcon_core.shell:Creating prefix chain script '/home/patchychan/arc_ws/ARC-PI-ROSCODE/lab2_ws/install/setup.bash'
[1.423s] INFO:colcon.colcon_core.shell:Creating prefix script '/home/patchychan/arc_ws/ARC-PI-ROSCODE/lab2_ws/install/local_setup.zsh'
[1.424s] INFO:colcon.colcon_core.shell:Creating prefix chain script '/home/patchychan/arc_ws/ARC-PI-ROSCODE/lab2_ws/install/setup.zsh'
