running egg_info
creating ../../build/lab3_pkg/lab3_pkg.egg-info
writing manifest file '../../build/lab3_pkg/lab3_pkg.egg-info/SOURCES.txt'
writing manifest file '../../build/lab3_pkg/lab3_pkg.egg-info/SOURCES.txt'
running build
running build_py
creating /home/patchy/arc_ws/ARC-PI-ROSCODE/build/lab3_pkg/build
creating /home/patchy/arc_ws/ARC-PI-ROSCODE/build/lab3_pkg/build/lib
creating /home/patchy/arc_ws/ARC-PI-ROSCODE/build/lab3_pkg/build/lib/lab3_pkg
copying lab3_pkg/__init__.py -> /home/patchy/arc_ws/ARC-PI-ROSCODE/build/lab3_pkg/build/lib/lab3_pkg
copying lab3_pkg/PID.py -> /home/patchy/arc_ws/ARC-PI-ROSCODE/build/lab3_pkg/build/lib/lab3_pkg
running install
running install_lib
creating /home/patchy/arc_ws/ARC-PI-ROSCODE/install/lab3_pkg/lib/python3.8/site-packages/lab3_pkg
byte-compiling /home/patchy/arc_ws/ARC-PI-ROSCODE/install/lab3_pkg/lib/python3.8/site-packages/lab3_pkg/__init__.py to __init__.cpython-38.pyc
byte-compiling /home/patchy/arc_ws/ARC-PI-ROSCODE/install/lab3_pkg/lib/python3.8/site-packages/lab3_pkg/PID.py to PID.cpython-38.pyc
running install_data
creating /home/patchy/arc_ws/ARC-PI-ROSCODE/install/lab3_pkg/share/ament_index
creating /home/patchy/arc_ws/ARC-PI-ROSCODE/install/lab3_pkg/share/ament_index/resource_index
creating /home/patchy/arc_ws/ARC-PI-ROSCODE/install/lab3_pkg/share/ament_index/resource_index/packages
copying resource/lab3_pkg -> /home/patchy/arc_ws/ARC-PI-ROSCODE/install/lab3_pkg/share/ament_index/resource_index/packages
copying package.xml -> /home/patchy/arc_ws/ARC-PI-ROSCODE/install/lab3_pkg/share/lab3_pkg
creating /home/patchy/arc_ws/ARC-PI-ROSCODE/install/lab3_pkg/share/lab3_pkg/launch
copying launch/lab3_launch.py -> /home/patchy/arc_ws/ARC-PI-ROSCODE/install/lab3_pkg/share/lab3_pkg/launch
running install_egg_info
Copying ../../build/lab3_pkg/lab3_pkg.egg-info to /home/patchy/arc_ws/ARC-PI-ROSCODE/install/lab3_pkg/lib/python3.8/site-packages/lab3_pkg-0.0.0-py3.8.egg-info
running install_scripts
writing list of installed files to '/home/patchy/arc_ws/ARC-PI-ROSCODE/build/lab3_pkg/install.log'
