[2.168s] Invoking command in '/home/patchy/arc_ws/ARC-PI-ROSCODE/lab3_ws/lab3_pkg': PYTHONPATH=/home/patchy/arc_ws/ARC-PI-ROSCODE/build/lab3_pkg/prefix_override:/usr/lib/python3/dist-packages/colcon_core/task/python/colcon_distutils_commands:/home/patchy/arc_ws/ARC-PI-ROSCODE/install/lab3_pkg/lib/python3.8/site-packages: /usr/bin/python3 -W ignore:setup.py install is deprecated -W ignore:easy_install command is deprecated setup.py egg_info --egg-base ../../build/lab3_pkg build --build-base /home/patchy/arc_ws/ARC-PI-ROSCODE/build/lab3_pkg/build install --record /home/patchy/arc_ws/ARC-PI-ROSCODE/build/lab3_pkg/install.log --install-scripts $base/lib/lab3_pkg --single-version-externally-managed install_data
[2.421s] /home/patchy/.local/lib/python3.8/site-packages/setuptools/dist.py:723: UserWarning: Usage of dash-separated 'script-dir' will not be supported in future versions. Please use the underscore name 'script_dir' instead
[2.422s]   warnings.warn(
[2.446s] running egg_info
[2.446s] creating ../../build/lab3_pkg/lab3_pkg.egg-info
[2.452s] writing manifest file '../../build/lab3_pkg/lab3_pkg.egg-info/SOURCES.txt'
[2.457s] writing manifest file '../../build/lab3_pkg/lab3_pkg.egg-info/SOURCES.txt'
[2.457s] running build
[2.457s] running build_py
[2.457s] creating /home/patchy/arc_ws/ARC-PI-ROSCODE/build/lab3_pkg/build
[2.457s] creating /home/patchy/arc_ws/ARC-PI-ROSCODE/build/lab3_pkg/build/lib
[2.457s] creating /home/patchy/arc_ws/ARC-PI-ROSCODE/build/lab3_pkg/build/lib/lab3_pkg
[2.457s] copying lab3_pkg/__init__.py -> /home/patchy/arc_ws/ARC-PI-ROSCODE/build/lab3_pkg/build/lib/lab3_pkg
[2.457s] copying lab3_pkg/PID.py -> /home/patchy/arc_ws/ARC-PI-ROSCODE/build/lab3_pkg/build/lib/lab3_pkg
[2.459s] running install
[2.461s] running install_lib
[2.461s] creating /home/patchy/arc_ws/ARC-PI-ROSCODE/install/lab3_pkg/lib/python3.8/site-packages/lab3_pkg
[2.463s] byte-compiling /home/patchy/arc_ws/ARC-PI-ROSCODE/install/lab3_pkg/lib/python3.8/site-packages/lab3_pkg/__init__.py to __init__.cpython-38.pyc
[2.463s] byte-compiling /home/patchy/arc_ws/ARC-PI-ROSCODE/install/lab3_pkg/lib/python3.8/site-packages/lab3_pkg/PID.py to PID.cpython-38.pyc
[2.468s] running install_data
[2.468s] creating /home/patchy/arc_ws/ARC-PI-ROSCODE/install/lab3_pkg/share/ament_index
[2.468s] creating /home/patchy/arc_ws/ARC-PI-ROSCODE/install/lab3_pkg/share/ament_index/resource_index
[2.468s] creating /home/patchy/arc_ws/ARC-PI-ROSCODE/install/lab3_pkg/share/ament_index/resource_index/packages
[2.468s] copying resource/lab3_pkg -> /home/patchy/arc_ws/ARC-PI-ROSCODE/install/lab3_pkg/share/ament_index/resource_index/packages
[2.469s] copying package.xml -> /home/patchy/arc_ws/ARC-PI-ROSCODE/install/lab3_pkg/share/lab3_pkg
[2.469s] creating /home/patchy/arc_ws/ARC-PI-ROSCODE/install/lab3_pkg/share/lab3_pkg/launch
[2.469s] copying launch/lab3_launch.py -> /home/patchy/arc_ws/ARC-PI-ROSCODE/install/lab3_pkg/share/lab3_pkg/launch
[2.469s] running install_egg_info
[2.470s] Copying ../../build/lab3_pkg/lab3_pkg.egg-info to /home/patchy/arc_ws/ARC-PI-ROSCODE/install/lab3_pkg/lib/python3.8/site-packages/lab3_pkg-0.0.0-py3.8.egg-info
[2.470s] running install_scripts
[2.493s] writing list of installed files to '/home/patchy/arc_ws/ARC-PI-ROSCODE/build/lab3_pkg/install.log'
[2.558s] Invoked command in '/home/patchy/arc_ws/ARC-PI-ROSCODE/lab3_ws/lab3_pkg' returned '0': PYTHONPATH=/home/patchy/arc_ws/ARC-PI-ROSCODE/build/lab3_pkg/prefix_override:/usr/lib/python3/dist-packages/colcon_core/task/python/colcon_distutils_commands:/home/patchy/arc_ws/ARC-PI-ROSCODE/install/lab3_pkg/lib/python3.8/site-packages: /usr/bin/python3 -W ignore:setup.py install is deprecated -W ignore:easy_install command is deprecated setup.py egg_info --egg-base ../../build/lab3_pkg build --build-base /home/patchy/arc_ws/ARC-PI-ROSCODE/build/lab3_pkg/build install --record /home/patchy/arc_ws/ARC-PI-ROSCODE/build/lab3_pkg/install.log --install-scripts $base/lib/lab3_pkg --single-version-externally-managed install_data
