[2.167s] Invoking command in '/home/patchy/arc_ws/ARC-PI-ROSCODE/lab4_ws/gap_follow': PYTHONPATH=/home/patchy/arc_ws/ARC-PI-ROSCODE/build/gap_follow/prefix_override:/usr/lib/python3/dist-packages/colcon_core/task/python/colcon_distutils_commands:/home/patchy/arc_ws/ARC-PI-ROSCODE/install/gap_follow/lib/python3.8/site-packages: /usr/bin/python3 -W ignore:setup.py install is deprecated -W ignore:easy_install command is deprecated setup.py egg_info --egg-base ../../build/gap_follow build --build-base /home/patchy/arc_ws/ARC-PI-ROSCODE/build/gap_follow/build install --record /home/patchy/arc_ws/ARC-PI-ROSCODE/build/gap_follow/install.log --install-scripts $base/lib/gap_follow --single-version-externally-managed install_data
[2.387s] /home/patchy/.local/lib/python3.8/site-packages/setuptools/dist.py:723: UserWarning: Usage of dash-separated 'script-dir' will not be supported in future versions. Please use the underscore name 'script_dir' instead
[2.387s]   warnings.warn(
[2.413s] running egg_info
[2.414s] creating ../../build/gap_follow/gap_follow.egg-info
[2.417s] writing manifest file '../../build/gap_follow/gap_follow.egg-info/SOURCES.txt'
[2.419s] writing manifest file '../../build/gap_follow/gap_follow.egg-info/SOURCES.txt'
[2.419s] running build
[2.420s] running build_py
[2.420s] creating /home/patchy/arc_ws/ARC-PI-ROSCODE/build/gap_follow/build
[2.420s] creating /home/patchy/arc_ws/ARC-PI-ROSCODE/build/gap_follow/build/lib
[2.421s] creating /home/patchy/arc_ws/ARC-PI-ROSCODE/build/gap_follow/build/lib/gap_follow
[2.421s] copying gap_follow/__init__.py -> /home/patchy/arc_ws/ARC-PI-ROSCODE/build/gap_follow/build/lib/gap_follow
[2.421s] copying gap_follow/gap_follow.py -> /home/patchy/arc_ws/ARC-PI-ROSCODE/build/gap_follow/build/lib/gap_follow
[2.423s] running install
[2.424s] running install_lib
[2.425s] creating /home/patchy/arc_ws/ARC-PI-ROSCODE/install/gap_follow/lib/python3.8/site-packages/gap_follow
[2.427s] byte-compiling /home/patchy/arc_ws/ARC-PI-ROSCODE/install/gap_follow/lib/python3.8/site-packages/gap_follow/__init__.py to __init__.cpython-38.pyc
[2.427s] byte-compiling /home/patchy/arc_ws/ARC-PI-ROSCODE/install/gap_follow/lib/python3.8/site-packages/gap_follow/gap_follow.py to gap_follow.cpython-38.pyc
[2.428s] running install_data
[2.429s] creating /home/patchy/arc_ws/ARC-PI-ROSCODE/install/gap_follow/share/ament_index
[2.429s] creating /home/patchy/arc_ws/ARC-PI-ROSCODE/install/gap_follow/share/ament_index/resource_index
[2.430s] creating /home/patchy/arc_ws/ARC-PI-ROSCODE/install/gap_follow/share/ament_index/resource_index/packages
[2.431s] copying resource/gap_follow -> /home/patchy/arc_ws/ARC-PI-ROSCODE/install/gap_follow/share/ament_index/resource_index/packages
[2.431s] copying package.xml -> /home/patchy/arc_ws/ARC-PI-ROSCODE/install/gap_follow/share/gap_follow
[2.431s] creating /home/patchy/arc_ws/ARC-PI-ROSCODE/install/gap_follow/share/gap_follow/launch
[2.432s] copying launch/lab4_launch.py -> /home/patchy/arc_ws/ARC-PI-ROSCODE/install/gap_follow/share/gap_follow/launch
[2.433s] running install_egg_info
[2.433s] Copying ../../build/gap_follow/gap_follow.egg-info to /home/patchy/arc_ws/ARC-PI-ROSCODE/install/gap_follow/lib/python3.8/site-packages/gap_follow-0.0.0-py3.8.egg-info
[2.434s] running install_scripts
[2.456s] writing list of installed files to '/home/patchy/arc_ws/ARC-PI-ROSCODE/build/gap_follow/install.log'
[2.490s] Invoked command in '/home/patchy/arc_ws/ARC-PI-ROSCODE/lab4_ws/gap_follow' returned '0': PYTHONPATH=/home/patchy/arc_ws/ARC-PI-ROSCODE/build/gap_follow/prefix_override:/usr/lib/python3/dist-packages/colcon_core/task/python/colcon_distutils_commands:/home/patchy/arc_ws/ARC-PI-ROSCODE/install/gap_follow/lib/python3.8/site-packages: /usr/bin/python3 -W ignore:setup.py install is deprecated -W ignore:easy_install command is deprecated setup.py egg_info --egg-base ../../build/gap_follow build --build-base /home/patchy/arc_ws/ARC-PI-ROSCODE/build/gap_follow/build install --record /home/patchy/arc_ws/ARC-PI-ROSCODE/build/gap_follow/install.log --install-scripts $base/lib/gap_follow --single-version-externally-managed install_data
