/usr/lib/python3/dist-packages/setuptools/dist.py:723: UserWarning: Usage of dash-separated 'script-dir' will not be supported in future versions. Please use the underscore name 'script_dir' instead
  warnings.warn(
running egg_info
creating ../../../build/f1tenth_stack/f1tenth_stack.egg-info
writing ../../../build/f1tenth_stack/f1tenth_stack.egg-info/PKG-INFO
writing dependency_links to ../../../build/f1tenth_stack/f1tenth_stack.egg-info/dependency_links.txt
writing entry points to ../../../build/f1tenth_stack/f1tenth_stack.egg-info/entry_points.txt
writing requirements to ../../../build/f1tenth_stack/f1tenth_stack.egg-info/requires.txt
writing top-level names to ../../../build/f1tenth_stack/f1tenth_stack.egg-info/top_level.txt
writing manifest file '../../../build/f1tenth_stack/f1tenth_stack.egg-info/SOURCES.txt'
reading manifest file '../../../build/f1tenth_stack/f1tenth_stack.egg-info/SOURCES.txt'
writing manifest file '../../../build/f1tenth_stack/f1tenth_stack.egg-info/SOURCES.txt'
running build
running build_py
creating /workspaces/roboracer-purdue/roboracer_ws/build/f1tenth_stack/build
creating /workspaces/roboracer-purdue/roboracer_ws/build/f1tenth_stack/build/lib
creating /workspaces/roboracer-purdue/roboracer_ws/build/f1tenth_stack/build/lib/f1tenth_stack
copying f1tenth_stack/speed_smoother.py -> /workspaces/roboracer-purdue/roboracer_ws/build/f1tenth_stack/build/lib/f1tenth_stack
copying f1tenth_stack/tf_publisher.py -> /workspaces/roboracer-purdue/roboracer_ws/build/f1tenth_stack/build/lib/f1tenth_stack
copying f1tenth_stack/throttle_interpolator.py -> /workspaces/roboracer-purdue/roboracer_ws/build/f1tenth_stack/build/lib/f1tenth_stack
copying f1tenth_stack/throttle_mix.py -> /workspaces/roboracer-purdue/roboracer_ws/build/f1tenth_stack/build/lib/f1tenth_stack
copying f1tenth_stack/__init__.py -> /workspaces/roboracer-purdue/roboracer_ws/build/f1tenth_stack/build/lib/f1tenth_stack
running install
running install_lib
creating /workspaces/roboracer-purdue/roboracer_ws/install/f1tenth_stack/lib/python3.10/site-packages/f1tenth_stack
copying /workspaces/roboracer-purdue/roboracer_ws/build/f1tenth_stack/build/lib/f1tenth_stack/speed_smoother.py -> /workspaces/roboracer-purdue/roboracer_ws/install/f1tenth_stack/lib/python3.10/site-packages/f1tenth_stack
copying /workspaces/roboracer-purdue/roboracer_ws/build/f1tenth_stack/build/lib/f1tenth_stack/tf_publisher.py -> /workspaces/roboracer-purdue/roboracer_ws/install/f1tenth_stack/lib/python3.10/site-packages/f1tenth_stack
copying /workspaces/roboracer-purdue/roboracer_ws/build/f1tenth_stack/build/lib/f1tenth_stack/throttle_interpolator.py -> /workspaces/roboracer-purdue/roboracer_ws/install/f1tenth_stack/lib/python3.10/site-packages/f1tenth_stack
copying /workspaces/roboracer-purdue/roboracer_ws/build/f1tenth_stack/build/lib/f1tenth_stack/throttle_mix.py -> /workspaces/roboracer-purdue/roboracer_ws/install/f1tenth_stack/lib/python3.10/site-packages/f1tenth_stack
copying /workspaces/roboracer-purdue/roboracer_ws/build/f1tenth_stack/build/lib/f1tenth_stack/__init__.py -> /workspaces/roboracer-purdue/roboracer_ws/install/f1tenth_stack/lib/python3.10/site-packages/f1tenth_stack
byte-compiling /workspaces/roboracer-purdue/roboracer_ws/install/f1tenth_stack/lib/python3.10/site-packages/f1tenth_stack/speed_smoother.py to speed_smoother.cpython-310.pyc
byte-compiling /workspaces/roboracer-purdue/roboracer_ws/install/f1tenth_stack/lib/python3.10/site-packages/f1tenth_stack/tf_publisher.py to tf_publisher.cpython-310.pyc
byte-compiling /workspaces/roboracer-purdue/roboracer_ws/install/f1tenth_stack/lib/python3.10/site-packages/f1tenth_stack/throttle_interpolator.py to throttle_interpolator.cpython-310.pyc
byte-compiling /workspaces/roboracer-purdue/roboracer_ws/install/f1tenth_stack/lib/python3.10/site-packages/f1tenth_stack/throttle_mix.py to throttle_mix.cpython-310.pyc
byte-compiling /workspaces/roboracer-purdue/roboracer_ws/install/f1tenth_stack/lib/python3.10/site-packages/f1tenth_stack/__init__.py to __init__.cpython-310.pyc
running install_data
creating /workspaces/roboracer-purdue/roboracer_ws/install/f1tenth_stack/share/ament_index
creating /workspaces/roboracer-purdue/roboracer_ws/install/f1tenth_stack/share/ament_index/resource_index
creating /workspaces/roboracer-purdue/roboracer_ws/install/f1tenth_stack/share/ament_index/resource_index/packages
copying resource/f1tenth_stack -> /workspaces/roboracer-purdue/roboracer_ws/install/f1tenth_stack/share/ament_index/resource_index/packages
copying package.xml -> /workspaces/roboracer-purdue/roboracer_ws/install/f1tenth_stack/share/f1tenth_stack
creating /workspaces/roboracer-purdue/roboracer_ws/install/f1tenth_stack/share/f1tenth_stack/launch
copying launch/bringup_launch.py -> /workspaces/roboracer-purdue/roboracer_ws/install/f1tenth_stack/share/f1tenth_stack/launch
creating /workspaces/roboracer-purdue/roboracer_ws/install/f1tenth_stack/share/f1tenth_stack/config
copying config/f1tenth_online_async.yaml -> /workspaces/roboracer-purdue/roboracer_ws/install/f1tenth_stack/share/f1tenth_stack/config
copying config/joy_teleop.yaml -> /workspaces/roboracer-purdue/roboracer_ws/install/f1tenth_stack/share/f1tenth_stack/config
copying config/mux.yaml -> /workspaces/roboracer-purdue/roboracer_ws/install/f1tenth_stack/share/f1tenth_stack/config
copying config/sensors.yaml -> /workspaces/roboracer-purdue/roboracer_ws/install/f1tenth_stack/share/f1tenth_stack/config
copying config/speed_smoother.yaml -> /workspaces/roboracer-purdue/roboracer_ws/install/f1tenth_stack/share/f1tenth_stack/config
copying config/throttle_mix.yaml -> /workspaces/roboracer-purdue/roboracer_ws/install/f1tenth_stack/share/f1tenth_stack/config
copying config/vesc.yaml -> /workspaces/roboracer-purdue/roboracer_ws/install/f1tenth_stack/share/f1tenth_stack/config
running install_egg_info
Copying ../../../build/f1tenth_stack/f1tenth_stack.egg-info to /workspaces/roboracer-purdue/roboracer_ws/install/f1tenth_stack/lib/python3.10/site-packages/f1tenth_stack-0.0.1-py3.10.egg-info
running install_scripts
Installing speed_smoother script to /workspaces/roboracer-purdue/roboracer_ws/install/f1tenth_stack/lib/f1tenth_stack
Installing tf_publisher script to /workspaces/roboracer-purdue/roboracer_ws/install/f1tenth_stack/lib/f1tenth_stack
Installing throttle_interpolator script to /workspaces/roboracer-purdue/roboracer_ws/install/f1tenth_stack/lib/f1tenth_stack
Installing throttle_mix script to /workspaces/roboracer-purdue/roboracer_ws/install/f1tenth_stack/lib/f1tenth_stack
writing list of installed files to '/workspaces/roboracer-purdue/roboracer_ws/build/f1tenth_stack/install.log'
