[2.755s] Invoking command in '/workspaces/roboracer-purdue/roboracer_ws/src/f1tenth_system/f1tenth_stack': PYTHONPATH=/workspaces/roboracer-purdue/roboracer_ws/build/f1tenth_stack/prefix_override:/usr/lib/python3/dist-packages/colcon_core/task/python/colcon_distutils_commands:/workspaces/roboracer-purdue/roboracer_ws/install/f1tenth_stack/lib/python3.10/site-packages:${PYTHONPATH} /usr/bin/python3 -W ignore:setup.py install is deprecated -W ignore:easy_install command is deprecated setup.py egg_info --egg-base ../../../build/f1tenth_stack build --build-base /workspaces/roboracer-purdue/roboracer_ws/build/f1tenth_stack/build install --record /workspaces/roboracer-purdue/roboracer_ws/build/f1tenth_stack/install.log --install-scripts $base/lib/f1tenth_stack --single-version-externally-managed install_data
[3.964s] /usr/lib/python3/dist-packages/setuptools/dist.py:723: UserWarning: Usage of dash-separated 'script-dir' will not be supported in future versions. Please use the underscore name 'script_dir' instead
[3.965s]   warnings.warn(
[3.987s] running egg_info
[3.992s] creating ../../../build/f1tenth_stack/f1tenth_stack.egg-info
[3.997s] writing ../../../build/f1tenth_stack/f1tenth_stack.egg-info/PKG-INFO
[4.007s] writing dependency_links to ../../../build/f1tenth_stack/f1tenth_stack.egg-info/dependency_links.txt
[4.021s] writing entry points to ../../../build/f1tenth_stack/f1tenth_stack.egg-info/entry_points.txt
[4.026s] writing requirements to ../../../build/f1tenth_stack/f1tenth_stack.egg-info/requires.txt
[4.029s] writing top-level names to ../../../build/f1tenth_stack/f1tenth_stack.egg-info/top_level.txt
[4.056s] writing manifest file '../../../build/f1tenth_stack/f1tenth_stack.egg-info/SOURCES.txt'
[4.104s] reading manifest file '../../../build/f1tenth_stack/f1tenth_stack.egg-info/SOURCES.txt'
[4.159s] writing manifest file '../../../build/f1tenth_stack/f1tenth_stack.egg-info/SOURCES.txt'
[4.163s] running build
[4.164s] running build_py
[4.168s] creating /workspaces/roboracer-purdue/roboracer_ws/build/f1tenth_stack/build
[4.170s] creating /workspaces/roboracer-purdue/roboracer_ws/build/f1tenth_stack/build/lib
[4.172s] creating /workspaces/roboracer-purdue/roboracer_ws/build/f1tenth_stack/build/lib/f1tenth_stack
[4.180s] copying f1tenth_stack/speed_smoother.py -> /workspaces/roboracer-purdue/roboracer_ws/build/f1tenth_stack/build/lib/f1tenth_stack
[4.204s] copying f1tenth_stack/tf_publisher.py -> /workspaces/roboracer-purdue/roboracer_ws/build/f1tenth_stack/build/lib/f1tenth_stack
[4.233s] copying f1tenth_stack/throttle_interpolator.py -> /workspaces/roboracer-purdue/roboracer_ws/build/f1tenth_stack/build/lib/f1tenth_stack
[4.257s] copying f1tenth_stack/throttle_mix.py -> /workspaces/roboracer-purdue/roboracer_ws/build/f1tenth_stack/build/lib/f1tenth_stack
[4.281s] copying f1tenth_stack/__init__.py -> /workspaces/roboracer-purdue/roboracer_ws/build/f1tenth_stack/build/lib/f1tenth_stack
[4.300s] running install
[4.300s] running install_lib
[4.322s] creating /workspaces/roboracer-purdue/roboracer_ws/install/f1tenth_stack/lib/python3.10/site-packages/f1tenth_stack
[4.335s] copying /workspaces/roboracer-purdue/roboracer_ws/build/f1tenth_stack/build/lib/f1tenth_stack/speed_smoother.py -> /workspaces/roboracer-purdue/roboracer_ws/install/f1tenth_stack/lib/python3.10/site-packages/f1tenth_stack
[4.368s] copying /workspaces/roboracer-purdue/roboracer_ws/build/f1tenth_stack/build/lib/f1tenth_stack/tf_publisher.py -> /workspaces/roboracer-purdue/roboracer_ws/install/f1tenth_stack/lib/python3.10/site-packages/f1tenth_stack
[4.410s] copying /workspaces/roboracer-purdue/roboracer_ws/build/f1tenth_stack/build/lib/f1tenth_stack/throttle_interpolator.py -> /workspaces/roboracer-purdue/roboracer_ws/install/f1tenth_stack/lib/python3.10/site-packages/f1tenth_stack
[4.441s] copying /workspaces/roboracer-purdue/roboracer_ws/build/f1tenth_stack/build/lib/f1tenth_stack/throttle_mix.py -> /workspaces/roboracer-purdue/roboracer_ws/install/f1tenth_stack/lib/python3.10/site-packages/f1tenth_stack
[4.476s] copying /workspaces/roboracer-purdue/roboracer_ws/build/f1tenth_stack/build/lib/f1tenth_stack/__init__.py -> /workspaces/roboracer-purdue/roboracer_ws/install/f1tenth_stack/lib/python3.10/site-packages/f1tenth_stack
[4.514s] byte-compiling /workspaces/roboracer-purdue/roboracer_ws/install/f1tenth_stack/lib/python3.10/site-packages/f1tenth_stack/speed_smoother.py to speed_smoother.cpython-310.pyc
[4.545s] byte-compiling /workspaces/roboracer-purdue/roboracer_ws/install/f1tenth_stack/lib/python3.10/site-packages/f1tenth_stack/tf_publisher.py to tf_publisher.cpython-310.pyc
[4.582s] byte-compiling /workspaces/roboracer-purdue/roboracer_ws/install/f1tenth_stack/lib/python3.10/site-packages/f1tenth_stack/throttle_interpolator.py to throttle_interpolator.cpython-310.pyc
[4.623s] byte-compiling /workspaces/roboracer-purdue/roboracer_ws/install/f1tenth_stack/lib/python3.10/site-packages/f1tenth_stack/throttle_mix.py to throttle_mix.cpython-310.pyc
[4.655s] byte-compiling /workspaces/roboracer-purdue/roboracer_ws/install/f1tenth_stack/lib/python3.10/site-packages/f1tenth_stack/__init__.py to __init__.cpython-310.pyc
[4.684s] running install_data
[4.691s] creating /workspaces/roboracer-purdue/roboracer_ws/install/f1tenth_stack/share/ament_index
[4.694s] creating /workspaces/roboracer-purdue/roboracer_ws/install/f1tenth_stack/share/ament_index/resource_index
[4.697s] creating /workspaces/roboracer-purdue/roboracer_ws/install/f1tenth_stack/share/ament_index/resource_index/packages
[4.707s] copying resource/f1tenth_stack -> /workspaces/roboracer-purdue/roboracer_ws/install/f1tenth_stack/share/ament_index/resource_index/packages
[4.727s] copying package.xml -> /workspaces/roboracer-purdue/roboracer_ws/install/f1tenth_stack/share/f1tenth_stack
[4.741s] creating /workspaces/roboracer-purdue/roboracer_ws/install/f1tenth_stack/share/f1tenth_stack/launch
[4.750s] copying launch/bringup_launch.py -> /workspaces/roboracer-purdue/roboracer_ws/install/f1tenth_stack/share/f1tenth_stack/launch
[4.768s] creating /workspaces/roboracer-purdue/roboracer_ws/install/f1tenth_stack/share/f1tenth_stack/config
[4.776s] copying config/f1tenth_online_async.yaml -> /workspaces/roboracer-purdue/roboracer_ws/install/f1tenth_stack/share/f1tenth_stack/config
[4.798s] copying config/joy_teleop.yaml -> /workspaces/roboracer-purdue/roboracer_ws/install/f1tenth_stack/share/f1tenth_stack/config
[4.819s] copying config/mux.yaml -> /workspaces/roboracer-purdue/roboracer_ws/install/f1tenth_stack/share/f1tenth_stack/config
[4.848s] copying config/sensors.yaml -> /workspaces/roboracer-purdue/roboracer_ws/install/f1tenth_stack/share/f1tenth_stack/config
[4.868s] copying config/speed_smoother.yaml -> /workspaces/roboracer-purdue/roboracer_ws/install/f1tenth_stack/share/f1tenth_stack/config
[4.887s] copying config/throttle_mix.yaml -> /workspaces/roboracer-purdue/roboracer_ws/install/f1tenth_stack/share/f1tenth_stack/config
[4.909s] copying config/vesc.yaml -> /workspaces/roboracer-purdue/roboracer_ws/install/f1tenth_stack/share/f1tenth_stack/config
[4.923s] running install_egg_info
[4.939s] Copying ../../../build/f1tenth_stack/f1tenth_stack.egg-info to /workspaces/roboracer-purdue/roboracer_ws/install/f1tenth_stack/lib/python3.10/site-packages/f1tenth_stack-0.0.1-py3.10.egg-info
[5.172s] running install_scripts
[5.288s] Installing speed_smoother script to /workspaces/roboracer-purdue/roboracer_ws/install/f1tenth_stack/lib/f1tenth_stack
[5.304s] Installing tf_publisher script to /workspaces/roboracer-purdue/roboracer_ws/install/f1tenth_stack/lib/f1tenth_stack
[5.321s] Installing throttle_interpolator script to /workspaces/roboracer-purdue/roboracer_ws/install/f1tenth_stack/lib/f1tenth_stack
[5.348s] Installing throttle_mix script to /workspaces/roboracer-purdue/roboracer_ws/install/f1tenth_stack/lib/f1tenth_stack
[5.361s] writing list of installed files to '/workspaces/roboracer-purdue/roboracer_ws/build/f1tenth_stack/install.log'
[5.378s] Invoked command in '/workspaces/roboracer-purdue/roboracer_ws/src/f1tenth_system/f1tenth_stack' returned '0': PYTHONPATH=/workspaces/roboracer-purdue/roboracer_ws/build/f1tenth_stack/prefix_override:/usr/lib/python3/dist-packages/colcon_core/task/python/colcon_distutils_commands:/workspaces/roboracer-purdue/roboracer_ws/install/f1tenth_stack/lib/python3.10/site-packages:${PYTHONPATH} /usr/bin/python3 -W ignore:setup.py install is deprecated -W ignore:easy_install command is deprecated setup.py egg_info --egg-base ../../../build/f1tenth_stack build --build-base /workspaces/roboracer-purdue/roboracer_ws/build/f1tenth_stack/build install --record /workspaces/roboracer-purdue/roboracer_ws/build/f1tenth_stack/install.log --install-scripts $base/lib/f1tenth_stack --single-version-externally-managed install_data
