running egg_info
creating ../../build/lab1_pkg/lab1_pkg.egg-info
writing manifest file '../../build/lab1_pkg/lab1_pkg.egg-info/SOURCES.txt'
writing manifest file '../../build/lab1_pkg/lab1_pkg.egg-info/SOURCES.txt'
running build
running build_py
creating /home/patchy/arc_ws/ARC-PI-ROSCODE/build/lab1_pkg/build
creating /home/patchy/arc_ws/ARC-PI-ROSCODE/build/lab1_pkg/build/lib
creating /home/patchy/arc_ws/ARC-PI-ROSCODE/build/lab1_pkg/build/lib/lab1_pkg
copying lab1_pkg/relay.py -> /home/patchy/arc_ws/ARC-PI-ROSCODE/build/lab1_pkg/build/lib/lab1_pkg
copying lab1_pkg/talker.py -> /home/patchy/arc_ws/ARC-PI-ROSCODE/build/lab1_pkg/build/lib/lab1_pkg
copying lab1_pkg/__init__.py -> /home/patchy/arc_ws/ARC-PI-ROSCODE/build/lab1_pkg/build/lib/lab1_pkg
running install
running install_lib
creating /home/patchy/arc_ws/ARC-PI-ROSCODE/install/lab1_pkg/lib/python3.8/site-packages/lab1_pkg
byte-compiling /home/patchy/arc_ws/ARC-PI-ROSCODE/install/lab1_pkg/lib/python3.8/site-packages/lab1_pkg/relay.py to relay.cpython-38.pyc
byte-compiling /home/patchy/arc_ws/ARC-PI-ROSCODE/install/lab1_pkg/lib/python3.8/site-packages/lab1_pkg/talker.py to talker.cpython-38.pyc
byte-compiling /home/patchy/arc_ws/ARC-PI-ROSCODE/install/lab1_pkg/lib/python3.8/site-packages/lab1_pkg/__init__.py to __init__.cpython-38.pyc
running install_data
creating /home/patchy/arc_ws/ARC-PI-ROSCODE/install/lab1_pkg/share/ament_index
creating /home/patchy/arc_ws/ARC-PI-ROSCODE/install/lab1_pkg/share/ament_index/resource_index
creating /home/patchy/arc_ws/ARC-PI-ROSCODE/install/lab1_pkg/share/ament_index/resource_index/packages
copying resource/lab1_pkg -> /home/patchy/arc_ws/ARC-PI-ROSCODE/install/lab1_pkg/share/ament_index/resource_index/packages
copying package.xml -> /home/patchy/arc_ws/ARC-PI-ROSCODE/install/lab1_pkg/share/lab1_pkg
creating /home/patchy/arc_ws/ARC-PI-ROSCODE/install/lab1_pkg/share/lab1_pkg/launch
copying launch/lab1_launch.py -> /home/patchy/arc_ws/ARC-PI-ROSCODE/install/lab1_pkg/share/lab1_pkg/launch
running install_egg_info
Copying ../../build/lab1_pkg/lab1_pkg.egg-info to /home/patchy/arc_ws/ARC-PI-ROSCODE/install/lab1_pkg/lib/python3.8/site-packages/lab1_pkg-0.0.0-py3.8.egg-info
running install_scripts
writing list of installed files to '/home/patchy/arc_ws/ARC-PI-ROSCODE/build/lab1_pkg/install.log'
