[0.333s] Invoking command in '/workspaces/roboracer-purdue/roboracer_ws/src/f1tenth_system/f1tenth_stack': AMENT_PREFIX_PATH=/workspaces/roboracer-purdue/roboracer_ws/install/ackermann_mux:${AMENT_PREFIX_PATH} CMAKE_PREFIX_PATH=/workspaces/roboracer-purdue/roboracer_ws/install/ackermann_mux PYTHONPATH=/workspaces/roboracer-purdue/roboracer_ws/build/f1tenth_stack/prefix_override:/usr/lib/python3/dist-packages/colcon_core/task/python/colcon_distutils_commands:/workspaces/roboracer-purdue/roboracer_ws/install/f1tenth_stack/lib/python3.10/site-packages:${PYTHONPATH} /usr/bin/python3 -W ignore:setup.py install is deprecated -W ignore:easy_install command is deprecated setup.py egg_info --egg-base ../../../build/f1tenth_stack build --build-base /workspaces/roboracer-purdue/roboracer_ws/build/f1tenth_stack/build install --record /workspaces/roboracer-purdue/roboracer_ws/build/f1tenth_stack/install.log --install-scripts $base/lib/f1tenth_stack --single-version-externally-managed install_data
[0.445s] /usr/lib/python3/dist-packages/setuptools/dist.py:723: UserWarning: Usage of dash-separated 'script-dir' will not be supported in future versions. Please use the underscore name 'script_dir' instead
[0.445s]   warnings.warn(
[0.453s] running egg_info
[0.454s] creating ../../../build/f1tenth_stack/f1tenth_stack.egg-info
[0.455s] writing ../../../build/f1tenth_stack/f1tenth_stack.egg-info/PKG-INFO
[0.456s] writing dependency_links to ../../../build/f1tenth_stack/f1tenth_stack.egg-info/dependency_links.txt
[0.456s] writing entry points to ../../../build/f1tenth_stack/f1tenth_stack.egg-info/entry_points.txt
[0.457s] writing requirements to ../../../build/f1tenth_stack/f1tenth_stack.egg-info/requires.txt
[0.457s] writing top-level names to ../../../build/f1tenth_stack/f1tenth_stack.egg-info/top_level.txt
[0.458s] writing manifest file '../../../build/f1tenth_stack/f1tenth_stack.egg-info/SOURCES.txt'
[0.460s] reading manifest file '../../../build/f1tenth_stack/f1tenth_stack.egg-info/SOURCES.txt'
[0.461s] writing manifest file '../../../build/f1tenth_stack/f1tenth_stack.egg-info/SOURCES.txt'
[0.462s] running build
[0.462s] running build_py
[0.463s] creating /workspaces/roboracer-purdue/roboracer_ws/build/f1tenth_stack/build
[0.463s] creating /workspaces/roboracer-purdue/roboracer_ws/build/f1tenth_stack/build/lib
[0.464s] creating /workspaces/roboracer-purdue/roboracer_ws/build/f1tenth_stack/build/lib/f1tenth_stack
[0.464s] copying f1tenth_stack/throttle_mix.py -> /workspaces/roboracer-purdue/roboracer_ws/build/f1tenth_stack/build/lib/f1tenth_stack
[0.465s] copying f1tenth_stack/tf_publisher.py -> /workspaces/roboracer-purdue/roboracer_ws/build/f1tenth_stack/build/lib/f1tenth_stack
[0.466s] copying f1tenth_stack/__init__.py -> /workspaces/roboracer-purdue/roboracer_ws/build/f1tenth_stack/build/lib/f1tenth_stack
[0.466s] copying f1tenth_stack/throttle_interpolator.py -> /workspaces/roboracer-purdue/roboracer_ws/build/f1tenth_stack/build/lib/f1tenth_stack
[0.467s] copying f1tenth_stack/speed_smoother.py -> /workspaces/roboracer-purdue/roboracer_ws/build/f1tenth_stack/build/lib/f1tenth_stack
[0.469s] running install
[0.469s] running install_lib
[0.469s] creating /workspaces/roboracer-purdue/roboracer_ws/install/f1tenth_stack/lib/python3.10/site-packages/f1tenth_stack
[0.470s] copying /workspaces/roboracer-purdue/roboracer_ws/build/f1tenth_stack/build/lib/f1tenth_stack/throttle_mix.py -> /workspaces/roboracer-purdue/roboracer_ws/install/f1tenth_stack/lib/python3.10/site-packages/f1tenth_stack
[0.471s] copying /workspaces/roboracer-purdue/roboracer_ws/build/f1tenth_stack/build/lib/f1tenth_stack/tf_publisher.py -> /workspaces/roboracer-purdue/roboracer_ws/install/f1tenth_stack/lib/python3.10/site-packages/f1tenth_stack
[0.473s] copying /workspaces/roboracer-purdue/roboracer_ws/build/f1tenth_stack/build/lib/f1tenth_stack/__init__.py -> /workspaces/roboracer-purdue/roboracer_ws/install/f1tenth_stack/lib/python3.10/site-packages/f1tenth_stack
[0.474s] copying /workspaces/roboracer-purdue/roboracer_ws/build/f1tenth_stack/build/lib/f1tenth_stack/throttle_interpolator.py -> /workspaces/roboracer-purdue/roboracer_ws/install/f1tenth_stack/lib/python3.10/site-packages/f1tenth_stack
[0.475s] copying /workspaces/roboracer-purdue/roboracer_ws/build/f1tenth_stack/build/lib/f1tenth_stack/speed_smoother.py -> /workspaces/roboracer-purdue/roboracer_ws/install/f1tenth_stack/lib/python3.10/site-packages/f1tenth_stack
[0.478s] byte-compiling /workspaces/roboracer-purdue/roboracer_ws/install/f1tenth_stack/lib/python3.10/site-packages/f1tenth_stack/throttle_mix.py to throttle_mix.cpython-310.pyc
[0.479s] byte-compiling /workspaces/roboracer-purdue/roboracer_ws/install/f1tenth_stack/lib/python3.10/site-packages/f1tenth_stack/tf_publisher.py to tf_publisher.cpython-310.pyc
[0.481s] byte-compiling /workspaces/roboracer-purdue/roboracer_ws/install/f1tenth_stack/lib/python3.10/site-packages/f1tenth_stack/__init__.py to __init__.cpython-310.pyc
[0.482s] byte-compiling /workspaces/roboracer-purdue/roboracer_ws/install/f1tenth_stack/lib/python3.10/site-packages/f1tenth_stack/throttle_interpolator.py to throttle_interpolator.cpython-310.pyc
[0.483s] byte-compiling /workspaces/roboracer-purdue/roboracer_ws/install/f1tenth_stack/lib/python3.10/site-packages/f1tenth_stack/speed_smoother.py to speed_smoother.cpython-310.pyc
[0.488s] running install_data
[0.489s] creating /workspaces/roboracer-purdue/roboracer_ws/install/f1tenth_stack/share/ament_index
[0.489s] creating /workspaces/roboracer-purdue/roboracer_ws/install/f1tenth_stack/share/ament_index/resource_index
[0.490s] creating /workspaces/roboracer-purdue/roboracer_ws/install/f1tenth_stack/share/ament_index/resource_index/packages
[0.490s] copying resource/f1tenth_stack -> /workspaces/roboracer-purdue/roboracer_ws/install/f1tenth_stack/share/ament_index/resource_index/packages
[0.490s] copying package.xml -> /workspaces/roboracer-purdue/roboracer_ws/install/f1tenth_stack/share/f1tenth_stack
[0.491s] creating /workspaces/roboracer-purdue/roboracer_ws/install/f1tenth_stack/share/f1tenth_stack/launch
[0.492s] copying launch/bringup_launch.py -> /workspaces/roboracer-purdue/roboracer_ws/install/f1tenth_stack/share/f1tenth_stack/launch
[0.493s] creating /workspaces/roboracer-purdue/roboracer_ws/install/f1tenth_stack/share/f1tenth_stack/config
[0.495s] copying config/f1tenth_online_async.yaml -> /workspaces/roboracer-purdue/roboracer_ws/install/f1tenth_stack/share/f1tenth_stack/config
[0.496s] copying config/throttle_mix.yaml -> /workspaces/roboracer-purdue/roboracer_ws/install/f1tenth_stack/share/f1tenth_stack/config
[0.497s] copying config/sensors.yaml -> /workspaces/roboracer-purdue/roboracer_ws/install/f1tenth_stack/share/f1tenth_stack/config
[0.498s] copying config/speed_smoother.yaml -> /workspaces/roboracer-purdue/roboracer_ws/install/f1tenth_stack/share/f1tenth_stack/config
[0.499s] copying config/joy_teleop.yaml -> /workspaces/roboracer-purdue/roboracer_ws/install/f1tenth_stack/share/f1tenth_stack/config
[0.500s] copying config/vesc.yaml -> /workspaces/roboracer-purdue/roboracer_ws/install/f1tenth_stack/share/f1tenth_stack/config
[0.502s] copying config/mux.yaml -> /workspaces/roboracer-purdue/roboracer_ws/install/f1tenth_stack/share/f1tenth_stack/config
[0.504s] running install_egg_info
[0.505s] Copying ../../../build/f1tenth_stack/f1tenth_stack.egg-info to /workspaces/roboracer-purdue/roboracer_ws/install/f1tenth_stack/lib/python3.10/site-packages/f1tenth_stack-0.0.1-py3.10.egg-info
[0.514s] running install_scripts
[0.529s] Installing speed_smoother script to /workspaces/roboracer-purdue/roboracer_ws/install/f1tenth_stack/lib/f1tenth_stack
[0.530s] Installing tf_publisher script to /workspaces/roboracer-purdue/roboracer_ws/install/f1tenth_stack/lib/f1tenth_stack
[0.531s] Installing throttle_interpolator script to /workspaces/roboracer-purdue/roboracer_ws/install/f1tenth_stack/lib/f1tenth_stack
[0.531s] Installing throttle_mix script to /workspaces/roboracer-purdue/roboracer_ws/install/f1tenth_stack/lib/f1tenth_stack
[0.532s] writing list of installed files to '/workspaces/roboracer-purdue/roboracer_ws/build/f1tenth_stack/install.log'
[0.549s] Invoked command in '/workspaces/roboracer-purdue/roboracer_ws/src/f1tenth_system/f1tenth_stack' returned '0': AMENT_PREFIX_PATH=/workspaces/roboracer-purdue/roboracer_ws/install/ackermann_mux:${AMENT_PREFIX_PATH} CMAKE_PREFIX_PATH=/workspaces/roboracer-purdue/roboracer_ws/install/ackermann_mux PYTHONPATH=/workspaces/roboracer-purdue/roboracer_ws/build/f1tenth_stack/prefix_override:/usr/lib/python3/dist-packages/colcon_core/task/python/colcon_distutils_commands:/workspaces/roboracer-purdue/roboracer_ws/install/f1tenth_stack/lib/python3.10/site-packages:${PYTHONPATH} /usr/bin/python3 -W ignore:setup.py install is deprecated -W ignore:easy_install command is deprecated setup.py egg_info --egg-base ../../../build/f1tenth_stack build --build-base /workspaces/roboracer-purdue/roboracer_ws/build/f1tenth_stack/build install --record /workspaces/roboracer-purdue/roboracer_ws/build/f1tenth_stack/install.log --install-scripts $base/lib/f1tenth_stack --single-version-externally-managed install_data
