[0.637s] Invoking command in '/home/patchychan/arc_ws/ARC-PI-ROSCODE/lab2_ws/safety_node': PYTHONPATH=/home/patchychan/arc_ws/ARC-PI-ROSCODE/lab2_ws/build/safety_node/prefix_override:/usr/lib/python3/dist-packages/colcon_core/task/python/colcon_distutils_commands:/home/patchychan/arc_ws/ARC-PI-ROSCODE/lab2_ws/install/safety_node/lib/python3.10/site-packages:${PYTHONPATH} /usr/bin/python3 -W ignore:setup.py install is deprecated -W ignore:easy_install command is deprecated setup.py egg_info --egg-base ../build/safety_node build --build-base /home/patchychan/arc_ws/ARC-PI-ROSCODE/lab2_ws/build/safety_node/build install --record /home/patchychan/arc_ws/ARC-PI-ROSCODE/lab2_ws/build/safety_node/install.log --install-scripts $base/lib/safety_node --single-version-externally-managed install_data
[0.810s] /usr/lib/python3/dist-packages/setuptools/dist.py:723: UserWarning: Usage of dash-separated 'script-dir' will not be supported in future versions. Please use the underscore name 'script_dir' instead
[0.810s]   warnings.warn(
[0.816s] running egg_info
[0.816s] writing ../build/safety_node/safety_node.egg-info/PKG-INFO
[0.817s] writing dependency_links to ../build/safety_node/safety_node.egg-info/dependency_links.txt
[0.817s] writing entry points to ../build/safety_node/safety_node.egg-info/entry_points.txt
[0.817s] writing requirements to ../build/safety_node/safety_node.egg-info/requires.txt
[0.818s] writing top-level names to ../build/safety_node/safety_node.egg-info/top_level.txt
[0.819s] reading manifest file '../build/safety_node/safety_node.egg-info/SOURCES.txt'
[0.819s] writing manifest file '../build/safety_node/safety_node.egg-info/SOURCES.txt'
[0.820s] running build
[0.820s] running build_py
[0.820s] copying safety_node/emergency_break.py -> /home/patchychan/arc_ws/ARC-PI-ROSCODE/lab2_ws/build/safety_node/build/lib/safety_node
[0.821s] running install
[0.821s] running install_lib
[0.821s] copying /home/patchychan/arc_ws/ARC-PI-ROSCODE/lab2_ws/build/safety_node/build/lib/safety_node/emergency_break.py -> /home/patchychan/arc_ws/ARC-PI-ROSCODE/lab2_ws/install/safety_node/lib/python3.10/site-packages/safety_node
[0.822s] byte-compiling /home/patchychan/arc_ws/ARC-PI-ROSCODE/lab2_ws/install/safety_node/lib/python3.10/site-packages/safety_node/emergency_break.py to emergency_break.cpython-310.pyc
[0.823s] running install_data
[0.823s] running install_egg_info
[0.825s] removing '/home/patchychan/arc_ws/ARC-PI-ROSCODE/lab2_ws/install/safety_node/lib/python3.10/site-packages/safety_node-0.0.0-py3.10.egg-info' (and everything under it)
[0.825s] Copying ../build/safety_node/safety_node.egg-info to /home/patchychan/arc_ws/ARC-PI-ROSCODE/lab2_ws/install/safety_node/lib/python3.10/site-packages/safety_node-0.0.0-py3.10.egg-info
[0.826s] running install_scripts
[0.843s] Installing emergency_break script to /home/patchychan/arc_ws/ARC-PI-ROSCODE/lab2_ws/install/safety_node/lib/safety_node
[0.843s] writing list of installed files to '/home/patchychan/arc_ws/ARC-PI-ROSCODE/lab2_ws/build/safety_node/install.log'
[0.861s] Invoked command in '/home/patchychan/arc_ws/ARC-PI-ROSCODE/lab2_ws/safety_node' returned '0': PYTHONPATH=/home/patchychan/arc_ws/ARC-PI-ROSCODE/lab2_ws/build/safety_node/prefix_override:/usr/lib/python3/dist-packages/colcon_core/task/python/colcon_distutils_commands:/home/patchychan/arc_ws/ARC-PI-ROSCODE/lab2_ws/install/safety_node/lib/python3.10/site-packages:${PYTHONPATH} /usr/bin/python3 -W ignore:setup.py install is deprecated -W ignore:easy_install command is deprecated setup.py egg_info --egg-base ../build/safety_node build --build-base /home/patchychan/arc_ws/ARC-PI-ROSCODE/lab2_ws/build/safety_node/build install --record /home/patchychan/arc_ws/ARC-PI-ROSCODE/lab2_ws/build/safety_node/install.log --install-scripts $base/lib/safety_node --single-version-externally-managed install_data
