running egg_info
writing ../../build/simple_driver/simple_driver.egg-info/PKG-INFO
writing dependency_links to ../../build/simple_driver/simple_driver.egg-info/dependency_links.txt
writing entry points to ../../build/simple_driver/simple_driver.egg-info/entry_points.txt
writing requirements to ../../build/simple_driver/simple_driver.egg-info/requires.txt
writing top-level names to ../../build/simple_driver/simple_driver.egg-info/top_level.txt
reading manifest file '../../build/simple_driver/simple_driver.egg-info/SOURCES.txt'
writing manifest file '../../build/simple_driver/simple_driver.egg-info/SOURCES.txt'
running build
running build_py
copying simple_driver/template.py -> /home/patchychan/roboracer_template_ws/build/simple_driver/build/lib/simple_driver
running install
running install_lib
copying /home/patchychan/roboracer_template_ws/build/simple_driver/build/lib/simple_driver/template.py -> /home/patchychan/roboracer_template_ws/install/simple_driver/lib/python3.10/site-packages/simple_driver
byte-compiling /home/patchychan/roboracer_template_ws/install/simple_driver/lib/python3.10/site-packages/simple_driver/template.py to template.cpython-310.pyc
running install_data
running install_egg_info
removing '/home/patchychan/roboracer_template_ws/install/simple_driver/lib/python3.10/site-packages/simple_driver-0.0.0-py3.10.egg-info' (and everything under it)
Copying ../../build/simple_driver/simple_driver.egg-info to /home/patchychan/roboracer_template_ws/install/simple_driver/lib/python3.10/site-packages/simple_driver-0.0.0-py3.10.egg-info
running install_scripts
Installing simple_driver script to /home/patchychan/roboracer_template_ws/install/simple_driver/lib/simple_driver
writing list of installed files to '/home/patchychan/roboracer_template_ws/build/simple_driver/install.log'
