[0.534s] Invoking command in '/home/patchy/arc_ws/ARC-PI-ROSCODE/lab4_ws/gap_follow': PYTHONPATH=/home/patchy/arc_ws/ARC-PI-ROSCODE/lab4_ws/build/gap_follow/prefix_override:/usr/lib/python3/dist-packages/colcon_core/task/python/colcon_distutils_commands:/home/patchy/arc_ws/ARC-PI-ROSCODE/lab4_ws/install/gap_follow/lib/python3.8/site-packages:${PYTHONPATH} /usr/bin/python3 -W ignore:setup.py install is deprecated -W ignore:easy_install command is deprecated setup.py egg_info --egg-base ../build/gap_follow build --build-base /home/patchy/arc_ws/ARC-PI-ROSCODE/lab4_ws/build/gap_follow/build install --record /home/patchy/arc_ws/ARC-PI-ROSCODE/lab4_ws/build/gap_follow/install.log --install-scripts $base/lib/gap_follow --single-version-externally-managed install_data
[0.682s] /home/patchy/.local/lib/python3.8/site-packages/setuptools/dist.py:723: UserWarning: Usage of dash-separated 'script-dir' will not be supported in future versions. Please use the underscore name 'script_dir' instead
[0.682s]   warnings.warn(
[0.698s] running egg_info
[0.698s] creating ../build/gap_follow/gap_follow.egg-info
[0.704s] writing manifest file '../build/gap_follow/gap_follow.egg-info/SOURCES.txt'
[0.706s] writing manifest file '../build/gap_follow/gap_follow.egg-info/SOURCES.txt'
[0.706s] running build
[0.706s] running build_py
[0.706s] creating /home/patchy/arc_ws/ARC-PI-ROSCODE/lab4_ws/build/gap_follow/build
[0.706s] creating /home/patchy/arc_ws/ARC-PI-ROSCODE/lab4_ws/build/gap_follow/build/lib
[0.706s] creating /home/patchy/arc_ws/ARC-PI-ROSCODE/lab4_ws/build/gap_follow/build/lib/gap_follow
[0.706s] copying gap_follow/__init__.py -> /home/patchy/arc_ws/ARC-PI-ROSCODE/lab4_ws/build/gap_follow/build/lib/gap_follow
[0.706s] copying gap_follow/gap_follow.py -> /home/patchy/arc_ws/ARC-PI-ROSCODE/lab4_ws/build/gap_follow/build/lib/gap_follow
[0.706s] running install
[0.708s] running install_lib
[0.708s] creating /home/patchy/arc_ws/ARC-PI-ROSCODE/lab4_ws/install/gap_follow/lib/python3.8/site-packages/gap_follow
[0.708s] byte-compiling /home/patchy/arc_ws/ARC-PI-ROSCODE/lab4_ws/install/gap_follow/lib/python3.8/site-packages/gap_follow/__init__.py to __init__.cpython-38.pyc
[0.709s] byte-compiling /home/patchy/arc_ws/ARC-PI-ROSCODE/lab4_ws/install/gap_follow/lib/python3.8/site-packages/gap_follow/gap_follow.py to gap_follow.cpython-38.pyc
[0.709s]   File "/home/patchy/arc_ws/ARC-PI-ROSCODE/lab4_ws/install/gap_follow/lib/python3.8/site-packages/gap_follow/gap_follow.py", line 56
[0.709s]     for i in range(minID + 1, beam_b_id)
[0.709s]                                        ^
[0.709s] SyntaxError: invalid syntax
[0.709s] 
[0.709s] running install_data
[0.709s] creating /home/patchy/arc_ws/ARC-PI-ROSCODE/lab4_ws/install/gap_follow/share/ament_index
[0.709s] creating /home/patchy/arc_ws/ARC-PI-ROSCODE/lab4_ws/install/gap_follow/share/ament_index/resource_index
[0.709s] creating /home/patchy/arc_ws/ARC-PI-ROSCODE/lab4_ws/install/gap_follow/share/ament_index/resource_index/packages
[0.709s] copying resource/gap_follow -> /home/patchy/arc_ws/ARC-PI-ROSCODE/lab4_ws/install/gap_follow/share/ament_index/resource_index/packages
[0.709s] copying package.xml -> /home/patchy/arc_ws/ARC-PI-ROSCODE/lab4_ws/install/gap_follow/share/gap_follow
[0.710s] running install_egg_info
[0.710s] Copying ../build/gap_follow/gap_follow.egg-info to /home/patchy/arc_ws/ARC-PI-ROSCODE/lab4_ws/install/gap_follow/lib/python3.8/site-packages/gap_follow-0.0.0-py3.8.egg-info
[0.713s] running install_scripts
[0.725s] writing list of installed files to '/home/patchy/arc_ws/ARC-PI-ROSCODE/lab4_ws/build/gap_follow/install.log'
[0.740s] Invoked command in '/home/patchy/arc_ws/ARC-PI-ROSCODE/lab4_ws/gap_follow' returned '0': PYTHONPATH=/home/patchy/arc_ws/ARC-PI-ROSCODE/lab4_ws/build/gap_follow/prefix_override:/usr/lib/python3/dist-packages/colcon_core/task/python/colcon_distutils_commands:/home/patchy/arc_ws/ARC-PI-ROSCODE/lab4_ws/install/gap_follow/lib/python3.8/site-packages:${PYTHONPATH} /usr/bin/python3 -W ignore:setup.py install is deprecated -W ignore:easy_install command is deprecated setup.py egg_info --egg-base ../build/gap_follow build --build-base /home/patchy/arc_ws/ARC-PI-ROSCODE/lab4_ws/build/gap_follow/build install --record /home/patchy/arc_ws/ARC-PI-ROSCODE/lab4_ws/build/gap_follow/install.log --install-scripts $base/lib/gap_follow --single-version-externally-managed install_data
