[0.016s] Invoking command in '/workspaces/roboracer-purdue/roboracer_ws/build/ackermann_mux': CMAKE_PREFIX_PATH=/opt/ros/humble /usr/bin/cmake /workspaces/roboracer-purdue/roboracer_ws/src/f1tenth_system/ackermann_mux -DCMAKE_INSTALL_PREFIX=/workspaces/roboracer-purdue/roboracer_ws/install/ackermann_mux
[0.113s] -- The C compiler identification is GNU 11.4.0
[0.198s] -- The CXX compiler identification is GNU 11.4.0
[0.215s] -- Detecting C compiler ABI info
[0.313s] -- Detecting C compiler ABI info - done
[0.332s] -- Check for working C compiler: /usr/bin/cc - skipped
[0.333s] -- Detecting C compile features
[0.333s] -- Detecting C compile features - done
[0.340s] -- Detecting CXX compiler ABI info
[0.433s] -- Detecting CXX compiler ABI info - done
[0.440s] -- Check for working CXX compiler: /usr/bin/c++ - skipped
[0.441s] -- Detecting CXX compile features
[0.442s] -- Detecting CXX compile features - done
[0.458s] -- Found ament_cmake: 1.3.14 (/opt/ros/humble/share/ament_cmake/cmake)
[0.569s] -- Found Python3: /usr/bin/python3 (found version "3.10.12") found components: Interpreter 
[0.663s] -- Found rclcpp: 16.0.21 (/opt/ros/humble/share/rclcpp/cmake)
[0.705s] -- Found rosidl_generator_c: 3.1.9 (/opt/ros/humble/share/rosidl_generator_c/cmake)
[0.710s] -- Found rosidl_adapter: 3.1.9 (/opt/ros/humble/share/rosidl_adapter/cmake)
[0.719s] -- Found rosidl_generator_cpp: 3.1.9 (/opt/ros/humble/share/rosidl_generator_cpp/cmake)
[0.731s] -- Using all available rosidl_typesupport_c: rosidl_typesupport_fastrtps_c;rosidl_typesupport_introspection_c
[0.745s] -- Using all available rosidl_typesupport_cpp: rosidl_typesupport_fastrtps_cpp;rosidl_typesupport_introspection_cpp
[0.783s] -- Found rmw_implementation_cmake: 6.1.4 (/opt/ros/humble/share/rmw_implementation_cmake/cmake)
[0.785s] -- Found rmw_fastrtps_cpp: 6.2.10 (/opt/ros/humble/share/rmw_fastrtps_cpp/cmake)
[0.846s] -- Found OpenSSL: /usr/lib/aarch64-linux-gnu/libcrypto.so (found version "3.0.2")  
[0.871s] -- Found FastRTPS: /opt/ros/humble/include  
[0.898s] -- Using RMW implementation 'rmw_fastrtps_cpp' as default
[0.908s] -- Looking for pthread.h
[0.984s] -- Looking for pthread.h - found
[0.985s] -- Performing Test CMAKE_HAVE_LIBC_PTHREAD
[1.053s] -- Performing Test CMAKE_HAVE_LIBC_PTHREAD - Success
[1.054s] -- Found Threads: TRUE  
[1.108s] -- Found ackermann_msgs: 2.0.2 (/opt/ros/humble/share/ackermann_msgs/cmake)
[1.123s] -- Found diagnostic_updater: 4.0.7 (/opt/ros/humble/share/diagnostic_updater/cmake)
[1.146s] -- Found ament_lint_auto: 0.12.15 (/opt/ros/humble/share/ament_lint_auto/cmake)
[1.220s] -- Found python_cmake_module: 0.10.0 (/opt/ros/humble/share/python_cmake_module/cmake)
[1.234s] -- Found PythonInterp: /usr/bin/python3 (found suitable version "3.10.12", minimum required is "3.6") 
[1.239s] -- Found PythonLibs: /usr/lib/aarch64-linux-gnu/libpython3.10.so (found suitable version "3.10.12", minimum required is "3.5") 
[1.239s] -- Using PYTHON_EXECUTABLE: /usr/bin/python3
[1.239s] -- Using PYTHON_INCLUDE_DIRS: /usr/include/python3.10
[1.239s] -- Using PYTHON_LIBRARIES: /usr/lib/aarch64-linux-gnu/libpython3.10.so
[1.260s] -- Found PythonExtra: .so  
[1.277s] -- Added test 'xmllint' to check XML markup files
[1.278s] -- Added test 'copyright' to check source files copyright and LICENSE
[1.288s] -- Added test 'cppcheck' to perform static code analysis on C / C++ code
[1.289s] -- Configured cppcheck include dirs: /workspaces/roboracer-purdue/roboracer_ws/src/f1tenth_system/ackermann_mux/include
[1.290s] -- Configured cppcheck exclude dirs and/or files: 
[1.303s] -- Added test 'cpplint' to check C / C++ code against the Google style
[1.303s] -- Configured cpplint exclude dirs and/or files: 
[1.305s] -- Added test 'flake8' to check Python code syntax and style conventions
[1.309s] -- Added test 'lint_cmake' to check CMake code style
[1.312s] -- Added test 'pep257' to check Python code against some of the docstring style conventions in PEP 257
[1.328s] -- Added test 'uncrustify' to check C / C++ code style
[1.328s] -- Configured uncrustify additional arguments: 
[1.345s] -- Configuring done
[1.377s] -- Generating done
[1.393s] -- Build files have been written to: /workspaces/roboracer-purdue/roboracer_ws/build/ackermann_mux
[1.397s] Invoked command in '/workspaces/roboracer-purdue/roboracer_ws/build/ackermann_mux' returned '0': CMAKE_PREFIX_PATH=/opt/ros/humble /usr/bin/cmake /workspaces/roboracer-purdue/roboracer_ws/src/f1tenth_system/ackermann_mux -DCMAKE_INSTALL_PREFIX=/workspaces/roboracer-purdue/roboracer_ws/install/ackermann_mux
[1.399s] Invoking command in '/workspaces/roboracer-purdue/roboracer_ws/build/ackermann_mux': CMAKE_PREFIX_PATH=/opt/ros/humble /usr/bin/cmake --build /workspaces/roboracer-purdue/roboracer_ws/build/ackermann_mux -- -j4 -l4
[1.429s] [ 75%] [32mBuilding CXX object CMakeFiles/ackermann_mux.dir/src/ackermann_mux_node.cpp.o[0m
[1.430s] [ 75%] [32mBuilding CXX object CMakeFiles/ackermann_mux.dir/src/ackermann_mux.cpp.o[0m
[1.430s] [ 75%] [32mBuilding CXX object CMakeFiles/ackermann_mux.dir/src/ackermann_mux_diagnostics.cpp.o[0m
[7.933s] [100%] [32m[1mLinking CXX executable ackermann_mux[0m
[8.505s] [100%] Built target ackermann_mux
[8.515s] Invoked command in '/workspaces/roboracer-purdue/roboracer_ws/build/ackermann_mux' returned '0': CMAKE_PREFIX_PATH=/opt/ros/humble /usr/bin/cmake --build /workspaces/roboracer-purdue/roboracer_ws/build/ackermann_mux -- -j4 -l4
[8.522s] Invoking command in '/workspaces/roboracer-purdue/roboracer_ws/build/ackermann_mux': CMAKE_PREFIX_PATH=/opt/ros/humble /usr/bin/cmake --install /workspaces/roboracer-purdue/roboracer_ws/build/ackermann_mux
[8.525s] -- Install configuration: ""
[8.526s] -- Installing: /workspaces/roboracer-purdue/roboracer_ws/install/ackermann_mux/lib/ackermann_mux/ackermann_mux
[8.595s] -- Set runtime path of "/workspaces/roboracer-purdue/roboracer_ws/install/ackermann_mux/lib/ackermann_mux/ackermann_mux" to ""
[8.596s] -- Installing: /workspaces/roboracer-purdue/roboracer_ws/install/ackermann_mux/share/ackermann_mux/launch
[8.597s] -- Installing: /workspaces/roboracer-purdue/roboracer_ws/install/ackermann_mux/share/ackermann_mux/launch/ackermann_mux_launch.py
[8.599s] -- Installing: /workspaces/roboracer-purdue/roboracer_ws/install/ackermann_mux/share/ackermann_mux/config
[8.600s] -- Installing: /workspaces/roboracer-purdue/roboracer_ws/install/ackermann_mux/share/ackermann_mux/config/ackermann_mux_topics.yaml
[8.602s] -- Installing: /workspaces/roboracer-purdue/roboracer_ws/install/ackermann_mux/share/ackermann_mux/config/ackermann_mux_locks.yaml
[8.604s] -- Installing: /workspaces/roboracer-purdue/roboracer_ws/install/ackermann_mux/share/ackermann_mux/config/joystick.yaml
[8.606s] -- Installing: /workspaces/roboracer-purdue/roboracer_ws/install/ackermann_mux/include
[8.607s] -- Installing: /workspaces/roboracer-purdue/roboracer_ws/install/ackermann_mux/include/ackermann_mux
[8.608s] -- Installing: /workspaces/roboracer-purdue/roboracer_ws/install/ackermann_mux/include/ackermann_mux/ackermann_mux_diagnostics_status.hpp
[8.610s] -- Installing: /workspaces/roboracer-purdue/roboracer_ws/install/ackermann_mux/include/ackermann_mux/ackermann_mux.hpp
[8.612s] -- Installing: /workspaces/roboracer-purdue/roboracer_ws/install/ackermann_mux/include/ackermann_mux/ackermann_mux_diagnostics.hpp
[8.614s] -- Installing: /workspaces/roboracer-purdue/roboracer_ws/install/ackermann_mux/include/ackermann_mux/topic_handle.hpp
[8.615s] -- Installing: /workspaces/roboracer-purdue/roboracer_ws/install/ackermann_mux/include/ackermann_mux/params_helpers.hpp
[8.617s] -- Installing: /workspaces/roboracer-purdue/roboracer_ws/install/ackermann_mux/include/ackermann_mux/utils.hpp
[8.620s] -- Installing: /workspaces/roboracer-purdue/roboracer_ws/install/ackermann_mux/share/ament_index/resource_index/package_run_dependencies/ackermann_mux
[8.622s] -- Installing: /workspaces/roboracer-purdue/roboracer_ws/install/ackermann_mux/share/ament_index/resource_index/parent_prefix_path/ackermann_mux
[8.625s] -- Installing: /workspaces/roboracer-purdue/roboracer_ws/install/ackermann_mux/share/ackermann_mux/environment/ament_prefix_path.sh
[8.626s] -- Installing: /workspaces/roboracer-purdue/roboracer_ws/install/ackermann_mux/share/ackermann_mux/environment/ament_prefix_path.dsv
[8.628s] -- Installing: /workspaces/roboracer-purdue/roboracer_ws/install/ackermann_mux/share/ackermann_mux/environment/path.sh
[8.630s] -- Installing: /workspaces/roboracer-purdue/roboracer_ws/install/ackermann_mux/share/ackermann_mux/environment/path.dsv
[8.632s] -- Installing: /workspaces/roboracer-purdue/roboracer_ws/install/ackermann_mux/share/ackermann_mux/local_setup.bash
[8.633s] -- Installing: /workspaces/roboracer-purdue/roboracer_ws/install/ackermann_mux/share/ackermann_mux/local_setup.sh
[8.635s] -- Installing: /workspaces/roboracer-purdue/roboracer_ws/install/ackermann_mux/share/ackermann_mux/local_setup.zsh
[8.637s] -- Installing: /workspaces/roboracer-purdue/roboracer_ws/install/ackermann_mux/share/ackermann_mux/local_setup.dsv
[8.639s] -- Installing: /workspaces/roboracer-purdue/roboracer_ws/install/ackermann_mux/share/ackermann_mux/package.dsv
[8.641s] -- Installing: /workspaces/roboracer-purdue/roboracer_ws/install/ackermann_mux/share/ament_index/resource_index/packages/ackermann_mux
[8.643s] -- Installing: /workspaces/roboracer-purdue/roboracer_ws/install/ackermann_mux/share/ackermann_mux/cmake/ament_cmake_export_include_directories-extras.cmake
[8.645s] -- Installing: /workspaces/roboracer-purdue/roboracer_ws/install/ackermann_mux/share/ackermann_mux/cmake/ament_cmake_export_dependencies-extras.cmake
[8.647s] -- Installing: /workspaces/roboracer-purdue/roboracer_ws/install/ackermann_mux/share/ackermann_mux/cmake/ackermann_muxConfig.cmake
[8.649s] -- Installing: /workspaces/roboracer-purdue/roboracer_ws/install/ackermann_mux/share/ackermann_mux/cmake/ackermann_muxConfig-version.cmake
[8.651s] -- Installing: /workspaces/roboracer-purdue/roboracer_ws/install/ackermann_mux/share/ackermann_mux/package.xml
[8.654s] Invoked command in '/workspaces/roboracer-purdue/roboracer_ws/build/ackermann_mux' returned '0': CMAKE_PREFIX_PATH=/opt/ros/humble /usr/bin/cmake --install /workspaces/roboracer-purdue/roboracer_ws/build/ackermann_mux
