running egg_info
creating ../../build/simple_driver/simple_driver.egg-info
writing ../../build/simple_driver/simple_driver.egg-info/PKG-INFO
writing dependency_links to ../../build/simple_driver/simple_driver.egg-info/dependency_links.txt
writing entry points to ../../build/simple_driver/simple_driver.egg-info/entry_points.txt
writing requirements to ../../build/simple_driver/simple_driver.egg-info/requires.txt
writing top-level names to ../../build/simple_driver/simple_driver.egg-info/top_level.txt
writing manifest file '../../build/simple_driver/simple_driver.egg-info/SOURCES.txt'
reading manifest file '../../build/simple_driver/simple_driver.egg-info/SOURCES.txt'
writing manifest file '../../build/simple_driver/simple_driver.egg-info/SOURCES.txt'
running build
running build_py
creating /home/patchychan/roboracer_template_ws/build/simple_driver/build
creating /home/patchychan/roboracer_template_ws/build/simple_driver/build/lib
creating /home/patchychan/roboracer_template_ws/build/simple_driver/build/lib/simple_driver
copying simple_driver/template.py -> /home/patchychan/roboracer_template_ws/build/simple_driver/build/lib/simple_driver
copying simple_driver/__init__.py -> /home/patchychan/roboracer_template_ws/build/simple_driver/build/lib/simple_driver
running install
running install_lib
creating /home/patchychan/roboracer_template_ws/install/simple_driver/lib/python3.10/site-packages/simple_driver
copying /home/patchychan/roboracer_template_ws/build/simple_driver/build/lib/simple_driver/template.py -> /home/patchychan/roboracer_template_ws/install/simple_driver/lib/python3.10/site-packages/simple_driver
copying /home/patchychan/roboracer_template_ws/build/simple_driver/build/lib/simple_driver/__init__.py -> /home/patchychan/roboracer_template_ws/install/simple_driver/lib/python3.10/site-packages/simple_driver
byte-compiling /home/patchychan/roboracer_template_ws/install/simple_driver/lib/python3.10/site-packages/simple_driver/template.py to template.cpython-310.pyc
byte-compiling /home/patchychan/roboracer_template_ws/install/simple_driver/lib/python3.10/site-packages/simple_driver/__init__.py to __init__.cpython-310.pyc
running install_data
creating /home/patchychan/roboracer_template_ws/install/simple_driver/share/ament_index
creating /home/patchychan/roboracer_template_ws/install/simple_driver/share/ament_index/resource_index
creating /home/patchychan/roboracer_template_ws/install/simple_driver/share/ament_index/resource_index/packages
copying resource/simple_driver -> /home/patchychan/roboracer_template_ws/install/simple_driver/share/ament_index/resource_index/packages
copying package.xml -> /home/patchychan/roboracer_template_ws/install/simple_driver/share/simple_driver
running install_egg_info
Copying ../../build/simple_driver/simple_driver.egg-info to /home/patchychan/roboracer_template_ws/install/simple_driver/lib/python3.10/site-packages/simple_driver-0.0.0-py3.10.egg-info
running install_scripts
Installing simple_driver script to /home/patchychan/roboracer_template_ws/install/simple_driver/lib/simple_driver
writing list of installed files to '/home/patchychan/roboracer_template_ws/build/simple_driver/install.log'
