/workspaces/roboracer-purdue/roboracer_ws/install/f1tenth_stack/lib/python3.10/site-packages/f1tenth_stack/speed_smoother.py
/workspaces/roboracer-purdue/roboracer_ws/install/f1tenth_stack/lib/python3.10/site-packages/f1tenth_stack/tf_publisher.py
/workspaces/roboracer-purdue/roboracer_ws/install/f1tenth_stack/lib/python3.10/site-packages/f1tenth_stack/throttle_interpolator.py
/workspaces/roboracer-purdue/roboracer_ws/install/f1tenth_stack/lib/python3.10/site-packages/f1tenth_stack/throttle_mix.py
/workspaces/roboracer-purdue/roboracer_ws/install/f1tenth_stack/lib/python3.10/site-packages/f1tenth_stack/__init__.py
/workspaces/roboracer-purdue/roboracer_ws/install/f1tenth_stack/lib/python3.10/site-packages/f1tenth_stack/__pycache__/speed_smoother.cpython-310.pyc
/workspaces/roboracer-purdue/roboracer_ws/install/f1tenth_stack/lib/python3.10/site-packages/f1tenth_stack/__pycache__/tf_publisher.cpython-310.pyc
/workspaces/roboracer-purdue/roboracer_ws/install/f1tenth_stack/lib/python3.10/site-packages/f1tenth_stack/__pycache__/throttle_interpolator.cpython-310.pyc
/workspaces/roboracer-purdue/roboracer_ws/install/f1tenth_stack/lib/python3.10/site-packages/f1tenth_stack/__pycache__/throttle_mix.cpython-310.pyc
/workspaces/roboracer-purdue/roboracer_ws/install/f1tenth_stack/lib/python3.10/site-packages/f1tenth_stack/__pycache__/__init__.cpython-310.pyc
/workspaces/roboracer-purdue/roboracer_ws/install/f1tenth_stack/share/ament_index/resource_index/packages/f1tenth_stack
/workspaces/roboracer-purdue/roboracer_ws/install/f1tenth_stack/share/f1tenth_stack/package.xml
/workspaces/roboracer-purdue/roboracer_ws/install/f1tenth_stack/share/f1tenth_stack/launch/bringup_launch.py
/workspaces/roboracer-purdue/roboracer_ws/install/f1tenth_stack/share/f1tenth_stack/config/f1tenth_online_async.yaml
/workspaces/roboracer-purdue/roboracer_ws/install/f1tenth_stack/share/f1tenth_stack/config/joy_teleop.yaml
/workspaces/roboracer-purdue/roboracer_ws/install/f1tenth_stack/share/f1tenth_stack/config/mux.yaml
/workspaces/roboracer-purdue/roboracer_ws/install/f1tenth_stack/share/f1tenth_stack/config/sensors.yaml
/workspaces/roboracer-purdue/roboracer_ws/install/f1tenth_stack/share/f1tenth_stack/config/speed_smoother.yaml
/workspaces/roboracer-purdue/roboracer_ws/install/f1tenth_stack/share/f1tenth_stack/config/throttle_mix.yaml
/workspaces/roboracer-purdue/roboracer_ws/install/f1tenth_stack/share/f1tenth_stack/config/vesc.yaml
/workspaces/roboracer-purdue/roboracer_ws/install/f1tenth_stack/lib/python3.10/site-packages/f1tenth_stack-0.0.1-py3.10.egg-info/dependency_links.txt
/workspaces/roboracer-purdue/roboracer_ws/install/f1tenth_stack/lib/python3.10/site-packages/f1tenth_stack-0.0.1-py3.10.egg-info/entry_points.txt
/workspaces/roboracer-purdue/roboracer_ws/install/f1tenth_stack/lib/python3.10/site-packages/f1tenth_stack-0.0.1-py3.10.egg-info/PKG-INFO
/workspaces/roboracer-purdue/roboracer_ws/install/f1tenth_stack/lib/python3.10/site-packages/f1tenth_stack-0.0.1-py3.10.egg-info/requires.txt
/workspaces/roboracer-purdue/roboracer_ws/install/f1tenth_stack/lib/python3.10/site-packages/f1tenth_stack-0.0.1-py3.10.egg-info/SOURCES.txt
/workspaces/roboracer-purdue/roboracer_ws/install/f1tenth_stack/lib/python3.10/site-packages/f1tenth_stack-0.0.1-py3.10.egg-info/top_level.txt
/workspaces/roboracer-purdue/roboracer_ws/install/f1tenth_stack/lib/python3.10/site-packages/f1tenth_stack-0.0.1-py3.10.egg-info/zip-safe
/workspaces/roboracer-purdue/roboracer_ws/install/f1tenth_stack/lib/f1tenth_stack/speed_smoother
/workspaces/roboracer-purdue/roboracer_ws/install/f1tenth_stack/lib/f1tenth_stack/tf_publisher
/workspaces/roboracer-purdue/roboracer_ws/install/f1tenth_stack/lib/f1tenth_stack/throttle_interpolator
/workspaces/roboracer-purdue/roboracer_ws/install/f1tenth_stack/lib/f1tenth_stack/throttle_mix
