[0.346s] DEBUG:colcon:Command line arguments: ['/usr/bin/colcon', 'build']
[0.346s] DEBUG:colcon:Parsed command line arguments: Namespace(allow_overriding=[], ament_cmake_args=None, base_paths=['.'], build_base='build', catkin_cmake_args=None, catkin_skip_building_tests=False, cmake_args=None, cmake_clean_cache=False, cmake_clean_first=False, cmake_force_configure=False, cmake_target=None, cmake_target_skip_unavailable=False, continue_on_error=False, event_handlers=None, executor='parallel', ignore_user_meta=False, install_base='install', log_base=None, log_level=None, main=<bound method BuildVerb.main of <colcon_core.verb.build.BuildVerb object at 0x787fe4cdfbb0>>, merge_install=False, metas=['./colcon.meta'], mixin=None, mixin_files=None, mixin_verb=('build',), packages_above=None, packages_above_and_dependencies=None, packages_above_depth=None, packages_end=None, packages_ignore=None, packages_ignore_regex=None, packages_select=None, packages_select_build_failed=False, packages_select_by_dep=None, packages_select_regex=None, packages_select_test_failures=False, packages_skip=None, packages_skip_build_finished=False, packages_skip_by_dep=None, packages_skip_regex=None, packages_skip_test_passed=False, packages_skip_up_to=None, packages_start=None, packages_up_to=None, packages_up_to_regex=None, parallel_workers=22, paths=None, symlink_install=False, test_result_base=None, verb_extension=<colcon_core.verb.build.BuildVerb object at 0x787fe4cdfbb0>, verb_name='build', verb_parser=<colcon_mixin.mixin.mixin_argument.MixinArgumentDecorator object at 0x787fe4bc01c0>)
[0.499s] Level 1:colcon.colcon_core.package_discovery:discover_packages(colcon_meta) check parameters
[0.499s] Level 1:colcon.colcon_core.package_discovery:discover_packages(recursive) check parameters
[0.500s] Level 1:colcon.colcon_core.package_discovery:discover_packages(ignore) check parameters
[0.500s] Level 1:colcon.colcon_core.package_discovery:discover_packages(path) check parameters
[0.500s] Level 1:colcon.colcon_core.package_discovery:discover_packages(colcon_meta) discover
[0.500s] Level 1:colcon.colcon_core.package_discovery:discover_packages(recursive) discover
[0.500s] INFO:colcon.colcon_core.package_discovery:Crawling recursively for packages in '/home/patchy/arc_ws/ARC-PI-ROSCODE/lab5_ws'
[0.500s] Level 1:colcon.colcon_core.package_identification:_identify(.) by extensions ['ignore', 'ignore_ament_install']
[0.500s] Level 1:colcon.colcon_core.package_identification:_identify(.) by extension 'ignore'
[0.500s] Level 1:colcon.colcon_core.package_identification:_identify(.) by extension 'ignore_ament_install'
[0.500s] Level 1:colcon.colcon_core.package_identification:_identify(.) by extensions ['colcon_pkg']
[0.500s] Level 1:colcon.colcon_core.package_identification:_identify(.) by extension 'colcon_pkg'
[0.500s] Level 1:colcon.colcon_core.package_identification:_identify(.) by extensions ['colcon_meta']
[0.500s] Level 1:colcon.colcon_core.package_identification:_identify(.) by extension 'colcon_meta'
[0.500s] Level 1:colcon.colcon_core.package_identification:_identify(.) by extensions ['ros']
[0.501s] Level 1:colcon.colcon_core.package_identification:_identify(.) by extension 'ros'
[0.518s] Level 1:colcon.colcon_core.package_identification:_identify(.) by extensions ['cmake', 'python']
[0.519s] Level 1:colcon.colcon_core.package_identification:_identify(.) by extension 'cmake'
[0.519s] Level 1:colcon.colcon_core.package_identification:_identify(.) by extension 'python'
[0.519s] Level 1:colcon.colcon_core.package_identification:_identify(.) by extensions ['python_setup_py']
[0.519s] Level 1:colcon.colcon_core.package_identification:_identify(.) by extension 'python_setup_py'
[0.520s] Level 1:colcon.colcon_core.package_identification:_identify(build) by extensions ['ignore', 'ignore_ament_install']
[0.520s] Level 1:colcon.colcon_core.package_identification:_identify(build) by extension 'ignore'
[0.520s] Level 1:colcon.colcon_core.package_identification:_identify(build) ignored
[0.520s] Level 1:colcon.colcon_core.package_identification:_identify(install) by extensions ['ignore', 'ignore_ament_install']
[0.520s] Level 1:colcon.colcon_core.package_identification:_identify(install) by extension 'ignore'
[0.520s] Level 1:colcon.colcon_core.package_identification:_identify(install) ignored
[0.520s] Level 1:colcon.colcon_core.package_identification:_identify(log) by extensions ['ignore', 'ignore_ament_install']
[0.520s] Level 1:colcon.colcon_core.package_identification:_identify(log) by extension 'ignore'
[0.520s] Level 1:colcon.colcon_core.package_identification:_identify(log) ignored
[0.520s] Level 1:colcon.colcon_core.package_identification:_identify(pure_pursuit) by extensions ['ignore', 'ignore_ament_install']
[0.521s] Level 1:colcon.colcon_core.package_identification:_identify(pure_pursuit) by extension 'ignore'
[0.521s] Level 1:colcon.colcon_core.package_identification:_identify(pure_pursuit) by extension 'ignore_ament_install'
[0.521s] Level 1:colcon.colcon_core.package_identification:_identify(pure_pursuit) by extensions ['colcon_pkg']
[0.521s] Level 1:colcon.colcon_core.package_identification:_identify(pure_pursuit) by extension 'colcon_pkg'
[0.521s] Level 1:colcon.colcon_core.package_identification:_identify(pure_pursuit) by extensions ['colcon_meta']
[0.521s] Level 1:colcon.colcon_core.package_identification:_identify(pure_pursuit) by extension 'colcon_meta'
[0.521s] Level 1:colcon.colcon_core.package_identification:_identify(pure_pursuit) by extensions ['ros']
[0.521s] Level 1:colcon.colcon_core.package_identification:_identify(pure_pursuit) by extension 'ros'
[0.524s] DEBUG:colcon.colcon_core.package_identification:Package 'pure_pursuit' with type 'ros.ament_python' and name 'pure_pursuit'
[0.524s] Level 1:colcon.colcon_core.package_identification:_identify(visualize_waypoints) by extensions ['ignore', 'ignore_ament_install']
[0.525s] Level 1:colcon.colcon_core.package_identification:_identify(visualize_waypoints) by extension 'ignore'
[0.525s] Level 1:colcon.colcon_core.package_identification:_identify(visualize_waypoints) by extension 'ignore_ament_install'
[0.525s] Level 1:colcon.colcon_core.package_identification:_identify(visualize_waypoints) by extensions ['colcon_pkg']
[0.525s] Level 1:colcon.colcon_core.package_identification:_identify(visualize_waypoints) by extension 'colcon_pkg'
[0.525s] Level 1:colcon.colcon_core.package_identification:_identify(visualize_waypoints) by extensions ['colcon_meta']
[0.525s] Level 1:colcon.colcon_core.package_identification:_identify(visualize_waypoints) by extension 'colcon_meta'
[0.525s] Level 1:colcon.colcon_core.package_identification:_identify(visualize_waypoints) by extensions ['ros']
[0.525s] Level 1:colcon.colcon_core.package_identification:_identify(visualize_waypoints) by extension 'ros'
[0.525s] DEBUG:colcon.colcon_core.package_identification:Package 'visualize_waypoints' with type 'ros.ament_python' and name 'visualize_waypoints'
[0.525s] Level 1:colcon.colcon_core.package_identification:_identify(waypoint_logger) by extensions ['ignore', 'ignore_ament_install']
[0.525s] Level 1:colcon.colcon_core.package_identification:_identify(waypoint_logger) by extension 'ignore'
[0.525s] Level 1:colcon.colcon_core.package_identification:_identify(waypoint_logger) by extension 'ignore_ament_install'
[0.526s] Level 1:colcon.colcon_core.package_identification:_identify(waypoint_logger) by extensions ['colcon_pkg']
[0.526s] Level 1:colcon.colcon_core.package_identification:_identify(waypoint_logger) by extension 'colcon_pkg'
[0.526s] Level 1:colcon.colcon_core.package_identification:_identify(waypoint_logger) by extensions ['colcon_meta']
[0.526s] Level 1:colcon.colcon_core.package_identification:_identify(waypoint_logger) by extension 'colcon_meta'
[0.526s] Level 1:colcon.colcon_core.package_identification:_identify(waypoint_logger) by extensions ['ros']
[0.526s] Level 1:colcon.colcon_core.package_identification:_identify(waypoint_logger) by extension 'ros'
[0.526s] DEBUG:colcon.colcon_core.package_identification:Package 'waypoint_logger' with type 'ros.ament_python' and name 'waypoint_logger'
[0.526s] Level 1:colcon.colcon_core.package_discovery:discover_packages(recursive) using defaults
[0.526s] Level 1:colcon.colcon_core.package_discovery:discover_packages(ignore) discover
[0.526s] Level 1:colcon.colcon_core.package_discovery:discover_packages(ignore) using defaults
[0.526s] Level 1:colcon.colcon_core.package_discovery:discover_packages(path) discover
[0.526s] Level 1:colcon.colcon_core.package_discovery:discover_packages(path) using defaults
[0.542s] Level 1:colcon.colcon_core.package_discovery:discover_packages(prefix_path) check parameters
[0.543s] Level 1:colcon.colcon_core.package_discovery:discover_packages(prefix_path) discover
[0.544s] DEBUG:colcon.colcon_installed_package_information.package_discovery:Found 3 installed packages in /home/patchy/arc_ws/ARC-PI-ROSCODE/lab5_ws/install
[0.544s] DEBUG:colcon.colcon_installed_package_information.package_discovery:Found 224 installed packages in /opt/ros/foxy
[0.545s] Level 1:colcon.colcon_core.package_discovery:discover_packages(prefix_path) using defaults
[0.571s] Level 5:colcon.colcon_core.verb:set package 'pure_pursuit' build argument 'cmake_args' from command line to 'None'
[0.572s] Level 5:colcon.colcon_core.verb:set package 'pure_pursuit' build argument 'cmake_target' from command line to 'None'
[0.572s] Level 5:colcon.colcon_core.verb:set package 'pure_pursuit' build argument 'cmake_target_skip_unavailable' from command line to 'False'
[0.572s] Level 5:colcon.colcon_core.verb:set package 'pure_pursuit' build argument 'cmake_clean_cache' from command line to 'False'
[0.572s] Level 5:colcon.colcon_core.verb:set package 'pure_pursuit' build argument 'cmake_clean_first' from command line to 'False'
[0.572s] Level 5:colcon.colcon_core.verb:set package 'pure_pursuit' build argument 'cmake_force_configure' from command line to 'False'
[0.572s] Level 5:colcon.colcon_core.verb:set package 'pure_pursuit' build argument 'ament_cmake_args' from command line to 'None'
[0.572s] Level 5:colcon.colcon_core.verb:set package 'pure_pursuit' build argument 'catkin_cmake_args' from command line to 'None'
[0.572s] Level 5:colcon.colcon_core.verb:set package 'pure_pursuit' build argument 'catkin_skip_building_tests' from command line to 'False'
[0.572s] DEBUG:colcon.colcon_core.verb:Building package 'pure_pursuit' with the following arguments: {'ament_cmake_args': None, 'build_base': '/home/patchy/arc_ws/ARC-PI-ROSCODE/lab5_ws/build/pure_pursuit', 'catkin_cmake_args': None, 'catkin_skip_building_tests': False, 'cmake_args': None, 'cmake_clean_cache': False, 'cmake_clean_first': False, 'cmake_force_configure': False, 'cmake_target': None, 'cmake_target_skip_unavailable': False, 'install_base': '/home/patchy/arc_ws/ARC-PI-ROSCODE/lab5_ws/install/pure_pursuit', 'merge_install': False, 'path': '/home/patchy/arc_ws/ARC-PI-ROSCODE/lab5_ws/pure_pursuit', 'symlink_install': False, 'test_result_base': None}
[0.572s] Level 5:colcon.colcon_core.verb:set package 'visualize_waypoints' build argument 'cmake_args' from command line to 'None'
[0.572s] Level 5:colcon.colcon_core.verb:set package 'visualize_waypoints' build argument 'cmake_target' from command line to 'None'
[0.572s] Level 5:colcon.colcon_core.verb:set package 'visualize_waypoints' build argument 'cmake_target_skip_unavailable' from command line to 'False'
[0.572s] Level 5:colcon.colcon_core.verb:set package 'visualize_waypoints' build argument 'cmake_clean_cache' from command line to 'False'
[0.572s] Level 5:colcon.colcon_core.verb:set package 'visualize_waypoints' build argument 'cmake_clean_first' from command line to 'False'
[0.572s] Level 5:colcon.colcon_core.verb:set package 'visualize_waypoints' build argument 'cmake_force_configure' from command line to 'False'
[0.572s] Level 5:colcon.colcon_core.verb:set package 'visualize_waypoints' build argument 'ament_cmake_args' from command line to 'None'
[0.572s] Level 5:colcon.colcon_core.verb:set package 'visualize_waypoints' build argument 'catkin_cmake_args' from command line to 'None'
[0.572s] Level 5:colcon.colcon_core.verb:set package 'visualize_waypoints' build argument 'catkin_skip_building_tests' from command line to 'False'
[0.572s] DEBUG:colcon.colcon_core.verb:Building package 'visualize_waypoints' with the following arguments: {'ament_cmake_args': None, 'build_base': '/home/patchy/arc_ws/ARC-PI-ROSCODE/lab5_ws/build/visualize_waypoints', 'catkin_cmake_args': None, 'catkin_skip_building_tests': False, 'cmake_args': None, 'cmake_clean_cache': False, 'cmake_clean_first': False, 'cmake_force_configure': False, 'cmake_target': None, 'cmake_target_skip_unavailable': False, 'install_base': '/home/patchy/arc_ws/ARC-PI-ROSCODE/lab5_ws/install/visualize_waypoints', 'merge_install': False, 'path': '/home/patchy/arc_ws/ARC-PI-ROSCODE/lab5_ws/visualize_waypoints', 'symlink_install': False, 'test_result_base': None}
[0.572s] Level 5:colcon.colcon_core.verb:set package 'waypoint_logger' build argument 'cmake_args' from command line to 'None'
[0.572s] Level 5:colcon.colcon_core.verb:set package 'waypoint_logger' build argument 'cmake_target' from command line to 'None'
[0.572s] Level 5:colcon.colcon_core.verb:set package 'waypoint_logger' build argument 'cmake_target_skip_unavailable' from command line to 'False'
[0.572s] Level 5:colcon.colcon_core.verb:set package 'waypoint_logger' build argument 'cmake_clean_cache' from command line to 'False'
[0.572s] Level 5:colcon.colcon_core.verb:set package 'waypoint_logger' build argument 'cmake_clean_first' from command line to 'False'
[0.572s] Level 5:colcon.colcon_core.verb:set package 'waypoint_logger' build argument 'cmake_force_configure' from command line to 'False'
[0.572s] Level 5:colcon.colcon_core.verb:set package 'waypoint_logger' build argument 'ament_cmake_args' from command line to 'None'
[0.572s] Level 5:colcon.colcon_core.verb:set package 'waypoint_logger' build argument 'catkin_cmake_args' from command line to 'None'
[0.572s] Level 5:colcon.colcon_core.verb:set package 'waypoint_logger' build argument 'catkin_skip_building_tests' from command line to 'False'
[0.572s] DEBUG:colcon.colcon_core.verb:Building package 'waypoint_logger' with the following arguments: {'ament_cmake_args': None, 'build_base': '/home/patchy/arc_ws/ARC-PI-ROSCODE/lab5_ws/build/waypoint_logger', 'catkin_cmake_args': None, 'catkin_skip_building_tests': False, 'cmake_args': None, 'cmake_clean_cache': False, 'cmake_clean_first': False, 'cmake_force_configure': False, 'cmake_target': None, 'cmake_target_skip_unavailable': False, 'install_base': '/home/patchy/arc_ws/ARC-PI-ROSCODE/lab5_ws/install/waypoint_logger', 'merge_install': False, 'path': '/home/patchy/arc_ws/ARC-PI-ROSCODE/lab5_ws/waypoint_logger', 'symlink_install': False, 'test_result_base': None}
[0.573s] INFO:colcon.colcon_core.executor:Executing jobs using 'parallel' executor
[0.573s] DEBUG:colcon.colcon_parallel_executor.executor.parallel:run_until_complete
[0.574s] INFO:colcon.colcon_ros.task.ament_python.build:Building ROS package in '/home/patchy/arc_ws/ARC-PI-ROSCODE/lab5_ws/pure_pursuit' with build type 'ament_python'
[0.574s] Level 1:colcon.colcon_core.shell:create_environment_hook('pure_pursuit', 'ament_prefix_path')
[0.582s] INFO:colcon.colcon_core.plugin_system:Skipping extension 'colcon_core.shell.bat': Not used on non-Windows systems
[0.583s] INFO:colcon.colcon_core.shell:Creating environment hook '/home/patchy/arc_ws/ARC-PI-ROSCODE/lab5_ws/install/pure_pursuit/share/pure_pursuit/hook/ament_prefix_path.ps1'
[0.584s] INFO:colcon.colcon_core.shell:Creating environment descriptor '/home/patchy/arc_ws/ARC-PI-ROSCODE/lab5_ws/install/pure_pursuit/share/pure_pursuit/hook/ament_prefix_path.dsv'
[0.584s] INFO:colcon.colcon_core.shell:Creating environment hook '/home/patchy/arc_ws/ARC-PI-ROSCODE/lab5_ws/install/pure_pursuit/share/pure_pursuit/hook/ament_prefix_path.sh'
[0.585s] INFO:colcon.colcon_core.shell:Skip shell extension 'powershell' for command environment: Not usable outside of PowerShell
[0.585s] DEBUG:colcon.colcon_core.shell:Skip shell extension 'dsv' for command environment
[0.589s] INFO:colcon.colcon_ros.task.ament_python.build:Building ROS package in '/home/patchy/arc_ws/ARC-PI-ROSCODE/lab5_ws/visualize_waypoints' with build type 'ament_python'
[0.589s] Level 1:colcon.colcon_core.shell:create_environment_hook('visualize_waypoints', 'ament_prefix_path')
[0.590s] INFO:colcon.colcon_core.shell:Creating environment hook '/home/patchy/arc_ws/ARC-PI-ROSCODE/lab5_ws/install/visualize_waypoints/share/visualize_waypoints/hook/ament_prefix_path.ps1'
[0.590s] INFO:colcon.colcon_core.shell:Creating environment descriptor '/home/patchy/arc_ws/ARC-PI-ROSCODE/lab5_ws/install/visualize_waypoints/share/visualize_waypoints/hook/ament_prefix_path.dsv'
[0.591s] INFO:colcon.colcon_core.shell:Creating environment hook '/home/patchy/arc_ws/ARC-PI-ROSCODE/lab5_ws/install/visualize_waypoints/share/visualize_waypoints/hook/ament_prefix_path.sh'
[0.591s] INFO:colcon.colcon_core.shell:Skip shell extension 'powershell' for command environment: Not usable outside of PowerShell
[0.591s] DEBUG:colcon.colcon_core.shell:Skip shell extension 'dsv' for command environment
[0.594s] INFO:colcon.colcon_ros.task.ament_python.build:Building ROS package in '/home/patchy/arc_ws/ARC-PI-ROSCODE/lab5_ws/waypoint_logger' with build type 'ament_python'
[0.594s] Level 1:colcon.colcon_core.shell:create_environment_hook('waypoint_logger', 'ament_prefix_path')
[0.595s] INFO:colcon.colcon_core.shell:Creating environment hook '/home/patchy/arc_ws/ARC-PI-ROSCODE/lab5_ws/install/waypoint_logger/share/waypoint_logger/hook/ament_prefix_path.ps1'
[0.595s] INFO:colcon.colcon_core.shell:Creating environment descriptor '/home/patchy/arc_ws/ARC-PI-ROSCODE/lab5_ws/install/waypoint_logger/share/waypoint_logger/hook/ament_prefix_path.dsv'
[0.595s] INFO:colcon.colcon_core.shell:Creating environment hook '/home/patchy/arc_ws/ARC-PI-ROSCODE/lab5_ws/install/waypoint_logger/share/waypoint_logger/hook/ament_prefix_path.sh'
[0.596s] INFO:colcon.colcon_core.shell:Skip shell extension 'powershell' for command environment: Not usable outside of PowerShell
[0.596s] DEBUG:colcon.colcon_core.shell:Skip shell extension 'dsv' for command environment
[0.846s] INFO:colcon.colcon_core.task.python.build:Building Python package in '/home/patchy/arc_ws/ARC-PI-ROSCODE/lab5_ws/pure_pursuit'
[0.847s] INFO:colcon.colcon_core.shell:Skip shell extension 'powershell' for command environment: Not usable outside of PowerShell
[0.847s] DEBUG:colcon.colcon_core.shell:Skip shell extension 'dsv' for command environment
[1.106s] INFO:colcon.colcon_core.task.python.build:Building Python package in '/home/patchy/arc_ws/ARC-PI-ROSCODE/lab5_ws/visualize_waypoints'
[1.107s] INFO:colcon.colcon_core.shell:Skip shell extension 'powershell' for command environment: Not usable outside of PowerShell
[1.107s] DEBUG:colcon.colcon_core.shell:Skip shell extension 'dsv' for command environment
[1.353s] INFO:colcon.colcon_core.task.python.build:Building Python package in '/home/patchy/arc_ws/ARC-PI-ROSCODE/lab5_ws/waypoint_logger'
[1.354s] INFO:colcon.colcon_core.shell:Skip shell extension 'powershell' for command environment: Not usable outside of PowerShell
[1.354s] DEBUG:colcon.colcon_core.shell:Skip shell extension 'dsv' for command environment
[1.747s] DEBUG:colcon.colcon_core.event_handler.log_command:Invoking command in '/home/patchy/arc_ws/ARC-PI-ROSCODE/lab5_ws/visualize_waypoints': CONDA_PROMPT_MODIFIER=(base) PYTHONPATH=/home/patchy/arc_ws/ARC-PI-ROSCODE/lab5_ws/build/visualize_waypoints/prefix_override:/usr/lib/python3/dist-packages/colcon_core/task/python/colcon_distutils_commands:/home/patchy/arc_ws/ARC-PI-ROSCODE/lab5_ws/install/visualize_waypoints/lib/python3.8/site-packages:${PYTHONPATH} /usr/bin/python3 -W ignore:setup.py install is deprecated -W ignore:easy_install command is deprecated setup.py egg_info --egg-base ../build/visualize_waypoints build --build-base /home/patchy/arc_ws/ARC-PI-ROSCODE/lab5_ws/build/visualize_waypoints/build install --record /home/patchy/arc_ws/ARC-PI-ROSCODE/lab5_ws/build/visualize_waypoints/install.log --install-scripts $base/lib/visualize_waypoints --single-version-externally-managed install_data
[1.754s] DEBUG:colcon.colcon_core.event_handler.log_command:Invoking command in '/home/patchy/arc_ws/ARC-PI-ROSCODE/lab5_ws/pure_pursuit': CONDA_PROMPT_MODIFIER=(base) PYTHONPATH=/home/patchy/arc_ws/ARC-PI-ROSCODE/lab5_ws/build/pure_pursuit/prefix_override:/usr/lib/python3/dist-packages/colcon_core/task/python/colcon_distutils_commands:/home/patchy/arc_ws/ARC-PI-ROSCODE/lab5_ws/install/pure_pursuit/lib/python3.8/site-packages:${PYTHONPATH} /usr/bin/python3 -W ignore:setup.py install is deprecated -W ignore:easy_install command is deprecated setup.py egg_info --egg-base ../build/pure_pursuit build --build-base /home/patchy/arc_ws/ARC-PI-ROSCODE/lab5_ws/build/pure_pursuit/build install --record /home/patchy/arc_ws/ARC-PI-ROSCODE/lab5_ws/build/pure_pursuit/install.log --install-scripts $base/lib/pure_pursuit --single-version-externally-managed install_data
[1.759s] DEBUG:colcon.colcon_core.event_handler.log_command:Invoking command in '/home/patchy/arc_ws/ARC-PI-ROSCODE/lab5_ws/waypoint_logger': CONDA_PROMPT_MODIFIER=(base) PYTHONPATH=/home/patchy/arc_ws/ARC-PI-ROSCODE/lab5_ws/build/waypoint_logger/prefix_override:/usr/lib/python3/dist-packages/colcon_core/task/python/colcon_distutils_commands:/home/patchy/arc_ws/ARC-PI-ROSCODE/lab5_ws/install/waypoint_logger/lib/python3.8/site-packages:${PYTHONPATH} /usr/bin/python3 -W ignore:setup.py install is deprecated -W ignore:easy_install command is deprecated setup.py egg_info --egg-base ../build/waypoint_logger build --build-base /home/patchy/arc_ws/ARC-PI-ROSCODE/lab5_ws/build/waypoint_logger/build install --record /home/patchy/arc_ws/ARC-PI-ROSCODE/lab5_ws/build/waypoint_logger/install.log --install-scripts $base/lib/waypoint_logger --single-version-externally-managed install_data
[2.016s] DEBUG:colcon.colcon_core.event_handler.log_command:Invoked command in '/home/patchy/arc_ws/ARC-PI-ROSCODE/lab5_ws/pure_pursuit' returned '0': CONDA_PROMPT_MODIFIER=(base) PYTHONPATH=/home/patchy/arc_ws/ARC-PI-ROSCODE/lab5_ws/build/pure_pursuit/prefix_override:/usr/lib/python3/dist-packages/colcon_core/task/python/colcon_distutils_commands:/home/patchy/arc_ws/ARC-PI-ROSCODE/lab5_ws/install/pure_pursuit/lib/python3.8/site-packages:${PYTHONPATH} /usr/bin/python3 -W ignore:setup.py install is deprecated -W ignore:easy_install command is deprecated setup.py egg_info --egg-base ../build/pure_pursuit build --build-base /home/patchy/arc_ws/ARC-PI-ROSCODE/lab5_ws/build/pure_pursuit/build install --record /home/patchy/arc_ws/ARC-PI-ROSCODE/lab5_ws/build/pure_pursuit/install.log --install-scripts $base/lib/pure_pursuit --single-version-externally-managed install_data
[2.027s] Level 1:colcon.colcon_core.environment:checking '/home/patchy/arc_ws/ARC-PI-ROSCODE/lab5_ws/install/pure_pursuit' for CMake module files
[2.028s] Level 1:colcon.colcon_core.environment:checking '/home/patchy/arc_ws/ARC-PI-ROSCODE/lab5_ws/install/pure_pursuit' for CMake config files
[2.028s] Level 1:colcon.colcon_core.environment:checking '/home/patchy/arc_ws/ARC-PI-ROSCODE/lab5_ws/install/pure_pursuit/lib'
[2.028s] Level 1:colcon.colcon_core.environment:checking '/home/patchy/arc_ws/ARC-PI-ROSCODE/lab5_ws/install/pure_pursuit/bin'
[2.029s] Level 1:colcon.colcon_core.environment:checking '/home/patchy/arc_ws/ARC-PI-ROSCODE/lab5_ws/install/pure_pursuit/lib/pkgconfig/pure_pursuit.pc'
[2.029s] Level 1:colcon.colcon_core.environment:checking '/home/patchy/arc_ws/ARC-PI-ROSCODE/lab5_ws/install/pure_pursuit/lib/python3.8/site-packages'
[2.029s] Level 1:colcon.colcon_core.shell:create_environment_hook('pure_pursuit', 'pythonpath')
[2.029s] INFO:colcon.colcon_core.shell:Creating environment hook '/home/patchy/arc_ws/ARC-PI-ROSCODE/lab5_ws/install/pure_pursuit/share/pure_pursuit/hook/pythonpath.ps1'
[2.029s] INFO:colcon.colcon_core.shell:Creating environment descriptor '/home/patchy/arc_ws/ARC-PI-ROSCODE/lab5_ws/install/pure_pursuit/share/pure_pursuit/hook/pythonpath.dsv'
[2.030s] INFO:colcon.colcon_core.shell:Creating environment hook '/home/patchy/arc_ws/ARC-PI-ROSCODE/lab5_ws/install/pure_pursuit/share/pure_pursuit/hook/pythonpath.sh'
[2.030s] Level 1:colcon.colcon_core.environment:checking '/home/patchy/arc_ws/ARC-PI-ROSCODE/lab5_ws/install/pure_pursuit/bin'
[2.030s] Level 1:colcon.colcon_core.environment:create_environment_scripts_only(pure_pursuit)
[2.030s] INFO:colcon.colcon_core.shell:Creating package script '/home/patchy/arc_ws/ARC-PI-ROSCODE/lab5_ws/install/pure_pursuit/share/pure_pursuit/package.ps1'
[2.031s] INFO:colcon.colcon_core.shell:Creating package descriptor '/home/patchy/arc_ws/ARC-PI-ROSCODE/lab5_ws/install/pure_pursuit/share/pure_pursuit/package.dsv'
[2.031s] INFO:colcon.colcon_core.shell:Creating package script '/home/patchy/arc_ws/ARC-PI-ROSCODE/lab5_ws/install/pure_pursuit/share/pure_pursuit/package.sh'
[2.032s] INFO:colcon.colcon_core.shell:Creating package script '/home/patchy/arc_ws/ARC-PI-ROSCODE/lab5_ws/install/pure_pursuit/share/pure_pursuit/package.bash'
[2.033s] INFO:colcon.colcon_core.shell:Creating package script '/home/patchy/arc_ws/ARC-PI-ROSCODE/lab5_ws/install/pure_pursuit/share/pure_pursuit/package.zsh'
[2.033s] Level 1:colcon.colcon_core.environment:create_file_with_runtime_dependencies(/home/patchy/arc_ws/ARC-PI-ROSCODE/lab5_ws/install/pure_pursuit/share/colcon-core/packages/pure_pursuit)
[2.035s] Level 1:colcon.colcon_core.environment:checking '/home/patchy/arc_ws/ARC-PI-ROSCODE/lab5_ws/install/visualize_waypoints' for CMake module files
[2.036s] Level 1:colcon.colcon_core.environment:checking '/home/patchy/arc_ws/ARC-PI-ROSCODE/lab5_ws/install/visualize_waypoints' for CMake config files
[2.036s] DEBUG:colcon.colcon_core.event_handler.log_command:Invoked command in '/home/patchy/arc_ws/ARC-PI-ROSCODE/lab5_ws/visualize_waypoints' returned '0': CONDA_PROMPT_MODIFIER=(base) PYTHONPATH=/home/patchy/arc_ws/ARC-PI-ROSCODE/lab5_ws/build/visualize_waypoints/prefix_override:/usr/lib/python3/dist-packages/colcon_core/task/python/colcon_distutils_commands:/home/patchy/arc_ws/ARC-PI-ROSCODE/lab5_ws/install/visualize_waypoints/lib/python3.8/site-packages:${PYTHONPATH} /usr/bin/python3 -W ignore:setup.py install is deprecated -W ignore:easy_install command is deprecated setup.py egg_info --egg-base ../build/visualize_waypoints build --build-base /home/patchy/arc_ws/ARC-PI-ROSCODE/lab5_ws/build/visualize_waypoints/build install --record /home/patchy/arc_ws/ARC-PI-ROSCODE/lab5_ws/build/visualize_waypoints/install.log --install-scripts $base/lib/visualize_waypoints --single-version-externally-managed install_data
[2.037s] Level 1:colcon.colcon_core.environment:checking '/home/patchy/arc_ws/ARC-PI-ROSCODE/lab5_ws/install/visualize_waypoints/lib'
[2.037s] Level 1:colcon.colcon_core.environment:checking '/home/patchy/arc_ws/ARC-PI-ROSCODE/lab5_ws/install/visualize_waypoints/bin'
[2.037s] Level 1:colcon.colcon_core.environment:checking '/home/patchy/arc_ws/ARC-PI-ROSCODE/lab5_ws/install/visualize_waypoints/lib/pkgconfig/visualize_waypoints.pc'
[2.037s] Level 1:colcon.colcon_core.environment:checking '/home/patchy/arc_ws/ARC-PI-ROSCODE/lab5_ws/install/visualize_waypoints/lib/python3.8/site-packages'
[2.037s] Level 1:colcon.colcon_core.shell:create_environment_hook('visualize_waypoints', 'pythonpath')
[2.037s] INFO:colcon.colcon_core.shell:Creating environment hook '/home/patchy/arc_ws/ARC-PI-ROSCODE/lab5_ws/install/visualize_waypoints/share/visualize_waypoints/hook/pythonpath.ps1'
[2.038s] INFO:colcon.colcon_core.shell:Creating environment descriptor '/home/patchy/arc_ws/ARC-PI-ROSCODE/lab5_ws/install/visualize_waypoints/share/visualize_waypoints/hook/pythonpath.dsv'
[2.038s] INFO:colcon.colcon_core.shell:Creating environment hook '/home/patchy/arc_ws/ARC-PI-ROSCODE/lab5_ws/install/visualize_waypoints/share/visualize_waypoints/hook/pythonpath.sh'
[2.038s] Level 1:colcon.colcon_core.environment:checking '/home/patchy/arc_ws/ARC-PI-ROSCODE/lab5_ws/install/visualize_waypoints/bin'
[2.039s] Level 1:colcon.colcon_core.environment:create_environment_scripts_only(visualize_waypoints)
[2.039s] INFO:colcon.colcon_core.shell:Creating package script '/home/patchy/arc_ws/ARC-PI-ROSCODE/lab5_ws/install/visualize_waypoints/share/visualize_waypoints/package.ps1'
[2.039s] INFO:colcon.colcon_core.shell:Creating package descriptor '/home/patchy/arc_ws/ARC-PI-ROSCODE/lab5_ws/install/visualize_waypoints/share/visualize_waypoints/package.dsv'
[2.039s] INFO:colcon.colcon_core.shell:Creating package script '/home/patchy/arc_ws/ARC-PI-ROSCODE/lab5_ws/install/visualize_waypoints/share/visualize_waypoints/package.sh'
[2.040s] INFO:colcon.colcon_core.shell:Creating package script '/home/patchy/arc_ws/ARC-PI-ROSCODE/lab5_ws/install/visualize_waypoints/share/visualize_waypoints/package.bash'
[2.040s] INFO:colcon.colcon_core.shell:Creating package script '/home/patchy/arc_ws/ARC-PI-ROSCODE/lab5_ws/install/visualize_waypoints/share/visualize_waypoints/package.zsh'
[2.040s] Level 1:colcon.colcon_core.environment:create_file_with_runtime_dependencies(/home/patchy/arc_ws/ARC-PI-ROSCODE/lab5_ws/install/visualize_waypoints/share/colcon-core/packages/visualize_waypoints)
[2.047s] Level 1:colcon.colcon_core.environment:checking '/home/patchy/arc_ws/ARC-PI-ROSCODE/lab5_ws/install/waypoint_logger' for CMake module files
[2.048s] DEBUG:colcon.colcon_core.event_handler.log_command:Invoked command in '/home/patchy/arc_ws/ARC-PI-ROSCODE/lab5_ws/waypoint_logger' returned '0': CONDA_PROMPT_MODIFIER=(base) PYTHONPATH=/home/patchy/arc_ws/ARC-PI-ROSCODE/lab5_ws/build/waypoint_logger/prefix_override:/usr/lib/python3/dist-packages/colcon_core/task/python/colcon_distutils_commands:/home/patchy/arc_ws/ARC-PI-ROSCODE/lab5_ws/install/waypoint_logger/lib/python3.8/site-packages:${PYTHONPATH} /usr/bin/python3 -W ignore:setup.py install is deprecated -W ignore:easy_install command is deprecated setup.py egg_info --egg-base ../build/waypoint_logger build --build-base /home/patchy/arc_ws/ARC-PI-ROSCODE/lab5_ws/build/waypoint_logger/build install --record /home/patchy/arc_ws/ARC-PI-ROSCODE/lab5_ws/build/waypoint_logger/install.log --install-scripts $base/lib/waypoint_logger --single-version-externally-managed install_data
[2.048s] Level 1:colcon.colcon_core.environment:checking '/home/patchy/arc_ws/ARC-PI-ROSCODE/lab5_ws/install/waypoint_logger' for CMake config files
[2.049s] Level 1:colcon.colcon_core.environment:checking '/home/patchy/arc_ws/ARC-PI-ROSCODE/lab5_ws/install/waypoint_logger/lib'
[2.049s] Level 1:colcon.colcon_core.environment:checking '/home/patchy/arc_ws/ARC-PI-ROSCODE/lab5_ws/install/waypoint_logger/bin'
[2.049s] Level 1:colcon.colcon_core.environment:checking '/home/patchy/arc_ws/ARC-PI-ROSCODE/lab5_ws/install/waypoint_logger/lib/pkgconfig/waypoint_logger.pc'
[2.049s] Level 1:colcon.colcon_core.environment:checking '/home/patchy/arc_ws/ARC-PI-ROSCODE/lab5_ws/install/waypoint_logger/lib/python3.8/site-packages'
[2.049s] Level 1:colcon.colcon_core.shell:create_environment_hook('waypoint_logger', 'pythonpath')
[2.050s] INFO:colcon.colcon_core.shell:Creating environment hook '/home/patchy/arc_ws/ARC-PI-ROSCODE/lab5_ws/install/waypoint_logger/share/waypoint_logger/hook/pythonpath.ps1'
[2.051s] INFO:colcon.colcon_core.shell:Creating environment descriptor '/home/patchy/arc_ws/ARC-PI-ROSCODE/lab5_ws/install/waypoint_logger/share/waypoint_logger/hook/pythonpath.dsv'
[2.052s] INFO:colcon.colcon_core.shell:Creating environment hook '/home/patchy/arc_ws/ARC-PI-ROSCODE/lab5_ws/install/waypoint_logger/share/waypoint_logger/hook/pythonpath.sh'
[2.054s] Level 1:colcon.colcon_core.environment:checking '/home/patchy/arc_ws/ARC-PI-ROSCODE/lab5_ws/install/waypoint_logger/bin'
[2.054s] Level 1:colcon.colcon_core.environment:create_environment_scripts_only(waypoint_logger)
[2.055s] INFO:colcon.colcon_core.shell:Creating package script '/home/patchy/arc_ws/ARC-PI-ROSCODE/lab5_ws/install/waypoint_logger/share/waypoint_logger/package.ps1'
[2.055s] INFO:colcon.colcon_core.shell:Creating package descriptor '/home/patchy/arc_ws/ARC-PI-ROSCODE/lab5_ws/install/waypoint_logger/share/waypoint_logger/package.dsv'
[2.056s] INFO:colcon.colcon_core.shell:Creating package script '/home/patchy/arc_ws/ARC-PI-ROSCODE/lab5_ws/install/waypoint_logger/share/waypoint_logger/package.sh'
[2.057s] INFO:colcon.colcon_core.shell:Creating package script '/home/patchy/arc_ws/ARC-PI-ROSCODE/lab5_ws/install/waypoint_logger/share/waypoint_logger/package.bash'
[2.057s] INFO:colcon.colcon_core.shell:Creating package script '/home/patchy/arc_ws/ARC-PI-ROSCODE/lab5_ws/install/waypoint_logger/share/waypoint_logger/package.zsh'
[2.057s] Level 1:colcon.colcon_core.environment:create_file_with_runtime_dependencies(/home/patchy/arc_ws/ARC-PI-ROSCODE/lab5_ws/install/waypoint_logger/share/colcon-core/packages/waypoint_logger)
[2.058s] DEBUG:colcon.colcon_parallel_executor.executor.parallel:closing loop
[2.058s] DEBUG:colcon.colcon_parallel_executor.executor.parallel:loop closed
[2.058s] DEBUG:colcon.colcon_parallel_executor.executor.parallel:run_until_complete finished with '0'
[2.059s] DEBUG:colcon.colcon_core.event_reactor:joining thread
[2.152s] INFO:colcon.colcon_core.plugin_system:Skipping extension 'colcon_notification.desktop_notification.notify_send': Could not find 'notify-send'
[2.152s] INFO:colcon.colcon_core.plugin_system:Skipping extension 'colcon_notification.desktop_notification.terminal_notifier': Not used on non-Darwin systems
[2.152s] INFO:colcon.colcon_core.plugin_system:Skipping extension 'colcon_notification.desktop_notification.win32': Not used on non-Windows systems
[2.153s] INFO:colcon.colcon_notification.desktop_notification:Sending desktop notification using 'notify2'
[2.153s] DEBUG:colcon.colcon_notification.desktop_notification.notify2:Failed to initialize notify2: org.freedesktop.DBus.Error.ServiceUnknown: The name org.freedesktop.Notifications was not provided by any .service files
[2.154s] DEBUG:colcon.colcon_core.event_reactor:joined thread
[2.154s] INFO:colcon.colcon_core.shell:Creating prefix script '/home/patchy/arc_ws/ARC-PI-ROSCODE/lab5_ws/install/local_setup.ps1'
[2.155s] INFO:colcon.colcon_core.shell:Creating prefix util module '/home/patchy/arc_ws/ARC-PI-ROSCODE/lab5_ws/install/_local_setup_util_ps1.py'
[2.156s] INFO:colcon.colcon_core.shell:Creating prefix chain script '/home/patchy/arc_ws/ARC-PI-ROSCODE/lab5_ws/install/setup.ps1'
[2.156s] INFO:colcon.colcon_core.shell:Creating prefix script '/home/patchy/arc_ws/ARC-PI-ROSCODE/lab5_ws/install/local_setup.sh'
[2.157s] INFO:colcon.colcon_core.shell:Creating prefix util module '/home/patchy/arc_ws/ARC-PI-ROSCODE/lab5_ws/install/_local_setup_util_sh.py'
[2.157s] INFO:colcon.colcon_core.shell:Creating prefix chain script '/home/patchy/arc_ws/ARC-PI-ROSCODE/lab5_ws/install/setup.sh'
[2.158s] INFO:colcon.colcon_core.shell:Creating prefix script '/home/patchy/arc_ws/ARC-PI-ROSCODE/lab5_ws/install/local_setup.bash'
[2.158s] INFO:colcon.colcon_core.shell:Creating prefix chain script '/home/patchy/arc_ws/ARC-PI-ROSCODE/lab5_ws/install/setup.bash'
[2.159s] INFO:colcon.colcon_core.shell:Creating prefix script '/home/patchy/arc_ws/ARC-PI-ROSCODE/lab5_ws/install/local_setup.zsh'
[2.159s] INFO:colcon.colcon_core.shell:Creating prefix chain script '/home/patchy/arc_ws/ARC-PI-ROSCODE/lab5_ws/install/setup.zsh'
