[0.528s] DEBUG:colcon:Command line arguments: ['/usr/bin/colcon', 'build']
[0.528s] DEBUG:colcon:Parsed command line arguments: Namespace(allow_overriding=[], ament_cmake_args=None, base_paths=['.'], build_base='build', catkin_cmake_args=None, catkin_skip_building_tests=False, cmake_args=None, cmake_clean_cache=False, cmake_clean_first=False, cmake_force_configure=False, cmake_target=None, cmake_target_skip_unavailable=False, continue_on_error=False, event_handlers=None, executor='parallel', ignore_user_meta=False, install_base='install', log_base=None, log_level=None, main=<bound method BuildVerb.main of <colcon_core.verb.build.BuildVerb object at 0x7b4bdf97a8e0>>, merge_install=False, metas=['./colcon.meta'], mixin=None, mixin_files=None, mixin_verb=('build',), packages_above=None, packages_above_and_dependencies=None, packages_above_depth=None, packages_end=None, packages_ignore=None, packages_ignore_regex=None, packages_select=None, packages_select_build_failed=False, packages_select_by_dep=None, packages_select_regex=None, packages_select_test_failures=False, packages_skip=None, packages_skip_build_finished=False, packages_skip_by_dep=None, packages_skip_regex=None, packages_skip_test_passed=False, packages_skip_up_to=None, packages_start=None, packages_up_to=None, packages_up_to_regex=None, parallel_workers=22, paths=None, symlink_install=False, test_result_base=None, verb_extension=<colcon_core.verb.build.BuildVerb object at 0x7b4bdf97a8e0>, verb_name='build', verb_parser=<colcon_mixin.mixin.mixin_argument.MixinArgumentDecorator object at 0x7b4bdf8d3eb0>)
[0.760s] Level 1:colcon.colcon_core.package_discovery:discover_packages(colcon_meta) check parameters
[0.760s] Level 1:colcon.colcon_core.package_discovery:discover_packages(recursive) check parameters
[0.760s] Level 1:colcon.colcon_core.package_discovery:discover_packages(ignore) check parameters
[0.760s] Level 1:colcon.colcon_core.package_discovery:discover_packages(path) check parameters
[0.760s] Level 1:colcon.colcon_core.package_discovery:discover_packages(colcon_meta) discover
[0.760s] Level 1:colcon.colcon_core.package_discovery:discover_packages(recursive) discover
[0.760s] INFO:colcon.colcon_core.package_discovery:Crawling recursively for packages in '/home/patchy/arc_ws/ARC-PI-ROSCODE/lab5_ws'
[0.760s] Level 1:colcon.colcon_core.package_identification:_identify(.) by extensions ['ignore', 'ignore_ament_install']
[0.760s] Level 1:colcon.colcon_core.package_identification:_identify(.) by extension 'ignore'
[0.760s] Level 1:colcon.colcon_core.package_identification:_identify(.) by extension 'ignore_ament_install'
[0.760s] Level 1:colcon.colcon_core.package_identification:_identify(.) by extensions ['colcon_pkg']
[0.760s] Level 1:colcon.colcon_core.package_identification:_identify(.) by extension 'colcon_pkg'
[0.760s] Level 1:colcon.colcon_core.package_identification:_identify(.) by extensions ['colcon_meta']
[0.760s] Level 1:colcon.colcon_core.package_identification:_identify(.) by extension 'colcon_meta'
[0.761s] Level 1:colcon.colcon_core.package_identification:_identify(.) by extensions ['ros']
[0.761s] Level 1:colcon.colcon_core.package_identification:_identify(.) by extension 'ros'
[0.785s] Level 1:colcon.colcon_core.package_identification:_identify(.) by extensions ['cmake', 'python']
[0.785s] Level 1:colcon.colcon_core.package_identification:_identify(.) by extension 'cmake'
[0.785s] Level 1:colcon.colcon_core.package_identification:_identify(.) by extension 'python'
[0.785s] Level 1:colcon.colcon_core.package_identification:_identify(.) by extensions ['python_setup_py']
[0.785s] Level 1:colcon.colcon_core.package_identification:_identify(.) by extension 'python_setup_py'
[0.786s] Level 1:colcon.colcon_core.package_identification:_identify(build) by extensions ['ignore', 'ignore_ament_install']
[0.786s] Level 1:colcon.colcon_core.package_identification:_identify(build) by extension 'ignore'
[0.786s] Level 1:colcon.colcon_core.package_identification:_identify(build) ignored
[0.786s] Level 1:colcon.colcon_core.package_identification:_identify(install) by extensions ['ignore', 'ignore_ament_install']
[0.786s] Level 1:colcon.colcon_core.package_identification:_identify(install) by extension 'ignore'
[0.786s] Level 1:colcon.colcon_core.package_identification:_identify(install) ignored
[0.786s] Level 1:colcon.colcon_core.package_identification:_identify(log) by extensions ['ignore', 'ignore_ament_install']
[0.786s] Level 1:colcon.colcon_core.package_identification:_identify(log) by extension 'ignore'
[0.787s] Level 1:colcon.colcon_core.package_identification:_identify(log) ignored
[0.787s] Level 1:colcon.colcon_core.package_identification:_identify(visualize_waypoints) by extensions ['ignore', 'ignore_ament_install']
[0.787s] Level 1:colcon.colcon_core.package_identification:_identify(visualize_waypoints) by extension 'ignore'
[0.787s] Level 1:colcon.colcon_core.package_identification:_identify(visualize_waypoints) by extension 'ignore_ament_install'
[0.787s] Level 1:colcon.colcon_core.package_identification:_identify(visualize_waypoints) by extensions ['colcon_pkg']
[0.787s] Level 1:colcon.colcon_core.package_identification:_identify(visualize_waypoints) by extension 'colcon_pkg'
[0.787s] Level 1:colcon.colcon_core.package_identification:_identify(visualize_waypoints) by extensions ['colcon_meta']
[0.787s] Level 1:colcon.colcon_core.package_identification:_identify(visualize_waypoints) by extension 'colcon_meta'
[0.787s] Level 1:colcon.colcon_core.package_identification:_identify(visualize_waypoints) by extensions ['ros']
[0.787s] Level 1:colcon.colcon_core.package_identification:_identify(visualize_waypoints) by extension 'ros'
[0.790s] DEBUG:colcon.colcon_core.package_identification:Package 'visualize_waypoints' with type 'ros.ament_python' and name 'visualize_waypoints'
[0.790s] Level 1:colcon.colcon_core.package_identification:_identify(waypoint_logger) by extensions ['ignore', 'ignore_ament_install']
[0.790s] Level 1:colcon.colcon_core.package_identification:_identify(waypoint_logger) by extension 'ignore'
[0.790s] Level 1:colcon.colcon_core.package_identification:_identify(waypoint_logger) by extension 'ignore_ament_install'
[0.790s] Level 1:colcon.colcon_core.package_identification:_identify(waypoint_logger) by extensions ['colcon_pkg']
[0.790s] Level 1:colcon.colcon_core.package_identification:_identify(waypoint_logger) by extension 'colcon_pkg'
[0.790s] Level 1:colcon.colcon_core.package_identification:_identify(waypoint_logger) by extensions ['colcon_meta']
[0.790s] Level 1:colcon.colcon_core.package_identification:_identify(waypoint_logger) by extension 'colcon_meta'
[0.790s] Level 1:colcon.colcon_core.package_identification:_identify(waypoint_logger) by extensions ['ros']
[0.790s] Level 1:colcon.colcon_core.package_identification:_identify(waypoint_logger) by extension 'ros'
[0.791s] DEBUG:colcon.colcon_core.package_identification:Package 'waypoint_logger' with type 'ros.ament_python' and name 'waypoint_logger'
[0.791s] Level 1:colcon.colcon_core.package_discovery:discover_packages(recursive) using defaults
[0.791s] Level 1:colcon.colcon_core.package_discovery:discover_packages(ignore) discover
[0.791s] Level 1:colcon.colcon_core.package_discovery:discover_packages(ignore) using defaults
[0.791s] Level 1:colcon.colcon_core.package_discovery:discover_packages(path) discover
[0.791s] Level 1:colcon.colcon_core.package_discovery:discover_packages(path) using defaults
[0.815s] Level 1:colcon.colcon_core.package_discovery:discover_packages(prefix_path) check parameters
[0.815s] Level 1:colcon.colcon_core.package_discovery:discover_packages(prefix_path) discover
[0.817s] DEBUG:colcon.colcon_installed_package_information.package_discovery:Found 2 installed packages in /home/patchy/arc_ws/ARC-PI-ROSCODE/lab5_ws/install
[0.818s] DEBUG:colcon.colcon_installed_package_information.package_discovery:Found 224 installed packages in /opt/ros/foxy
[0.819s] Level 1:colcon.colcon_core.package_discovery:discover_packages(prefix_path) using defaults
[0.852s] Level 5:colcon.colcon_core.verb:set package 'visualize_waypoints' build argument 'cmake_args' from command line to 'None'
[0.853s] Level 5:colcon.colcon_core.verb:set package 'visualize_waypoints' build argument 'cmake_target' from command line to 'None'
[0.853s] Level 5:colcon.colcon_core.verb:set package 'visualize_waypoints' build argument 'cmake_target_skip_unavailable' from command line to 'False'
[0.853s] Level 5:colcon.colcon_core.verb:set package 'visualize_waypoints' build argument 'cmake_clean_cache' from command line to 'False'
[0.853s] Level 5:colcon.colcon_core.verb:set package 'visualize_waypoints' build argument 'cmake_clean_first' from command line to 'False'
[0.853s] Level 5:colcon.colcon_core.verb:set package 'visualize_waypoints' build argument 'cmake_force_configure' from command line to 'False'
[0.853s] Level 5:colcon.colcon_core.verb:set package 'visualize_waypoints' build argument 'ament_cmake_args' from command line to 'None'
[0.853s] Level 5:colcon.colcon_core.verb:set package 'visualize_waypoints' build argument 'catkin_cmake_args' from command line to 'None'
[0.853s] Level 5:colcon.colcon_core.verb:set package 'visualize_waypoints' build argument 'catkin_skip_building_tests' from command line to 'False'
[0.853s] DEBUG:colcon.colcon_core.verb:Building package 'visualize_waypoints' with the following arguments: {'ament_cmake_args': None, 'build_base': '/home/patchy/arc_ws/ARC-PI-ROSCODE/lab5_ws/build/visualize_waypoints', 'catkin_cmake_args': None, 'catkin_skip_building_tests': False, 'cmake_args': None, 'cmake_clean_cache': False, 'cmake_clean_first': False, 'cmake_force_configure': False, 'cmake_target': None, 'cmake_target_skip_unavailable': False, 'install_base': '/home/patchy/arc_ws/ARC-PI-ROSCODE/lab5_ws/install/visualize_waypoints', 'merge_install': False, 'path': '/home/patchy/arc_ws/ARC-PI-ROSCODE/lab5_ws/visualize_waypoints', 'symlink_install': False, 'test_result_base': None}
[0.853s] Level 5:colcon.colcon_core.verb:set package 'waypoint_logger' build argument 'cmake_args' from command line to 'None'
[0.853s] Level 5:colcon.colcon_core.verb:set package 'waypoint_logger' build argument 'cmake_target' from command line to 'None'
[0.853s] Level 5:colcon.colcon_core.verb:set package 'waypoint_logger' build argument 'cmake_target_skip_unavailable' from command line to 'False'
[0.853s] Level 5:colcon.colcon_core.verb:set package 'waypoint_logger' build argument 'cmake_clean_cache' from command line to 'False'
[0.853s] Level 5:colcon.colcon_core.verb:set package 'waypoint_logger' build argument 'cmake_clean_first' from command line to 'False'
[0.853s] Level 5:colcon.colcon_core.verb:set package 'waypoint_logger' build argument 'cmake_force_configure' from command line to 'False'
[0.853s] Level 5:colcon.colcon_core.verb:set package 'waypoint_logger' build argument 'ament_cmake_args' from command line to 'None'
[0.853s] Level 5:colcon.colcon_core.verb:set package 'waypoint_logger' build argument 'catkin_cmake_args' from command line to 'None'
[0.853s] Level 5:colcon.colcon_core.verb:set package 'waypoint_logger' build argument 'catkin_skip_building_tests' from command line to 'False'
[0.853s] DEBUG:colcon.colcon_core.verb:Building package 'waypoint_logger' with the following arguments: {'ament_cmake_args': None, 'build_base': '/home/patchy/arc_ws/ARC-PI-ROSCODE/lab5_ws/build/waypoint_logger', 'catkin_cmake_args': None, 'catkin_skip_building_tests': False, 'cmake_args': None, 'cmake_clean_cache': False, 'cmake_clean_first': False, 'cmake_force_configure': False, 'cmake_target': None, 'cmake_target_skip_unavailable': False, 'install_base': '/home/patchy/arc_ws/ARC-PI-ROSCODE/lab5_ws/install/waypoint_logger', 'merge_install': False, 'path': '/home/patchy/arc_ws/ARC-PI-ROSCODE/lab5_ws/waypoint_logger', 'symlink_install': False, 'test_result_base': None}
[0.853s] INFO:colcon.colcon_core.executor:Executing jobs using 'parallel' executor
[0.855s] DEBUG:colcon.colcon_parallel_executor.executor.parallel:run_until_complete
[0.855s] INFO:colcon.colcon_ros.task.ament_python.build:Building ROS package in '/home/patchy/arc_ws/ARC-PI-ROSCODE/lab5_ws/visualize_waypoints' with build type 'ament_python'
[0.855s] Level 1:colcon.colcon_core.shell:create_environment_hook('visualize_waypoints', 'ament_prefix_path')
[0.866s] INFO:colcon.colcon_core.plugin_system:Skipping extension 'colcon_core.shell.bat': Not used on non-Windows systems
[0.867s] INFO:colcon.colcon_core.shell:Creating environment hook '/home/patchy/arc_ws/ARC-PI-ROSCODE/lab5_ws/install/visualize_waypoints/share/visualize_waypoints/hook/ament_prefix_path.ps1'
[0.867s] INFO:colcon.colcon_core.shell:Creating environment descriptor '/home/patchy/arc_ws/ARC-PI-ROSCODE/lab5_ws/install/visualize_waypoints/share/visualize_waypoints/hook/ament_prefix_path.dsv'
[0.868s] INFO:colcon.colcon_core.shell:Creating environment hook '/home/patchy/arc_ws/ARC-PI-ROSCODE/lab5_ws/install/visualize_waypoints/share/visualize_waypoints/hook/ament_prefix_path.sh'
[0.869s] INFO:colcon.colcon_core.shell:Skip shell extension 'powershell' for command environment: Not usable outside of PowerShell
[0.869s] DEBUG:colcon.colcon_core.shell:Skip shell extension 'dsv' for command environment
[0.875s] INFO:colcon.colcon_ros.task.ament_python.build:Building ROS package in '/home/patchy/arc_ws/ARC-PI-ROSCODE/lab5_ws/waypoint_logger' with build type 'ament_python'
[0.875s] Level 1:colcon.colcon_core.shell:create_environment_hook('waypoint_logger', 'ament_prefix_path')
[0.876s] INFO:colcon.colcon_core.shell:Creating environment hook '/home/patchy/arc_ws/ARC-PI-ROSCODE/lab5_ws/install/waypoint_logger/share/waypoint_logger/hook/ament_prefix_path.ps1'
[0.877s] INFO:colcon.colcon_core.shell:Creating environment descriptor '/home/patchy/arc_ws/ARC-PI-ROSCODE/lab5_ws/install/waypoint_logger/share/waypoint_logger/hook/ament_prefix_path.dsv'
[0.878s] INFO:colcon.colcon_core.shell:Creating environment hook '/home/patchy/arc_ws/ARC-PI-ROSCODE/lab5_ws/install/waypoint_logger/share/waypoint_logger/hook/ament_prefix_path.sh'
[0.879s] INFO:colcon.colcon_core.shell:Skip shell extension 'powershell' for command environment: Not usable outside of PowerShell
[0.879s] DEBUG:colcon.colcon_core.shell:Skip shell extension 'dsv' for command environment
[1.248s] INFO:colcon.colcon_core.task.python.build:Building Python package in '/home/patchy/arc_ws/ARC-PI-ROSCODE/lab5_ws/visualize_waypoints'
[1.248s] INFO:colcon.colcon_core.shell:Skip shell extension 'powershell' for command environment: Not usable outside of PowerShell
[1.249s] DEBUG:colcon.colcon_core.shell:Skip shell extension 'dsv' for command environment
[1.594s] INFO:colcon.colcon_core.task.python.build:Building Python package in '/home/patchy/arc_ws/ARC-PI-ROSCODE/lab5_ws/waypoint_logger'
[1.595s] INFO:colcon.colcon_core.shell:Skip shell extension 'powershell' for command environment: Not usable outside of PowerShell
[1.595s] DEBUG:colcon.colcon_core.shell:Skip shell extension 'dsv' for command environment
[2.130s] DEBUG:colcon.colcon_core.event_handler.log_command:Invoking command in '/home/patchy/arc_ws/ARC-PI-ROSCODE/lab5_ws/visualize_waypoints': PYTHONPATH=/home/patchy/arc_ws/ARC-PI-ROSCODE/lab5_ws/build/visualize_waypoints/prefix_override:/usr/lib/python3/dist-packages/colcon_core/task/python/colcon_distutils_commands:/home/patchy/arc_ws/ARC-PI-ROSCODE/lab5_ws/install/visualize_waypoints/lib/python3.8/site-packages:${PYTHONPATH} /usr/bin/python3 -W ignore:setup.py install is deprecated -W ignore:easy_install command is deprecated setup.py egg_info --egg-base ../build/visualize_waypoints build --build-base /home/patchy/arc_ws/ARC-PI-ROSCODE/lab5_ws/build/visualize_waypoints/build install --record /home/patchy/arc_ws/ARC-PI-ROSCODE/lab5_ws/build/visualize_waypoints/install.log --install-scripts $base/lib/visualize_waypoints --single-version-externally-managed install_data
[2.137s] DEBUG:colcon.colcon_core.event_handler.log_command:Invoking command in '/home/patchy/arc_ws/ARC-PI-ROSCODE/lab5_ws/waypoint_logger': PYTHONPATH=/home/patchy/arc_ws/ARC-PI-ROSCODE/lab5_ws/build/waypoint_logger/prefix_override:/usr/lib/python3/dist-packages/colcon_core/task/python/colcon_distutils_commands:/home/patchy/arc_ws/ARC-PI-ROSCODE/lab5_ws/install/waypoint_logger/lib/python3.8/site-packages:${PYTHONPATH} /usr/bin/python3 -W ignore:setup.py install is deprecated -W ignore:easy_install command is deprecated setup.py egg_info --egg-base ../build/waypoint_logger build --build-base /home/patchy/arc_ws/ARC-PI-ROSCODE/lab5_ws/build/waypoint_logger/build install --record /home/patchy/arc_ws/ARC-PI-ROSCODE/lab5_ws/build/waypoint_logger/install.log --install-scripts $base/lib/waypoint_logger --single-version-externally-managed install_data
[2.499s] DEBUG:colcon.colcon_core.event_handler.log_command:Invoked command in '/home/patchy/arc_ws/ARC-PI-ROSCODE/lab5_ws/waypoint_logger' returned '0': PYTHONPATH=/home/patchy/arc_ws/ARC-PI-ROSCODE/lab5_ws/build/waypoint_logger/prefix_override:/usr/lib/python3/dist-packages/colcon_core/task/python/colcon_distutils_commands:/home/patchy/arc_ws/ARC-PI-ROSCODE/lab5_ws/install/waypoint_logger/lib/python3.8/site-packages:${PYTHONPATH} /usr/bin/python3 -W ignore:setup.py install is deprecated -W ignore:easy_install command is deprecated setup.py egg_info --egg-base ../build/waypoint_logger build --build-base /home/patchy/arc_ws/ARC-PI-ROSCODE/lab5_ws/build/waypoint_logger/build install --record /home/patchy/arc_ws/ARC-PI-ROSCODE/lab5_ws/build/waypoint_logger/install.log --install-scripts $base/lib/waypoint_logger --single-version-externally-managed install_data
[2.516s] Level 1:colcon.colcon_core.environment:checking '/home/patchy/arc_ws/ARC-PI-ROSCODE/lab5_ws/install/waypoint_logger' for CMake module files
[2.516s] Level 1:colcon.colcon_core.environment:checking '/home/patchy/arc_ws/ARC-PI-ROSCODE/lab5_ws/install/waypoint_logger' for CMake config files
[2.517s] Level 1:colcon.colcon_core.environment:checking '/home/patchy/arc_ws/ARC-PI-ROSCODE/lab5_ws/install/waypoint_logger/lib'
[2.517s] Level 1:colcon.colcon_core.environment:checking '/home/patchy/arc_ws/ARC-PI-ROSCODE/lab5_ws/install/waypoint_logger/bin'
[2.517s] Level 1:colcon.colcon_core.environment:checking '/home/patchy/arc_ws/ARC-PI-ROSCODE/lab5_ws/install/waypoint_logger/lib/pkgconfig/waypoint_logger.pc'
[2.517s] Level 1:colcon.colcon_core.environment:checking '/home/patchy/arc_ws/ARC-PI-ROSCODE/lab5_ws/install/waypoint_logger/lib/python3.8/site-packages'
[2.518s] Level 1:colcon.colcon_core.shell:create_environment_hook('waypoint_logger', 'pythonpath')
[2.518s] INFO:colcon.colcon_core.shell:Creating environment hook '/home/patchy/arc_ws/ARC-PI-ROSCODE/lab5_ws/install/waypoint_logger/share/waypoint_logger/hook/pythonpath.ps1'
[2.518s] INFO:colcon.colcon_core.shell:Creating environment descriptor '/home/patchy/arc_ws/ARC-PI-ROSCODE/lab5_ws/install/waypoint_logger/share/waypoint_logger/hook/pythonpath.dsv'
[2.519s] INFO:colcon.colcon_core.shell:Creating environment hook '/home/patchy/arc_ws/ARC-PI-ROSCODE/lab5_ws/install/waypoint_logger/share/waypoint_logger/hook/pythonpath.sh'
[2.519s] Level 1:colcon.colcon_core.environment:checking '/home/patchy/arc_ws/ARC-PI-ROSCODE/lab5_ws/install/waypoint_logger/bin'
[2.519s] Level 1:colcon.colcon_core.environment:create_environment_scripts_only(waypoint_logger)
[2.520s] INFO:colcon.colcon_core.shell:Creating package script '/home/patchy/arc_ws/ARC-PI-ROSCODE/lab5_ws/install/waypoint_logger/share/waypoint_logger/package.ps1'
[2.520s] INFO:colcon.colcon_core.shell:Creating package descriptor '/home/patchy/arc_ws/ARC-PI-ROSCODE/lab5_ws/install/waypoint_logger/share/waypoint_logger/package.dsv'
[2.521s] INFO:colcon.colcon_core.shell:Creating package script '/home/patchy/arc_ws/ARC-PI-ROSCODE/lab5_ws/install/waypoint_logger/share/waypoint_logger/package.sh'
[2.521s] INFO:colcon.colcon_core.shell:Creating package script '/home/patchy/arc_ws/ARC-PI-ROSCODE/lab5_ws/install/waypoint_logger/share/waypoint_logger/package.bash'
[2.522s] INFO:colcon.colcon_core.shell:Creating package script '/home/patchy/arc_ws/ARC-PI-ROSCODE/lab5_ws/install/waypoint_logger/share/waypoint_logger/package.zsh'
[2.523s] Level 1:colcon.colcon_core.environment:create_file_with_runtime_dependencies(/home/patchy/arc_ws/ARC-PI-ROSCODE/lab5_ws/install/waypoint_logger/share/colcon-core/packages/waypoint_logger)
[2.525s] Level 1:colcon.colcon_core.environment:checking '/home/patchy/arc_ws/ARC-PI-ROSCODE/lab5_ws/install/visualize_waypoints' for CMake module files
[2.526s] DEBUG:colcon.colcon_core.event_handler.log_command:Invoked command in '/home/patchy/arc_ws/ARC-PI-ROSCODE/lab5_ws/visualize_waypoints' returned '0': PYTHONPATH=/home/patchy/arc_ws/ARC-PI-ROSCODE/lab5_ws/build/visualize_waypoints/prefix_override:/usr/lib/python3/dist-packages/colcon_core/task/python/colcon_distutils_commands:/home/patchy/arc_ws/ARC-PI-ROSCODE/lab5_ws/install/visualize_waypoints/lib/python3.8/site-packages:${PYTHONPATH} /usr/bin/python3 -W ignore:setup.py install is deprecated -W ignore:easy_install command is deprecated setup.py egg_info --egg-base ../build/visualize_waypoints build --build-base /home/patchy/arc_ws/ARC-PI-ROSCODE/lab5_ws/build/visualize_waypoints/build install --record /home/patchy/arc_ws/ARC-PI-ROSCODE/lab5_ws/build/visualize_waypoints/install.log --install-scripts $base/lib/visualize_waypoints --single-version-externally-managed install_data
[2.526s] Level 1:colcon.colcon_core.environment:checking '/home/patchy/arc_ws/ARC-PI-ROSCODE/lab5_ws/install/visualize_waypoints' for CMake config files
[2.526s] Level 1:colcon.colcon_core.environment:checking '/home/patchy/arc_ws/ARC-PI-ROSCODE/lab5_ws/install/visualize_waypoints/lib'
[2.526s] Level 1:colcon.colcon_core.environment:checking '/home/patchy/arc_ws/ARC-PI-ROSCODE/lab5_ws/install/visualize_waypoints/bin'
[2.526s] Level 1:colcon.colcon_core.environment:checking '/home/patchy/arc_ws/ARC-PI-ROSCODE/lab5_ws/install/visualize_waypoints/lib/pkgconfig/visualize_waypoints.pc'
[2.527s] Level 1:colcon.colcon_core.environment:checking '/home/patchy/arc_ws/ARC-PI-ROSCODE/lab5_ws/install/visualize_waypoints/lib/python3.8/site-packages'
[2.527s] Level 1:colcon.colcon_core.shell:create_environment_hook('visualize_waypoints', 'pythonpath')
[2.527s] INFO:colcon.colcon_core.shell:Creating environment hook '/home/patchy/arc_ws/ARC-PI-ROSCODE/lab5_ws/install/visualize_waypoints/share/visualize_waypoints/hook/pythonpath.ps1'
[2.527s] INFO:colcon.colcon_core.shell:Creating environment descriptor '/home/patchy/arc_ws/ARC-PI-ROSCODE/lab5_ws/install/visualize_waypoints/share/visualize_waypoints/hook/pythonpath.dsv'
[2.528s] INFO:colcon.colcon_core.shell:Creating environment hook '/home/patchy/arc_ws/ARC-PI-ROSCODE/lab5_ws/install/visualize_waypoints/share/visualize_waypoints/hook/pythonpath.sh'
[2.528s] Level 1:colcon.colcon_core.environment:checking '/home/patchy/arc_ws/ARC-PI-ROSCODE/lab5_ws/install/visualize_waypoints/bin'
[2.528s] Level 1:colcon.colcon_core.environment:create_environment_scripts_only(visualize_waypoints)
[2.528s] INFO:colcon.colcon_core.shell:Creating package script '/home/patchy/arc_ws/ARC-PI-ROSCODE/lab5_ws/install/visualize_waypoints/share/visualize_waypoints/package.ps1'
[2.529s] INFO:colcon.colcon_core.shell:Creating package descriptor '/home/patchy/arc_ws/ARC-PI-ROSCODE/lab5_ws/install/visualize_waypoints/share/visualize_waypoints/package.dsv'
[2.529s] INFO:colcon.colcon_core.shell:Creating package script '/home/patchy/arc_ws/ARC-PI-ROSCODE/lab5_ws/install/visualize_waypoints/share/visualize_waypoints/package.sh'
[2.530s] INFO:colcon.colcon_core.shell:Creating package script '/home/patchy/arc_ws/ARC-PI-ROSCODE/lab5_ws/install/visualize_waypoints/share/visualize_waypoints/package.bash'
[2.530s] INFO:colcon.colcon_core.shell:Creating package script '/home/patchy/arc_ws/ARC-PI-ROSCODE/lab5_ws/install/visualize_waypoints/share/visualize_waypoints/package.zsh'
[2.530s] Level 1:colcon.colcon_core.environment:create_file_with_runtime_dependencies(/home/patchy/arc_ws/ARC-PI-ROSCODE/lab5_ws/install/visualize_waypoints/share/colcon-core/packages/visualize_waypoints)
[2.531s] DEBUG:colcon.colcon_parallel_executor.executor.parallel:closing loop
[2.531s] DEBUG:colcon.colcon_parallel_executor.executor.parallel:loop closed
[2.532s] DEBUG:colcon.colcon_parallel_executor.executor.parallel:run_until_complete finished with '0'
[2.532s] DEBUG:colcon.colcon_core.event_reactor:joining thread
[2.666s] INFO:colcon.colcon_core.plugin_system:Skipping extension 'colcon_notification.desktop_notification.notify_send': Could not find 'notify-send'
[2.667s] INFO:colcon.colcon_core.plugin_system:Skipping extension 'colcon_notification.desktop_notification.terminal_notifier': Not used on non-Darwin systems
[2.667s] INFO:colcon.colcon_core.plugin_system:Skipping extension 'colcon_notification.desktop_notification.win32': Not used on non-Windows systems
[2.667s] INFO:colcon.colcon_notification.desktop_notification:Sending desktop notification using 'notify2'
[2.670s] DEBUG:colcon.colcon_notification.desktop_notification.notify2:Failed to initialize notify2: org.freedesktop.DBus.Error.ServiceUnknown: The name org.freedesktop.Notifications was not provided by any .service files
[2.670s] DEBUG:colcon.colcon_core.event_reactor:joined thread
[2.671s] INFO:colcon.colcon_core.shell:Creating prefix script '/home/patchy/arc_ws/ARC-PI-ROSCODE/lab5_ws/install/local_setup.ps1'
[2.672s] INFO:colcon.colcon_core.shell:Creating prefix util module '/home/patchy/arc_ws/ARC-PI-ROSCODE/lab5_ws/install/_local_setup_util_ps1.py'
[2.674s] INFO:colcon.colcon_core.shell:Creating prefix chain script '/home/patchy/arc_ws/ARC-PI-ROSCODE/lab5_ws/install/setup.ps1'
[2.675s] INFO:colcon.colcon_core.shell:Creating prefix script '/home/patchy/arc_ws/ARC-PI-ROSCODE/lab5_ws/install/local_setup.sh'
[2.676s] INFO:colcon.colcon_core.shell:Creating prefix util module '/home/patchy/arc_ws/ARC-PI-ROSCODE/lab5_ws/install/_local_setup_util_sh.py'
[2.676s] INFO:colcon.colcon_core.shell:Creating prefix chain script '/home/patchy/arc_ws/ARC-PI-ROSCODE/lab5_ws/install/setup.sh'
[2.677s] INFO:colcon.colcon_core.shell:Creating prefix script '/home/patchy/arc_ws/ARC-PI-ROSCODE/lab5_ws/install/local_setup.bash'
[2.678s] INFO:colcon.colcon_core.shell:Creating prefix chain script '/home/patchy/arc_ws/ARC-PI-ROSCODE/lab5_ws/install/setup.bash'
[2.678s] INFO:colcon.colcon_core.shell:Creating prefix script '/home/patchy/arc_ws/ARC-PI-ROSCODE/lab5_ws/install/local_setup.zsh'
[2.679s] INFO:colcon.colcon_core.shell:Creating prefix chain script '/home/patchy/arc_ws/ARC-PI-ROSCODE/lab5_ws/install/setup.zsh'
