/usr/lib/python3/dist-packages/setuptools/dist.py:723: UserWarning: Usage of dash-separated 'script-dir' will not be supported in future versions. Please use the underscore name 'script_dir' instead
  warnings.warn(
running egg_info
writing ../build/safety_node/safety_node.egg-info/PKG-INFO
writing dependency_links to ../build/safety_node/safety_node.egg-info/dependency_links.txt
writing entry points to ../build/safety_node/safety_node.egg-info/entry_points.txt
writing requirements to ../build/safety_node/safety_node.egg-info/requires.txt
writing top-level names to ../build/safety_node/safety_node.egg-info/top_level.txt
reading manifest file '../build/safety_node/safety_node.egg-info/SOURCES.txt'
writing manifest file '../build/safety_node/safety_node.egg-info/SOURCES.txt'
running build
running build_py
copying safety_node/emergency_break.py -> /home/patchychan/arc_ws/ARC-PI-ROSCODE/lab2_ws/build/safety_node/build/lib/safety_node
running install
running install_lib
copying /home/patchychan/arc_ws/ARC-PI-ROSCODE/lab2_ws/build/safety_node/build/lib/safety_node/emergency_break.py -> /home/patchychan/arc_ws/ARC-PI-ROSCODE/lab2_ws/install/safety_node/lib/python3.10/site-packages/safety_node
byte-compiling /home/patchychan/arc_ws/ARC-PI-ROSCODE/lab2_ws/install/safety_node/lib/python3.10/site-packages/safety_node/emergency_break.py to emergency_break.cpython-310.pyc
running install_data
running install_egg_info
removing '/home/patchychan/arc_ws/ARC-PI-ROSCODE/lab2_ws/install/safety_node/lib/python3.10/site-packages/safety_node-0.0.0-py3.10.egg-info' (and everything under it)
Copying ../build/safety_node/safety_node.egg-info to /home/patchychan/arc_ws/ARC-PI-ROSCODE/lab2_ws/install/safety_node/lib/python3.10/site-packages/safety_node-0.0.0-py3.10.egg-info
running install_scripts
Installing emergency_break script to /home/patchychan/arc_ws/ARC-PI-ROSCODE/lab2_ws/install/safety_node/lib/safety_node
writing list of installed files to '/home/patchychan/arc_ws/ARC-PI-ROSCODE/lab2_ws/build/safety_node/install.log'
