[0.104s] DEBUG:colcon:Command line arguments: ['/usr/bin/colcon', 'build']
[0.105s] DEBUG:colcon:Parsed command line arguments: Namespace(log_base=None, log_level=None, verb_name='build', build_base='build', install_base='install', merge_install=False, symlink_install=False, test_result_base=None, continue_on_error=False, executor='parallel', parallel_workers=4, event_handlers=None, ignore_user_meta=False, metas=['./colcon.meta'], base_paths=['.'], packages_ignore=None, packages_ignore_regex=None, paths=None, packages_up_to=None, packages_up_to_regex=None, packages_above=None, packages_above_and_dependencies=None, packages_above_depth=None, packages_select_by_dep=None, packages_skip_by_dep=None, packages_skip_up_to=None, packages_select_build_failed=False, packages_skip_build_finished=False, packages_select_test_failures=False, packages_skip_test_passed=False, packages_select=None, packages_skip=None, packages_select_regex=None, packages_skip_regex=None, packages_start=None, packages_end=None, allow_overriding=[], cmake_args=None, cmake_target=None, cmake_target_skip_unavailable=False, cmake_clean_cache=False, cmake_clean_first=False, cmake_force_configure=False, ament_cmake_args=None, catkin_cmake_args=None, catkin_skip_building_tests=False, mixin_files=None, mixin=None, verb_parser=<colcon_mixin.mixin.mixin_argument.MixinArgumentDecorator object at 0xffffaeaf9e40>, verb_extension=<colcon_core.verb.build.BuildVerb object at 0xffffaeaf8fd0>, main=<bound method BuildVerb.main of <colcon_core.verb.build.BuildVerb object at 0xffffaeaf8fd0>>, mixin_verb=('build',))
[0.208s] Level 1:colcon.colcon_core.package_discovery:discover_packages(colcon_meta) check parameters
[0.209s] Level 1:colcon.colcon_core.package_discovery:discover_packages(recursive) check parameters
[0.209s] Level 1:colcon.colcon_core.package_discovery:discover_packages(ignore) check parameters
[0.209s] Level 1:colcon.colcon_core.package_discovery:discover_packages(path) check parameters
[0.209s] Level 1:colcon.colcon_core.package_discovery:discover_packages(colcon_meta) discover
[0.209s] Level 1:colcon.colcon_core.package_discovery:discover_packages(recursive) discover
[0.209s] INFO:colcon.colcon_core.package_discovery:Crawling recursively for packages in '/workspaces/roboracer-purdue/roboracer_ws'
[0.210s] Level 1:colcon.colcon_core.package_identification:_identify(.) by extensions ['ignore', 'ignore_ament_install']
[0.210s] Level 1:colcon.colcon_core.package_identification:_identify(.) by extension 'ignore'
[0.210s] Level 1:colcon.colcon_core.package_identification:_identify(.) by extension 'ignore_ament_install'
[0.210s] Level 1:colcon.colcon_core.package_identification:_identify(.) by extensions ['colcon_pkg']
[0.210s] Level 1:colcon.colcon_core.package_identification:_identify(.) by extension 'colcon_pkg'
[0.210s] Level 1:colcon.colcon_core.package_identification:_identify(.) by extensions ['colcon_meta']
[0.211s] Level 1:colcon.colcon_core.package_identification:_identify(.) by extension 'colcon_meta'
[0.211s] Level 1:colcon.colcon_core.package_identification:_identify(.) by extensions ['ros']
[0.211s] Level 1:colcon.colcon_core.package_identification:_identify(.) by extension 'ros'
[0.218s] Level 1:colcon.colcon_core.package_identification:_identify(.) by extensions ['cmake', 'python']
[0.218s] Level 1:colcon.colcon_core.package_identification:_identify(.) by extension 'cmake'
[0.218s] Level 1:colcon.colcon_core.package_identification:_identify(.) by extension 'python'
[0.218s] Level 1:colcon.colcon_core.package_identification:_identify(.) by extensions ['python_setup_py']
[0.218s] Level 1:colcon.colcon_core.package_identification:_identify(.) by extension 'python_setup_py'
[0.219s] Level 1:colcon.colcon_core.package_identification:_identify(Notes) by extensions ['ignore', 'ignore_ament_install']
[0.219s] Level 1:colcon.colcon_core.package_identification:_identify(Notes) by extension 'ignore'
[0.219s] Level 1:colcon.colcon_core.package_identification:_identify(Notes) by extension 'ignore_ament_install'
[0.219s] Level 1:colcon.colcon_core.package_identification:_identify(Notes) by extensions ['colcon_pkg']
[0.219s] Level 1:colcon.colcon_core.package_identification:_identify(Notes) by extension 'colcon_pkg'
[0.220s] Level 1:colcon.colcon_core.package_identification:_identify(Notes) by extensions ['colcon_meta']
[0.220s] Level 1:colcon.colcon_core.package_identification:_identify(Notes) by extension 'colcon_meta'
[0.220s] Level 1:colcon.colcon_core.package_identification:_identify(Notes) by extensions ['ros']
[0.220s] Level 1:colcon.colcon_core.package_identification:_identify(Notes) by extension 'ros'
[0.220s] Level 1:colcon.colcon_core.package_identification:_identify(Notes) by extensions ['cmake', 'python']
[0.221s] Level 1:colcon.colcon_core.package_identification:_identify(Notes) by extension 'cmake'
[0.221s] Level 1:colcon.colcon_core.package_identification:_identify(Notes) by extension 'python'
[0.221s] Level 1:colcon.colcon_core.package_identification:_identify(Notes) by extensions ['python_setup_py']
[0.221s] Level 1:colcon.colcon_core.package_identification:_identify(Notes) by extension 'python_setup_py'
[0.221s] Level 1:colcon.colcon_core.package_identification:_identify(build) by extensions ['ignore', 'ignore_ament_install']
[0.222s] Level 1:colcon.colcon_core.package_identification:_identify(build) by extension 'ignore'
[0.222s] Level 1:colcon.colcon_core.package_identification:_identify(build) ignored
[0.222s] Level 1:colcon.colcon_core.package_identification:_identify(f1tenth_gym) by extensions ['ignore', 'ignore_ament_install']
[0.222s] Level 1:colcon.colcon_core.package_identification:_identify(f1tenth_gym) by extension 'ignore'
[0.222s] Level 1:colcon.colcon_core.package_identification:_identify(f1tenth_gym) by extension 'ignore_ament_install'
[0.222s] Level 1:colcon.colcon_core.package_identification:_identify(f1tenth_gym) by extensions ['colcon_pkg']
[0.222s] Level 1:colcon.colcon_core.package_identification:_identify(f1tenth_gym) by extension 'colcon_pkg'
[0.223s] Level 1:colcon.colcon_core.package_identification:_identify(f1tenth_gym) by extensions ['colcon_meta']
[0.223s] Level 1:colcon.colcon_core.package_identification:_identify(f1tenth_gym) by extension 'colcon_meta'
[0.223s] Level 1:colcon.colcon_core.package_identification:_identify(f1tenth_gym) by extensions ['ros']
[0.223s] Level 1:colcon.colcon_core.package_identification:_identify(f1tenth_gym) by extension 'ros'
[0.223s] Level 1:colcon.colcon_core.package_identification:_identify(f1tenth_gym) by extensions ['cmake', 'python']
[0.223s] Level 1:colcon.colcon_core.package_identification:_identify(f1tenth_gym) by extension 'cmake'
[0.223s] Level 1:colcon.colcon_core.package_identification:_identify(f1tenth_gym) by extension 'python'
[0.223s] Level 1:colcon.colcon_core.package_identification:_identify(f1tenth_gym) by extensions ['python_setup_py']
[0.223s] Level 1:colcon.colcon_core.package_identification:_identify(f1tenth_gym) by extension 'python_setup_py'
[0.406s] DEBUG:colcon.colcon_core.package_identification:Package 'f1tenth_gym' with type 'python' and name 'f110_gym'
[0.406s] Level 1:colcon.colcon_core.package_identification:_identify(f1tenth_lab1_template) by extensions ['ignore', 'ignore_ament_install']
[0.407s] Level 1:colcon.colcon_core.package_identification:_identify(f1tenth_lab1_template) by extension 'ignore'
[0.407s] Level 1:colcon.colcon_core.package_identification:_identify(f1tenth_lab1_template) by extension 'ignore_ament_install'
[0.407s] Level 1:colcon.colcon_core.package_identification:_identify(f1tenth_lab1_template) by extensions ['colcon_pkg']
[0.407s] Level 1:colcon.colcon_core.package_identification:_identify(f1tenth_lab1_template) by extension 'colcon_pkg'
[0.407s] Level 1:colcon.colcon_core.package_identification:_identify(f1tenth_lab1_template) by extensions ['colcon_meta']
[0.407s] Level 1:colcon.colcon_core.package_identification:_identify(f1tenth_lab1_template) by extension 'colcon_meta'
[0.407s] Level 1:colcon.colcon_core.package_identification:_identify(f1tenth_lab1_template) by extensions ['ros']
[0.408s] Level 1:colcon.colcon_core.package_identification:_identify(f1tenth_lab1_template) by extension 'ros'
[0.408s] Level 1:colcon.colcon_core.package_identification:_identify(f1tenth_lab1_template) by extensions ['cmake', 'python']
[0.408s] Level 1:colcon.colcon_core.package_identification:_identify(f1tenth_lab1_template) by extension 'cmake'
[0.408s] Level 1:colcon.colcon_core.package_identification:_identify(f1tenth_lab1_template) by extension 'python'
[0.408s] Level 1:colcon.colcon_core.package_identification:_identify(f1tenth_lab1_template) by extensions ['python_setup_py']
[0.408s] Level 1:colcon.colcon_core.package_identification:_identify(f1tenth_lab1_template) by extension 'python_setup_py'
[0.409s] Level 1:colcon.colcon_core.package_identification:_identify(install) by extensions ['ignore', 'ignore_ament_install']
[0.409s] Level 1:colcon.colcon_core.package_identification:_identify(install) by extension 'ignore'
[0.409s] Level 1:colcon.colcon_core.package_identification:_identify(install) ignored
[0.410s] Level 1:colcon.colcon_core.package_identification:_identify(log) by extensions ['ignore', 'ignore_ament_install']
[0.410s] Level 1:colcon.colcon_core.package_identification:_identify(log) by extension 'ignore'
[0.410s] Level 1:colcon.colcon_core.package_identification:_identify(log) ignored
[0.410s] Level 1:colcon.colcon_core.package_identification:_identify(scripts) by extensions ['ignore', 'ignore_ament_install']
[0.411s] Level 1:colcon.colcon_core.package_identification:_identify(scripts) by extension 'ignore'
[0.411s] Level 1:colcon.colcon_core.package_identification:_identify(scripts) by extension 'ignore_ament_install'
[0.411s] Level 1:colcon.colcon_core.package_identification:_identify(scripts) by extensions ['colcon_pkg']
[0.411s] Level 1:colcon.colcon_core.package_identification:_identify(scripts) by extension 'colcon_pkg'
[0.411s] Level 1:colcon.colcon_core.package_identification:_identify(scripts) by extensions ['colcon_meta']
[0.411s] Level 1:colcon.colcon_core.package_identification:_identify(scripts) by extension 'colcon_meta'
[0.412s] Level 1:colcon.colcon_core.package_identification:_identify(scripts) by extensions ['ros']
[0.412s] Level 1:colcon.colcon_core.package_identification:_identify(scripts) by extension 'ros'
[0.412s] Level 1:colcon.colcon_core.package_identification:_identify(scripts) by extensions ['cmake', 'python']
[0.412s] Level 1:colcon.colcon_core.package_identification:_identify(scripts) by extension 'cmake'
[0.412s] Level 1:colcon.colcon_core.package_identification:_identify(scripts) by extension 'python'
[0.412s] Level 1:colcon.colcon_core.package_identification:_identify(scripts) by extensions ['python_setup_py']
[0.412s] Level 1:colcon.colcon_core.package_identification:_identify(scripts) by extension 'python_setup_py'
[0.413s] Level 1:colcon.colcon_core.package_identification:_identify(src) by extensions ['ignore', 'ignore_ament_install']
[0.413s] Level 1:colcon.colcon_core.package_identification:_identify(src) by extension 'ignore'
[0.413s] Level 1:colcon.colcon_core.package_identification:_identify(src) by extension 'ignore_ament_install'
[0.413s] Level 1:colcon.colcon_core.package_identification:_identify(src) by extensions ['colcon_pkg']
[0.413s] Level 1:colcon.colcon_core.package_identification:_identify(src) by extension 'colcon_pkg'
[0.413s] Level 1:colcon.colcon_core.package_identification:_identify(src) by extensions ['colcon_meta']
[0.413s] Level 1:colcon.colcon_core.package_identification:_identify(src) by extension 'colcon_meta'
[0.413s] Level 1:colcon.colcon_core.package_identification:_identify(src) by extensions ['ros']
[0.414s] Level 1:colcon.colcon_core.package_identification:_identify(src) by extension 'ros'
[0.414s] Level 1:colcon.colcon_core.package_identification:_identify(src) by extensions ['cmake', 'python']
[0.414s] Level 1:colcon.colcon_core.package_identification:_identify(src) by extension 'cmake'
[0.414s] Level 1:colcon.colcon_core.package_identification:_identify(src) by extension 'python'
[0.414s] Level 1:colcon.colcon_core.package_identification:_identify(src) by extensions ['python_setup_py']
[0.414s] Level 1:colcon.colcon_core.package_identification:_identify(src) by extension 'python_setup_py'
[0.415s] Level 1:colcon.colcon_core.package_identification:_identify(src/f1tenth_gym_ros) by extensions ['ignore', 'ignore_ament_install']
[0.415s] Level 1:colcon.colcon_core.package_identification:_identify(src/f1tenth_gym_ros) by extension 'ignore'
[0.415s] Level 1:colcon.colcon_core.package_identification:_identify(src/f1tenth_gym_ros) by extension 'ignore_ament_install'
[0.415s] Level 1:colcon.colcon_core.package_identification:_identify(src/f1tenth_gym_ros) by extensions ['colcon_pkg']
[0.416s] Level 1:colcon.colcon_core.package_identification:_identify(src/f1tenth_gym_ros) by extension 'colcon_pkg'
[0.416s] Level 1:colcon.colcon_core.package_identification:_identify(src/f1tenth_gym_ros) by extensions ['colcon_meta']
[0.416s] Level 1:colcon.colcon_core.package_identification:_identify(src/f1tenth_gym_ros) by extension 'colcon_meta'
[0.416s] Level 1:colcon.colcon_core.package_identification:_identify(src/f1tenth_gym_ros) by extensions ['ros']
[0.416s] Level 1:colcon.colcon_core.package_identification:_identify(src/f1tenth_gym_ros) by extension 'ros'
[0.418s] DEBUG:colcon.colcon_core.package_identification:Package 'src/f1tenth_gym_ros' with type 'ros.ament_python' and name 'f1tenth_gym_ros'
[0.419s] Level 1:colcon.colcon_core.package_identification:_identify(src/f1tenth_system) by extensions ['ignore', 'ignore_ament_install']
[0.419s] Level 1:colcon.colcon_core.package_identification:_identify(src/f1tenth_system) by extension 'ignore'
[0.419s] Level 1:colcon.colcon_core.package_identification:_identify(src/f1tenth_system) by extension 'ignore_ament_install'
[0.419s] Level 1:colcon.colcon_core.package_identification:_identify(src/f1tenth_system) by extensions ['colcon_pkg']
[0.419s] Level 1:colcon.colcon_core.package_identification:_identify(src/f1tenth_system) by extension 'colcon_pkg'
[0.420s] Level 1:colcon.colcon_core.package_identification:_identify(src/f1tenth_system) by extensions ['colcon_meta']
[0.420s] Level 1:colcon.colcon_core.package_identification:_identify(src/f1tenth_system) by extension 'colcon_meta'
[0.420s] Level 1:colcon.colcon_core.package_identification:_identify(src/f1tenth_system) by extensions ['ros']
[0.420s] Level 1:colcon.colcon_core.package_identification:_identify(src/f1tenth_system) by extension 'ros'
[0.420s] Level 1:colcon.colcon_core.package_identification:_identify(src/f1tenth_system) by extensions ['cmake', 'python']
[0.420s] Level 1:colcon.colcon_core.package_identification:_identify(src/f1tenth_system) by extension 'cmake'
[0.421s] Level 1:colcon.colcon_core.package_identification:_identify(src/f1tenth_system) by extension 'python'
[0.421s] Level 1:colcon.colcon_core.package_identification:_identify(src/f1tenth_system) by extensions ['python_setup_py']
[0.421s] Level 1:colcon.colcon_core.package_identification:_identify(src/f1tenth_system) by extension 'python_setup_py'
[0.422s] Level 1:colcon.colcon_core.package_identification:_identify(src/f1tenth_system/ackermann_mux) by extensions ['ignore', 'ignore_ament_install']
[0.422s] Level 1:colcon.colcon_core.package_identification:_identify(src/f1tenth_system/ackermann_mux) by extension 'ignore'
[0.422s] Level 1:colcon.colcon_core.package_identification:_identify(src/f1tenth_system/ackermann_mux) by extension 'ignore_ament_install'
[0.422s] Level 1:colcon.colcon_core.package_identification:_identify(src/f1tenth_system/ackermann_mux) by extensions ['colcon_pkg']
[0.423s] Level 1:colcon.colcon_core.package_identification:_identify(src/f1tenth_system/ackermann_mux) by extension 'colcon_pkg'
[0.423s] Level 1:colcon.colcon_core.package_identification:_identify(src/f1tenth_system/ackermann_mux) by extensions ['colcon_meta']
[0.423s] Level 1:colcon.colcon_core.package_identification:_identify(src/f1tenth_system/ackermann_mux) by extension 'colcon_meta'
[0.423s] Level 1:colcon.colcon_core.package_identification:_identify(src/f1tenth_system/ackermann_mux) by extensions ['ros']
[0.423s] Level 1:colcon.colcon_core.package_identification:_identify(src/f1tenth_system/ackermann_mux) by extension 'ros'
[0.424s] DEBUG:colcon.colcon_core.package_identification:Package 'src/f1tenth_system/ackermann_mux' with type 'ros.ament_cmake' and name 'ackermann_mux'
[0.424s] Level 1:colcon.colcon_core.package_identification:_identify(src/f1tenth_system/f1tenth_stack) by extensions ['ignore', 'ignore_ament_install']
[0.424s] Level 1:colcon.colcon_core.package_identification:_identify(src/f1tenth_system/f1tenth_stack) by extension 'ignore'
[0.425s] Level 1:colcon.colcon_core.package_identification:_identify(src/f1tenth_system/f1tenth_stack) by extension 'ignore_ament_install'
[0.425s] Level 1:colcon.colcon_core.package_identification:_identify(src/f1tenth_system/f1tenth_stack) by extensions ['colcon_pkg']
[0.425s] Level 1:colcon.colcon_core.package_identification:_identify(src/f1tenth_system/f1tenth_stack) by extension 'colcon_pkg'
[0.425s] Level 1:colcon.colcon_core.package_identification:_identify(src/f1tenth_system/f1tenth_stack) by extensions ['colcon_meta']
[0.425s] Level 1:colcon.colcon_core.package_identification:_identify(src/f1tenth_system/f1tenth_stack) by extension 'colcon_meta'
[0.425s] Level 1:colcon.colcon_core.package_identification:_identify(src/f1tenth_system/f1tenth_stack) by extensions ['ros']
[0.425s] Level 1:colcon.colcon_core.package_identification:_identify(src/f1tenth_system/f1tenth_stack) by extension 'ros'
[0.426s] DEBUG:colcon.colcon_core.package_identification:Package 'src/f1tenth_system/f1tenth_stack' with type 'ros.ament_python' and name 'f1tenth_stack'
[0.426s] Level 1:colcon.colcon_core.package_discovery:discover_packages(recursive) using defaults
[0.426s] Level 1:colcon.colcon_core.package_discovery:discover_packages(ignore) discover
[0.426s] Level 1:colcon.colcon_core.package_discovery:discover_packages(ignore) using defaults
[0.426s] Level 1:colcon.colcon_core.package_discovery:discover_packages(path) discover
[0.427s] Level 1:colcon.colcon_core.package_discovery:discover_packages(path) using defaults
[0.448s] Level 1:colcon.colcon_core.package_discovery:discover_packages(prefix_path) check parameters
[0.448s] Level 1:colcon.colcon_core.package_discovery:discover_packages(prefix_path) discover
[0.452s] DEBUG:colcon.colcon_installed_package_information.package_discovery:Found 3 installed packages in /workspaces/roboracer-purdue/roboracer_ws/install
[0.453s] DEBUG:colcon.colcon_installed_package_information.package_discovery:Found 332 installed packages in /opt/ros/humble
[0.453s] Level 1:colcon.colcon_core.package_discovery:discover_packages(prefix_path) using defaults
[0.492s] Level 5:colcon.colcon_core.verb:set package 'ackermann_mux' build argument 'cmake_args' from command line to 'None'
[0.493s] Level 5:colcon.colcon_core.verb:set package 'ackermann_mux' build argument 'cmake_target' from command line to 'None'
[0.493s] Level 5:colcon.colcon_core.verb:set package 'ackermann_mux' build argument 'cmake_target_skip_unavailable' from command line to 'False'
[0.493s] Level 5:colcon.colcon_core.verb:set package 'ackermann_mux' build argument 'cmake_clean_cache' from command line to 'False'
[0.493s] Level 5:colcon.colcon_core.verb:set package 'ackermann_mux' build argument 'cmake_clean_first' from command line to 'False'
[0.493s] Level 5:colcon.colcon_core.verb:set package 'ackermann_mux' build argument 'cmake_force_configure' from command line to 'False'
[0.493s] Level 5:colcon.colcon_core.verb:set package 'ackermann_mux' build argument 'ament_cmake_args' from command line to 'None'
[0.494s] Level 5:colcon.colcon_core.verb:set package 'ackermann_mux' build argument 'catkin_cmake_args' from command line to 'None'
[0.494s] Level 5:colcon.colcon_core.verb:set package 'ackermann_mux' build argument 'catkin_skip_building_tests' from command line to 'False'
[0.494s] DEBUG:colcon.colcon_core.verb:Building package 'ackermann_mux' with the following arguments: {'ament_cmake_args': None, 'build_base': '/workspaces/roboracer-purdue/roboracer_ws/build/ackermann_mux', 'catkin_cmake_args': None, 'catkin_skip_building_tests': False, 'cmake_args': None, 'cmake_clean_cache': False, 'cmake_clean_first': False, 'cmake_force_configure': False, 'cmake_target': None, 'cmake_target_skip_unavailable': False, 'install_base': '/workspaces/roboracer-purdue/roboracer_ws/install/ackermann_mux', 'merge_install': False, 'path': '/workspaces/roboracer-purdue/roboracer_ws/src/f1tenth_system/ackermann_mux', 'symlink_install': False, 'test_result_base': None}
[0.494s] Level 5:colcon.colcon_core.verb:set package 'f110_gym' build argument 'cmake_args' from command line to 'None'
[0.495s] Level 5:colcon.colcon_core.verb:set package 'f110_gym' build argument 'cmake_target' from command line to 'None'
[0.495s] Level 5:colcon.colcon_core.verb:set package 'f110_gym' build argument 'cmake_target_skip_unavailable' from command line to 'False'
[0.495s] Level 5:colcon.colcon_core.verb:set package 'f110_gym' build argument 'cmake_clean_cache' from command line to 'False'
[0.496s] Level 5:colcon.colcon_core.verb:set package 'f110_gym' build argument 'cmake_clean_first' from command line to 'False'
[0.496s] Level 5:colcon.colcon_core.verb:set package 'f110_gym' build argument 'cmake_force_configure' from command line to 'False'
[0.496s] Level 5:colcon.colcon_core.verb:set package 'f110_gym' build argument 'ament_cmake_args' from command line to 'None'
[0.496s] Level 5:colcon.colcon_core.verb:set package 'f110_gym' build argument 'catkin_cmake_args' from command line to 'None'
[0.496s] Level 5:colcon.colcon_core.verb:set package 'f110_gym' build argument 'catkin_skip_building_tests' from command line to 'False'
[0.496s] DEBUG:colcon.colcon_core.verb:Building package 'f110_gym' with the following arguments: {'ament_cmake_args': None, 'build_base': '/workspaces/roboracer-purdue/roboracer_ws/build/f110_gym', 'catkin_cmake_args': None, 'catkin_skip_building_tests': False, 'cmake_args': None, 'cmake_clean_cache': False, 'cmake_clean_first': False, 'cmake_force_configure': False, 'cmake_target': None, 'cmake_target_skip_unavailable': False, 'install_base': '/workspaces/roboracer-purdue/roboracer_ws/install/f110_gym', 'merge_install': False, 'path': '/workspaces/roboracer-purdue/roboracer_ws/f1tenth_gym', 'symlink_install': False, 'test_result_base': None}
[0.496s] Level 5:colcon.colcon_core.verb:set package 'f1tenth_gym_ros' build argument 'cmake_args' from command line to 'None'
[0.496s] Level 5:colcon.colcon_core.verb:set package 'f1tenth_gym_ros' build argument 'cmake_target' from command line to 'None'
[0.497s] Level 5:colcon.colcon_core.verb:set package 'f1tenth_gym_ros' build argument 'cmake_target_skip_unavailable' from command line to 'False'
[0.497s] Level 5:colcon.colcon_core.verb:set package 'f1tenth_gym_ros' build argument 'cmake_clean_cache' from command line to 'False'
[0.497s] Level 5:colcon.colcon_core.verb:set package 'f1tenth_gym_ros' build argument 'cmake_clean_first' from command line to 'False'
[0.497s] Level 5:colcon.colcon_core.verb:set package 'f1tenth_gym_ros' build argument 'cmake_force_configure' from command line to 'False'
[0.497s] Level 5:colcon.colcon_core.verb:set package 'f1tenth_gym_ros' build argument 'ament_cmake_args' from command line to 'None'
[0.497s] Level 5:colcon.colcon_core.verb:set package 'f1tenth_gym_ros' build argument 'catkin_cmake_args' from command line to 'None'
[0.497s] Level 5:colcon.colcon_core.verb:set package 'f1tenth_gym_ros' build argument 'catkin_skip_building_tests' from command line to 'False'
[0.497s] DEBUG:colcon.colcon_core.verb:Building package 'f1tenth_gym_ros' with the following arguments: {'ament_cmake_args': None, 'build_base': '/workspaces/roboracer-purdue/roboracer_ws/build/f1tenth_gym_ros', 'catkin_cmake_args': None, 'catkin_skip_building_tests': False, 'cmake_args': None, 'cmake_clean_cache': False, 'cmake_clean_first': False, 'cmake_force_configure': False, 'cmake_target': None, 'cmake_target_skip_unavailable': False, 'install_base': '/workspaces/roboracer-purdue/roboracer_ws/install/f1tenth_gym_ros', 'merge_install': False, 'path': '/workspaces/roboracer-purdue/roboracer_ws/src/f1tenth_gym_ros', 'symlink_install': False, 'test_result_base': None}
[0.498s] Level 5:colcon.colcon_core.verb:set package 'f1tenth_stack' build argument 'cmake_args' from command line to 'None'
[0.498s] Level 5:colcon.colcon_core.verb:set package 'f1tenth_stack' build argument 'cmake_target' from command line to 'None'
[0.498s] Level 5:colcon.colcon_core.verb:set package 'f1tenth_stack' build argument 'cmake_target_skip_unavailable' from command line to 'False'
[0.498s] Level 5:colcon.colcon_core.verb:set package 'f1tenth_stack' build argument 'cmake_clean_cache' from command line to 'False'
[0.498s] Level 5:colcon.colcon_core.verb:set package 'f1tenth_stack' build argument 'cmake_clean_first' from command line to 'False'
[0.498s] Level 5:colcon.colcon_core.verb:set package 'f1tenth_stack' build argument 'cmake_force_configure' from command line to 'False'
[0.498s] Level 5:colcon.colcon_core.verb:set package 'f1tenth_stack' build argument 'ament_cmake_args' from command line to 'None'
[0.499s] Level 5:colcon.colcon_core.verb:set package 'f1tenth_stack' build argument 'catkin_cmake_args' from command line to 'None'
[0.499s] Level 5:colcon.colcon_core.verb:set package 'f1tenth_stack' build argument 'catkin_skip_building_tests' from command line to 'False'
[0.499s] DEBUG:colcon.colcon_core.verb:Building package 'f1tenth_stack' with the following arguments: {'ament_cmake_args': None, 'build_base': '/workspaces/roboracer-purdue/roboracer_ws/build/f1tenth_stack', 'catkin_cmake_args': None, 'catkin_skip_building_tests': False, 'cmake_args': None, 'cmake_clean_cache': False, 'cmake_clean_first': False, 'cmake_force_configure': False, 'cmake_target': None, 'cmake_target_skip_unavailable': False, 'install_base': '/workspaces/roboracer-purdue/roboracer_ws/install/f1tenth_stack', 'merge_install': False, 'path': '/workspaces/roboracer-purdue/roboracer_ws/src/f1tenth_system/f1tenth_stack', 'symlink_install': False, 'test_result_base': None}
[0.499s] INFO:colcon.colcon_core.executor:Executing jobs using 'parallel' executor
[0.500s] DEBUG:colcon.colcon_parallel_executor.executor.parallel:run_until_complete
[0.500s] INFO:colcon.colcon_ros.task.ament_cmake.build:Building ROS package in '/workspaces/roboracer-purdue/roboracer_ws/src/f1tenth_system/ackermann_mux' with build type 'ament_cmake'
[0.500s] INFO:colcon.colcon_cmake.task.cmake.build:Building CMake package in '/workspaces/roboracer-purdue/roboracer_ws/src/f1tenth_system/ackermann_mux'
[0.501s] INFO:colcon.colcon_core.plugin_system:Skipping extension 'colcon_core.shell.bat': Not used on non-Windows systems
[0.502s] INFO:colcon.colcon_core.shell:Skip shell extension 'powershell' for command environment: Not usable outside of PowerShell
[0.502s] DEBUG:colcon.colcon_core.shell:Skip shell extension 'dsv' for command environment
[0.510s] INFO:colcon.colcon_core.task.python.build:Building Python package in '/workspaces/roboracer-purdue/roboracer_ws/f1tenth_gym'
[0.511s] INFO:colcon.colcon_core.shell:Skip shell extension 'powershell' for command environment: Not usable outside of PowerShell
[0.511s] DEBUG:colcon.colcon_core.shell:Skip shell extension 'dsv' for command environment
[0.518s] INFO:colcon.colcon_ros.task.ament_python.build:Building ROS package in '/workspaces/roboracer-purdue/roboracer_ws/src/f1tenth_gym_ros' with build type 'ament_python'
[0.518s] Level 1:colcon.colcon_core.shell:create_environment_hook('f1tenth_gym_ros', 'ament_prefix_path')
[0.518s] INFO:colcon.colcon_core.shell:Creating environment hook '/workspaces/roboracer-purdue/roboracer_ws/install/f1tenth_gym_ros/share/f1tenth_gym_ros/hook/ament_prefix_path.ps1'
[0.522s] INFO:colcon.colcon_core.shell:Creating environment descriptor '/workspaces/roboracer-purdue/roboracer_ws/install/f1tenth_gym_ros/share/f1tenth_gym_ros/hook/ament_prefix_path.dsv'
[0.523s] INFO:colcon.colcon_core.shell:Creating environment hook '/workspaces/roboracer-purdue/roboracer_ws/install/f1tenth_gym_ros/share/f1tenth_gym_ros/hook/ament_prefix_path.sh'
[0.524s] INFO:colcon.colcon_core.shell:Skip shell extension 'powershell' for command environment: Not usable outside of PowerShell
[0.524s] DEBUG:colcon.colcon_core.shell:Skip shell extension 'dsv' for command environment
[0.546s] DEBUG:colcon.colcon_core.event_handler.log_command:Invoking command in '/workspaces/roboracer-purdue/roboracer_ws/build/ackermann_mux': CMAKE_PREFIX_PATH=${CMAKE_PREFIX_PATH}:/workspaces/roboracer-purdue/roboracer_ws/install/f1tenth_stack:/opt/ros/humble /usr/bin/cmake --build /workspaces/roboracer-purdue/roboracer_ws/build/ackermann_mux -- -j4 -l4
[0.917s] INFO:colcon.colcon_core.task.python.build:Building Python package in '/workspaces/roboracer-purdue/roboracer_ws/src/f1tenth_gym_ros'
[0.917s] INFO:colcon.colcon_core.shell:Skip shell extension 'powershell' for command environment: Not usable outside of PowerShell
[0.918s] DEBUG:colcon.colcon_core.shell:Skip shell extension 'dsv' for command environment
[0.924s] DEBUG:colcon.colcon_core.event_handler.log_command:Invoked command in '/workspaces/roboracer-purdue/roboracer_ws/build/ackermann_mux' returned '0': CMAKE_PREFIX_PATH=${CMAKE_PREFIX_PATH}:/workspaces/roboracer-purdue/roboracer_ws/install/f1tenth_stack:/opt/ros/humble /usr/bin/cmake --build /workspaces/roboracer-purdue/roboracer_ws/build/ackermann_mux -- -j4 -l4
[0.931s] DEBUG:colcon.colcon_core.event_handler.log_command:Invoking command in '/workspaces/roboracer-purdue/roboracer_ws/build/ackermann_mux': CMAKE_PREFIX_PATH=${CMAKE_PREFIX_PATH}:/workspaces/roboracer-purdue/roboracer_ws/install/f1tenth_stack:/opt/ros/humble /usr/bin/cmake --install /workspaces/roboracer-purdue/roboracer_ws/build/ackermann_mux
[0.954s] Level 1:colcon.colcon_core.environment:create_environment_scripts_only(ackermann_mux)
[0.955s] DEBUG:colcon.colcon_core.event_handler.log_command:Invoked command in '/workspaces/roboracer-purdue/roboracer_ws/build/ackermann_mux' returned '0': CMAKE_PREFIX_PATH=${CMAKE_PREFIX_PATH}:/workspaces/roboracer-purdue/roboracer_ws/install/f1tenth_stack:/opt/ros/humble /usr/bin/cmake --install /workspaces/roboracer-purdue/roboracer_ws/build/ackermann_mux
[0.958s] Level 1:colcon.colcon_core.environment:checking '/workspaces/roboracer-purdue/roboracer_ws/install/ackermann_mux' for CMake module files
[0.964s] Level 1:colcon.colcon_core.environment:checking '/workspaces/roboracer-purdue/roboracer_ws/install/ackermann_mux' for CMake config files
[0.968s] Level 1:colcon.colcon_core.shell:create_environment_hook('ackermann_mux', 'cmake_prefix_path')
[0.968s] INFO:colcon.colcon_core.shell:Creating environment hook '/workspaces/roboracer-purdue/roboracer_ws/install/ackermann_mux/share/ackermann_mux/hook/cmake_prefix_path.ps1'
[0.970s] INFO:colcon.colcon_core.shell:Creating environment descriptor '/workspaces/roboracer-purdue/roboracer_ws/install/ackermann_mux/share/ackermann_mux/hook/cmake_prefix_path.dsv'
[0.971s] INFO:colcon.colcon_core.shell:Creating environment hook '/workspaces/roboracer-purdue/roboracer_ws/install/ackermann_mux/share/ackermann_mux/hook/cmake_prefix_path.sh'
[0.980s] Level 1:colcon.colcon_core.environment:checking '/workspaces/roboracer-purdue/roboracer_ws/install/ackermann_mux/lib'
[0.981s] Level 1:colcon.colcon_core.environment:checking '/workspaces/roboracer-purdue/roboracer_ws/install/ackermann_mux/bin'
[0.981s] Level 1:colcon.colcon_core.environment:checking '/workspaces/roboracer-purdue/roboracer_ws/install/ackermann_mux/lib/pkgconfig/ackermann_mux.pc'
[0.982s] Level 1:colcon.colcon_core.environment:checking '/workspaces/roboracer-purdue/roboracer_ws/install/ackermann_mux/lib/python3.10/site-packages'
[0.982s] Level 1:colcon.colcon_core.environment:checking '/workspaces/roboracer-purdue/roboracer_ws/install/ackermann_mux/bin'
[0.982s] INFO:colcon.colcon_core.shell:Creating package script '/workspaces/roboracer-purdue/roboracer_ws/install/ackermann_mux/share/ackermann_mux/package.ps1'
[0.983s] INFO:colcon.colcon_core.shell:Creating package descriptor '/workspaces/roboracer-purdue/roboracer_ws/install/ackermann_mux/share/ackermann_mux/package.dsv'
[0.984s] INFO:colcon.colcon_core.shell:Creating package script '/workspaces/roboracer-purdue/roboracer_ws/install/ackermann_mux/share/ackermann_mux/package.sh'
[0.984s] INFO:colcon.colcon_core.shell:Creating package script '/workspaces/roboracer-purdue/roboracer_ws/install/ackermann_mux/share/ackermann_mux/package.bash'
[0.985s] INFO:colcon.colcon_core.shell:Creating package script '/workspaces/roboracer-purdue/roboracer_ws/install/ackermann_mux/share/ackermann_mux/package.zsh'
[0.986s] Level 1:colcon.colcon_core.environment:create_file_with_runtime_dependencies(/workspaces/roboracer-purdue/roboracer_ws/install/ackermann_mux/share/colcon-core/packages/ackermann_mux)
[0.987s] Level 1:colcon.colcon_core.environment:create_environment_scripts_only(ackermann_mux)
[0.987s] Level 1:colcon.colcon_core.environment:checking '/workspaces/roboracer-purdue/roboracer_ws/install/ackermann_mux' for CMake module files
[0.988s] Level 1:colcon.colcon_core.environment:checking '/workspaces/roboracer-purdue/roboracer_ws/install/ackermann_mux' for CMake config files
[0.990s] Level 1:colcon.colcon_core.shell:create_environment_hook('ackermann_mux', 'cmake_prefix_path')
[0.990s] INFO:colcon.colcon_core.shell:Creating environment hook '/workspaces/roboracer-purdue/roboracer_ws/install/ackermann_mux/share/ackermann_mux/hook/cmake_prefix_path.ps1'
[0.990s] INFO:colcon.colcon_core.shell:Creating environment descriptor '/workspaces/roboracer-purdue/roboracer_ws/install/ackermann_mux/share/ackermann_mux/hook/cmake_prefix_path.dsv'
[0.991s] INFO:colcon.colcon_core.shell:Creating environment hook '/workspaces/roboracer-purdue/roboracer_ws/install/ackermann_mux/share/ackermann_mux/hook/cmake_prefix_path.sh'
[0.992s] Level 1:colcon.colcon_core.environment:checking '/workspaces/roboracer-purdue/roboracer_ws/install/ackermann_mux/lib'
[0.992s] Level 1:colcon.colcon_core.environment:checking '/workspaces/roboracer-purdue/roboracer_ws/install/ackermann_mux/bin'
[0.992s] Level 1:colcon.colcon_core.environment:checking '/workspaces/roboracer-purdue/roboracer_ws/install/ackermann_mux/lib/pkgconfig/ackermann_mux.pc'
[0.992s] Level 1:colcon.colcon_core.environment:checking '/workspaces/roboracer-purdue/roboracer_ws/install/ackermann_mux/lib/python3.10/site-packages'
[0.993s] Level 1:colcon.colcon_core.environment:checking '/workspaces/roboracer-purdue/roboracer_ws/install/ackermann_mux/bin'
[0.993s] INFO:colcon.colcon_core.shell:Creating package script '/workspaces/roboracer-purdue/roboracer_ws/install/ackermann_mux/share/ackermann_mux/package.ps1'
[0.994s] INFO:colcon.colcon_core.shell:Creating package descriptor '/workspaces/roboracer-purdue/roboracer_ws/install/ackermann_mux/share/ackermann_mux/package.dsv'
[0.994s] INFO:colcon.colcon_core.shell:Creating package script '/workspaces/roboracer-purdue/roboracer_ws/install/ackermann_mux/share/ackermann_mux/package.sh'
[0.995s] INFO:colcon.colcon_core.shell:Creating package script '/workspaces/roboracer-purdue/roboracer_ws/install/ackermann_mux/share/ackermann_mux/package.bash'
[0.996s] INFO:colcon.colcon_core.shell:Creating package script '/workspaces/roboracer-purdue/roboracer_ws/install/ackermann_mux/share/ackermann_mux/package.zsh'
[0.996s] Level 1:colcon.colcon_core.environment:create_file_with_runtime_dependencies(/workspaces/roboracer-purdue/roboracer_ws/install/ackermann_mux/share/colcon-core/packages/ackermann_mux)
[0.997s] INFO:colcon.colcon_ros.task.ament_python.build:Building ROS package in '/workspaces/roboracer-purdue/roboracer_ws/src/f1tenth_system/f1tenth_stack' with build type 'ament_python'
[0.997s] Level 1:colcon.colcon_core.shell:create_environment_hook('f1tenth_stack', 'ament_prefix_path')
[0.997s] INFO:colcon.colcon_core.shell:Creating environment hook '/workspaces/roboracer-purdue/roboracer_ws/install/f1tenth_stack/share/f1tenth_stack/hook/ament_prefix_path.ps1'
[0.998s] INFO:colcon.colcon_core.shell:Creating environment descriptor '/workspaces/roboracer-purdue/roboracer_ws/install/f1tenth_stack/share/f1tenth_stack/hook/ament_prefix_path.dsv'
[0.999s] INFO:colcon.colcon_core.shell:Creating environment hook '/workspaces/roboracer-purdue/roboracer_ws/install/f1tenth_stack/share/f1tenth_stack/hook/ament_prefix_path.sh'
[1.000s] INFO:colcon.colcon_core.shell:Skip shell extension 'powershell' for command environment: Not usable outside of PowerShell
[1.000s] DEBUG:colcon.colcon_core.shell:Skip shell extension 'dsv' for command environment
[1.004s] DEBUG:colcon.colcon_core.task.python.build:Available setuptools commands: bdist_egg, upload_docs, install_lib, easy_install, egg_info, install_scripts, dist_info, clean, build_clib, install_egg_info, build_ext, saveopts, alias, build_py, install_headers, rotate, build, install, build_scripts, symlink_data, test, register, bdist_wheel, setopt, check, develop, bdist_rpm, bdist, sdist, bdist_dumb, install_data, upload
[1.007s] DEBUG:colcon.colcon_core.event_handler.log_command:Invoking command in '/workspaces/roboracer-purdue/roboracer_ws/f1tenth_gym': PYTHONPATH=/workspaces/roboracer-purdue/roboracer_ws/build/f110_gym/prefix_override:/usr/lib/python3/dist-packages/colcon_core/task/python/colcon_distutils_commands:/workspaces/roboracer-purdue/roboracer_ws/install/f110_gym/lib/python3.10/site-packages:${PYTHONPATH} /usr/bin/python3 -W ignore:setup.py install is deprecated -W ignore:easy_install command is deprecated setup.py egg_info --egg-base ../build/f110_gym build --build-base /workspaces/roboracer-purdue/roboracer_ws/build/f110_gym/build install --record /workspaces/roboracer-purdue/roboracer_ws/build/f110_gym/install.log --single-version-externally-managed
[1.204s] INFO:colcon.colcon_core.task.python.build:Building Python package in '/workspaces/roboracer-purdue/roboracer_ws/src/f1tenth_system/f1tenth_stack'
[1.205s] INFO:colcon.colcon_core.shell:Skip shell extension 'powershell' for command environment: Not usable outside of PowerShell
[1.205s] DEBUG:colcon.colcon_core.shell:Skip shell extension 'dsv' for command environment
[1.222s] DEBUG:colcon.colcon_core.task.python.build:Available setuptools commands: bdist_egg, upload_docs, install_lib, easy_install, egg_info, install_scripts, dist_info, clean, build_clib, install_egg_info, build_ext, saveopts, alias, build_py, install_headers, rotate, build, install, build_scripts, symlink_data, test, register, bdist_wheel, setopt, check, develop, bdist_rpm, bdist, sdist, bdist_dumb, install_data, upload
[1.234s] DEBUG:colcon.colcon_core.event_handler.log_command:Invoking command in '/workspaces/roboracer-purdue/roboracer_ws/src/f1tenth_gym_ros': PYTHONPATH=/workspaces/roboracer-purdue/roboracer_ws/build/f1tenth_gym_ros/prefix_override:/usr/lib/python3/dist-packages/colcon_core/task/python/colcon_distutils_commands:/workspaces/roboracer-purdue/roboracer_ws/install/f1tenth_gym_ros/lib/python3.10/site-packages:${PYTHONPATH} /usr/bin/python3 -W ignore:setup.py install is deprecated -W ignore:easy_install command is deprecated setup.py egg_info --egg-base ../../build/f1tenth_gym_ros build --build-base /workspaces/roboracer-purdue/roboracer_ws/build/f1tenth_gym_ros/build install --record /workspaces/roboracer-purdue/roboracer_ws/build/f1tenth_gym_ros/install.log --install-scripts $base/lib/f1tenth_gym_ros --single-version-externally-managed install_data
[1.238s] Level 1:colcon.colcon_core.environment:checking '/workspaces/roboracer-purdue/roboracer_ws/install/f110_gym' for CMake module files
[1.239s] DEBUG:colcon.colcon_core.event_handler.log_command:Invoked command in '/workspaces/roboracer-purdue/roboracer_ws/f1tenth_gym' returned '0': PYTHONPATH=/workspaces/roboracer-purdue/roboracer_ws/build/f110_gym/prefix_override:/usr/lib/python3/dist-packages/colcon_core/task/python/colcon_distutils_commands:/workspaces/roboracer-purdue/roboracer_ws/install/f110_gym/lib/python3.10/site-packages:${PYTHONPATH} /usr/bin/python3 -W ignore:setup.py install is deprecated -W ignore:easy_install command is deprecated setup.py egg_info --egg-base ../build/f110_gym build --build-base /workspaces/roboracer-purdue/roboracer_ws/build/f110_gym/build install --record /workspaces/roboracer-purdue/roboracer_ws/build/f110_gym/install.log --single-version-externally-managed
[1.244s] Level 1:colcon.colcon_core.environment:checking '/workspaces/roboracer-purdue/roboracer_ws/install/f110_gym' for CMake config files
[1.254s] Level 1:colcon.colcon_core.environment:checking '/workspaces/roboracer-purdue/roboracer_ws/install/f110_gym/lib'
[1.254s] Level 1:colcon.colcon_core.environment:checking '/workspaces/roboracer-purdue/roboracer_ws/install/f110_gym/bin'
[1.254s] Level 1:colcon.colcon_core.environment:checking '/workspaces/roboracer-purdue/roboracer_ws/install/f110_gym/lib/pkgconfig/f110_gym.pc'
[1.254s] Level 1:colcon.colcon_core.environment:checking '/workspaces/roboracer-purdue/roboracer_ws/install/f110_gym/lib/python3.10/site-packages'
[1.254s] Level 1:colcon.colcon_core.shell:create_environment_hook('f110_gym', 'pythonpath')
[1.255s] INFO:colcon.colcon_core.shell:Creating environment hook '/workspaces/roboracer-purdue/roboracer_ws/install/f110_gym/share/f110_gym/hook/pythonpath.ps1'
[1.256s] INFO:colcon.colcon_core.shell:Creating environment descriptor '/workspaces/roboracer-purdue/roboracer_ws/install/f110_gym/share/f110_gym/hook/pythonpath.dsv'
[1.256s] INFO:colcon.colcon_core.shell:Creating environment hook '/workspaces/roboracer-purdue/roboracer_ws/install/f110_gym/share/f110_gym/hook/pythonpath.sh'
[1.257s] Level 1:colcon.colcon_core.environment:checking '/workspaces/roboracer-purdue/roboracer_ws/install/f110_gym/bin'
[1.257s] Level 1:colcon.colcon_core.environment:create_environment_scripts_only(f110_gym)
[1.257s] INFO:colcon.colcon_core.shell:Creating package script '/workspaces/roboracer-purdue/roboracer_ws/install/f110_gym/share/f110_gym/package.ps1'
[1.259s] INFO:colcon.colcon_core.shell:Creating package descriptor '/workspaces/roboracer-purdue/roboracer_ws/install/f110_gym/share/f110_gym/package.dsv'
[1.261s] INFO:colcon.colcon_core.shell:Creating package script '/workspaces/roboracer-purdue/roboracer_ws/install/f110_gym/share/f110_gym/package.sh'
[1.262s] INFO:colcon.colcon_core.shell:Creating package script '/workspaces/roboracer-purdue/roboracer_ws/install/f110_gym/share/f110_gym/package.bash'
[1.263s] INFO:colcon.colcon_core.shell:Creating package script '/workspaces/roboracer-purdue/roboracer_ws/install/f110_gym/share/f110_gym/package.zsh'
[1.264s] Level 1:colcon.colcon_core.environment:create_file_with_runtime_dependencies(/workspaces/roboracer-purdue/roboracer_ws/install/f110_gym/share/colcon-core/packages/f110_gym)
[1.445s] DEBUG:colcon.colcon_core.task.python.build:Available setuptools commands: bdist_egg, upload_docs, install_lib, easy_install, egg_info, install_scripts, dist_info, clean, build_clib, install_egg_info, build_ext, saveopts, alias, build_py, install_headers, rotate, build, install, build_scripts, symlink_data, test, register, bdist_wheel, setopt, check, develop, bdist_rpm, bdist, sdist, bdist_dumb, install_data, upload
[1.456s] DEBUG:colcon.colcon_core.event_handler.log_command:Invoking command in '/workspaces/roboracer-purdue/roboracer_ws/src/f1tenth_system/f1tenth_stack': PYTHONPATH=/workspaces/roboracer-purdue/roboracer_ws/build/f1tenth_stack/prefix_override:/usr/lib/python3/dist-packages/colcon_core/task/python/colcon_distutils_commands:/workspaces/roboracer-purdue/roboracer_ws/install/f1tenth_stack/lib/python3.10/site-packages:${PYTHONPATH} /usr/bin/python3 -W ignore:setup.py install is deprecated -W ignore:easy_install command is deprecated setup.py egg_info --egg-base ../../../build/f1tenth_stack build --build-base /workspaces/roboracer-purdue/roboracer_ws/build/f1tenth_stack/build install --record /workspaces/roboracer-purdue/roboracer_ws/build/f1tenth_stack/install.log --install-scripts $base/lib/f1tenth_stack --single-version-externally-managed install_data
[1.464s] Level 1:colcon.colcon_core.environment:checking '/workspaces/roboracer-purdue/roboracer_ws/install/f1tenth_gym_ros' for CMake module files
[1.465s] DEBUG:colcon.colcon_core.event_handler.log_command:Invoked command in '/workspaces/roboracer-purdue/roboracer_ws/src/f1tenth_gym_ros' returned '0': PYTHONPATH=/workspaces/roboracer-purdue/roboracer_ws/build/f1tenth_gym_ros/prefix_override:/usr/lib/python3/dist-packages/colcon_core/task/python/colcon_distutils_commands:/workspaces/roboracer-purdue/roboracer_ws/install/f1tenth_gym_ros/lib/python3.10/site-packages:${PYTHONPATH} /usr/bin/python3 -W ignore:setup.py install is deprecated -W ignore:easy_install command is deprecated setup.py egg_info --egg-base ../../build/f1tenth_gym_ros build --build-base /workspaces/roboracer-purdue/roboracer_ws/build/f1tenth_gym_ros/build install --record /workspaces/roboracer-purdue/roboracer_ws/build/f1tenth_gym_ros/install.log --install-scripts $base/lib/f1tenth_gym_ros --single-version-externally-managed install_data
[1.470s] Level 1:colcon.colcon_core.environment:checking '/workspaces/roboracer-purdue/roboracer_ws/install/f1tenth_gym_ros' for CMake config files
[1.477s] Level 1:colcon.colcon_core.environment:checking '/workspaces/roboracer-purdue/roboracer_ws/install/f1tenth_gym_ros/lib'
[1.477s] Level 1:colcon.colcon_core.environment:checking '/workspaces/roboracer-purdue/roboracer_ws/install/f1tenth_gym_ros/bin'
[1.477s] Level 1:colcon.colcon_core.environment:checking '/workspaces/roboracer-purdue/roboracer_ws/install/f1tenth_gym_ros/lib/pkgconfig/f1tenth_gym_ros.pc'
[1.477s] Level 1:colcon.colcon_core.environment:checking '/workspaces/roboracer-purdue/roboracer_ws/install/f1tenth_gym_ros/lib/python3.10/site-packages'
[1.478s] Level 1:colcon.colcon_core.shell:create_environment_hook('f1tenth_gym_ros', 'pythonpath')
[1.478s] INFO:colcon.colcon_core.shell:Creating environment hook '/workspaces/roboracer-purdue/roboracer_ws/install/f1tenth_gym_ros/share/f1tenth_gym_ros/hook/pythonpath.ps1'
[1.480s] INFO:colcon.colcon_core.shell:Creating environment descriptor '/workspaces/roboracer-purdue/roboracer_ws/install/f1tenth_gym_ros/share/f1tenth_gym_ros/hook/pythonpath.dsv'
[1.481s] INFO:colcon.colcon_core.shell:Creating environment hook '/workspaces/roboracer-purdue/roboracer_ws/install/f1tenth_gym_ros/share/f1tenth_gym_ros/hook/pythonpath.sh'
[1.482s] Level 1:colcon.colcon_core.environment:checking '/workspaces/roboracer-purdue/roboracer_ws/install/f1tenth_gym_ros/bin'
[1.482s] Level 1:colcon.colcon_core.environment:create_environment_scripts_only(f1tenth_gym_ros)
[1.482s] INFO:colcon.colcon_core.shell:Creating package script '/workspaces/roboracer-purdue/roboracer_ws/install/f1tenth_gym_ros/share/f1tenth_gym_ros/package.ps1'
[1.484s] INFO:colcon.colcon_core.shell:Creating package descriptor '/workspaces/roboracer-purdue/roboracer_ws/install/f1tenth_gym_ros/share/f1tenth_gym_ros/package.dsv'
[1.485s] INFO:colcon.colcon_core.shell:Creating package script '/workspaces/roboracer-purdue/roboracer_ws/install/f1tenth_gym_ros/share/f1tenth_gym_ros/package.sh'
[1.487s] INFO:colcon.colcon_core.shell:Creating package script '/workspaces/roboracer-purdue/roboracer_ws/install/f1tenth_gym_ros/share/f1tenth_gym_ros/package.bash'
[1.488s] INFO:colcon.colcon_core.shell:Creating package script '/workspaces/roboracer-purdue/roboracer_ws/install/f1tenth_gym_ros/share/f1tenth_gym_ros/package.zsh'
[1.489s] Level 1:colcon.colcon_core.environment:create_file_with_runtime_dependencies(/workspaces/roboracer-purdue/roboracer_ws/install/f1tenth_gym_ros/share/colcon-core/packages/f1tenth_gym_ros)
[1.641s] Level 1:colcon.colcon_core.environment:checking '/workspaces/roboracer-purdue/roboracer_ws/install/f1tenth_stack' for CMake module files
[1.641s] DEBUG:colcon.colcon_core.event_handler.log_command:Invoked command in '/workspaces/roboracer-purdue/roboracer_ws/src/f1tenth_system/f1tenth_stack' returned '0': PYTHONPATH=/workspaces/roboracer-purdue/roboracer_ws/build/f1tenth_stack/prefix_override:/usr/lib/python3/dist-packages/colcon_core/task/python/colcon_distutils_commands:/workspaces/roboracer-purdue/roboracer_ws/install/f1tenth_stack/lib/python3.10/site-packages:${PYTHONPATH} /usr/bin/python3 -W ignore:setup.py install is deprecated -W ignore:easy_install command is deprecated setup.py egg_info --egg-base ../../../build/f1tenth_stack build --build-base /workspaces/roboracer-purdue/roboracer_ws/build/f1tenth_stack/build install --record /workspaces/roboracer-purdue/roboracer_ws/build/f1tenth_stack/install.log --install-scripts $base/lib/f1tenth_stack --single-version-externally-managed install_data
[1.643s] Level 1:colcon.colcon_core.environment:checking '/workspaces/roboracer-purdue/roboracer_ws/install/f1tenth_stack' for CMake config files
[1.648s] Level 1:colcon.colcon_core.environment:checking '/workspaces/roboracer-purdue/roboracer_ws/install/f1tenth_stack/lib'
[1.648s] Level 1:colcon.colcon_core.environment:checking '/workspaces/roboracer-purdue/roboracer_ws/install/f1tenth_stack/bin'
[1.648s] Level 1:colcon.colcon_core.environment:checking '/workspaces/roboracer-purdue/roboracer_ws/install/f1tenth_stack/lib/pkgconfig/f1tenth_stack.pc'
[1.649s] Level 1:colcon.colcon_core.environment:checking '/workspaces/roboracer-purdue/roboracer_ws/install/f1tenth_stack/lib/python3.10/site-packages'
[1.649s] Level 1:colcon.colcon_core.shell:create_environment_hook('f1tenth_stack', 'pythonpath')
[1.649s] INFO:colcon.colcon_core.shell:Creating environment hook '/workspaces/roboracer-purdue/roboracer_ws/install/f1tenth_stack/share/f1tenth_stack/hook/pythonpath.ps1'
[1.650s] INFO:colcon.colcon_core.shell:Creating environment descriptor '/workspaces/roboracer-purdue/roboracer_ws/install/f1tenth_stack/share/f1tenth_stack/hook/pythonpath.dsv'
[1.650s] INFO:colcon.colcon_core.shell:Creating environment hook '/workspaces/roboracer-purdue/roboracer_ws/install/f1tenth_stack/share/f1tenth_stack/hook/pythonpath.sh'
[1.651s] Level 1:colcon.colcon_core.environment:checking '/workspaces/roboracer-purdue/roboracer_ws/install/f1tenth_stack/bin'
[1.651s] Level 1:colcon.colcon_core.environment:create_environment_scripts_only(f1tenth_stack)
[1.651s] INFO:colcon.colcon_core.shell:Creating package script '/workspaces/roboracer-purdue/roboracer_ws/install/f1tenth_stack/share/f1tenth_stack/package.ps1'
[1.652s] INFO:colcon.colcon_core.shell:Creating package descriptor '/workspaces/roboracer-purdue/roboracer_ws/install/f1tenth_stack/share/f1tenth_stack/package.dsv'
[1.652s] INFO:colcon.colcon_core.shell:Creating package script '/workspaces/roboracer-purdue/roboracer_ws/install/f1tenth_stack/share/f1tenth_stack/package.sh'
[1.653s] INFO:colcon.colcon_core.shell:Creating package script '/workspaces/roboracer-purdue/roboracer_ws/install/f1tenth_stack/share/f1tenth_stack/package.bash'
[1.653s] INFO:colcon.colcon_core.shell:Creating package script '/workspaces/roboracer-purdue/roboracer_ws/install/f1tenth_stack/share/f1tenth_stack/package.zsh'
[1.653s] Level 1:colcon.colcon_core.environment:create_file_with_runtime_dependencies(/workspaces/roboracer-purdue/roboracer_ws/install/f1tenth_stack/share/colcon-core/packages/f1tenth_stack)
[1.654s] DEBUG:colcon.colcon_parallel_executor.executor.parallel:closing loop
[1.654s] DEBUG:colcon.colcon_parallel_executor.executor.parallel:loop closed
[1.654s] DEBUG:colcon.colcon_parallel_executor.executor.parallel:run_until_complete finished with '0'
[1.654s] DEBUG:colcon.colcon_core.event_reactor:joining thread
[1.659s] INFO:colcon.colcon_core.plugin_system:Skipping extension 'colcon_notification.desktop_notification.terminal_notifier': Not used on non-Darwin systems
[1.659s] INFO:colcon.colcon_core.plugin_system:Skipping extension 'colcon_notification.desktop_notification.win32': Not used on non-Windows systems
[1.659s] INFO:colcon.colcon_notification.desktop_notification:Sending desktop notification using 'notify2'
[1.674s] DEBUG:colcon.colcon_core.event_reactor:joined thread
[1.675s] INFO:colcon.colcon_core.shell:Creating prefix script '/workspaces/roboracer-purdue/roboracer_ws/install/local_setup.ps1'
[1.677s] INFO:colcon.colcon_core.shell:Creating prefix util module '/workspaces/roboracer-purdue/roboracer_ws/install/_local_setup_util_ps1.py'
[1.678s] INFO:colcon.colcon_core.shell:Creating prefix chain script '/workspaces/roboracer-purdue/roboracer_ws/install/setup.ps1'
[1.680s] INFO:colcon.colcon_core.shell:Creating prefix script '/workspaces/roboracer-purdue/roboracer_ws/install/local_setup.sh'
[1.681s] INFO:colcon.colcon_core.shell:Creating prefix util module '/workspaces/roboracer-purdue/roboracer_ws/install/_local_setup_util_sh.py'
[1.682s] INFO:colcon.colcon_core.shell:Creating prefix chain script '/workspaces/roboracer-purdue/roboracer_ws/install/setup.sh'
[1.683s] INFO:colcon.colcon_core.shell:Creating prefix script '/workspaces/roboracer-purdue/roboracer_ws/install/local_setup.bash'
[1.684s] INFO:colcon.colcon_core.shell:Creating prefix chain script '/workspaces/roboracer-purdue/roboracer_ws/install/setup.bash'
[1.686s] INFO:colcon.colcon_core.shell:Creating prefix script '/workspaces/roboracer-purdue/roboracer_ws/install/local_setup.zsh'
[1.687s] INFO:colcon.colcon_core.shell:Creating prefix chain script '/workspaces/roboracer-purdue/roboracer_ws/install/setup.zsh'
