[0.585s] Invoking command in '/home/patchychan/driver_template/roboracer_template_ws/src/simple_driver': PYTHONPATH=/home/patchychan/driver_template/build/simple_driver/prefix_override:/usr/lib/python3/dist-packages/colcon_core/task/python/colcon_distutils_commands:/home/patchychan/driver_template/install/simple_driver/lib/python3.10/site-packages:${PYTHONPATH} /usr/bin/python3 -W ignore:setup.py install is deprecated -W ignore:easy_install command is deprecated setup.py egg_info --egg-base ../../../build/simple_driver build --build-base /home/patchychan/driver_template/build/simple_driver/build install --record /home/patchychan/driver_template/build/simple_driver/install.log --install-scripts $base/lib/simple_driver --single-version-externally-managed install_data
[0.708s] running egg_info
[0.708s] creating ../../../build/simple_driver/simple_driver.egg-info
[0.708s] writing ../../../build/simple_driver/simple_driver.egg-info/PKG-INFO
[0.708s] writing dependency_links to ../../../build/simple_driver/simple_driver.egg-info/dependency_links.txt
[0.709s] writing entry points to ../../../build/simple_driver/simple_driver.egg-info/entry_points.txt
[0.709s] writing requirements to ../../../build/simple_driver/simple_driver.egg-info/requires.txt
[0.709s] writing top-level names to ../../../build/simple_driver/simple_driver.egg-info/top_level.txt
[0.709s] writing manifest file '../../../build/simple_driver/simple_driver.egg-info/SOURCES.txt'
[0.710s] reading manifest file '../../../build/simple_driver/simple_driver.egg-info/SOURCES.txt'
[0.710s] writing manifest file '../../../build/simple_driver/simple_driver.egg-info/SOURCES.txt'
[0.711s] running build
[0.711s] running build_py
[0.711s] creating /home/patchychan/driver_template/build/simple_driver/build
[0.711s] creating /home/patchychan/driver_template/build/simple_driver/build/lib
[0.711s] creating /home/patchychan/driver_template/build/simple_driver/build/lib/simple_driver
[0.711s] copying simple_driver/template.py -> /home/patchychan/driver_template/build/simple_driver/build/lib/simple_driver
[0.711s] copying simple_driver/__init__.py -> /home/patchychan/driver_template/build/simple_driver/build/lib/simple_driver
[0.711s] running install
[0.712s] running install_lib
[0.712s] creating /home/patchychan/driver_template/install/simple_driver/lib/python3.10/site-packages/simple_driver
[0.712s] copying /home/patchychan/driver_template/build/simple_driver/build/lib/simple_driver/template.py -> /home/patchychan/driver_template/install/simple_driver/lib/python3.10/site-packages/simple_driver
[0.713s] copying /home/patchychan/driver_template/build/simple_driver/build/lib/simple_driver/__init__.py -> /home/patchychan/driver_template/install/simple_driver/lib/python3.10/site-packages/simple_driver
[0.713s] byte-compiling /home/patchychan/driver_template/install/simple_driver/lib/python3.10/site-packages/simple_driver/template.py to template.cpython-310.pyc
[0.713s] byte-compiling /home/patchychan/driver_template/install/simple_driver/lib/python3.10/site-packages/simple_driver/__init__.py to __init__.cpython-310.pyc
[0.714s] running install_data
[0.714s] creating /home/patchychan/driver_template/install/simple_driver/share/ament_index
[0.714s] creating /home/patchychan/driver_template/install/simple_driver/share/ament_index/resource_index
[0.714s] creating /home/patchychan/driver_template/install/simple_driver/share/ament_index/resource_index/packages
[0.714s] copying resource/simple_driver -> /home/patchychan/driver_template/install/simple_driver/share/ament_index/resource_index/packages
[0.714s] copying package.xml -> /home/patchychan/driver_template/install/simple_driver/share/simple_driver
[0.714s] running install_egg_info
[0.715s] Copying ../../../build/simple_driver/simple_driver.egg-info to /home/patchychan/driver_template/install/simple_driver/lib/python3.10/site-packages/simple_driver-0.0.0-py3.10.egg-info
[0.716s] running install_scripts
[0.727s] Installing simple_driver script to /home/patchychan/driver_template/install/simple_driver/lib/simple_driver
[0.728s] writing list of installed files to '/home/patchychan/driver_template/build/simple_driver/install.log'
