running egg_info
creating ../../build/wall_follow_2/wall_follow_2.egg-info
writing manifest file '../../build/wall_follow_2/wall_follow_2.egg-info/SOURCES.txt'
writing manifest file '../../build/wall_follow_2/wall_follow_2.egg-info/SOURCES.txt'
running build
running build_py
creating /home/patchy/arc_ws/ARC-PI-ROSCODE/lab3_ws_john/build/wall_follow_2/build
creating /home/patchy/arc_ws/ARC-PI-ROSCODE/lab3_ws_john/build/wall_follow_2/build/lib
creating /home/patchy/arc_ws/ARC-PI-ROSCODE/lab3_ws_john/build/wall_follow_2/build/lib/wall_follow_2
copying wall_follow_2/__init__.py -> /home/patchy/arc_ws/ARC-PI-ROSCODE/lab3_ws_john/build/wall_follow_2/build/lib/wall_follow_2
copying wall_follow_2/wall_follow.py -> /home/patchy/arc_ws/ARC-PI-ROSCODE/lab3_ws_john/build/wall_follow_2/build/lib/wall_follow_2
running install
running install_lib
creating /home/patchy/arc_ws/ARC-PI-ROSCODE/lab3_ws_john/install/wall_follow_2/lib/python3.8/site-packages/wall_follow_2
byte-compiling /home/patchy/arc_ws/ARC-PI-ROSCODE/lab3_ws_john/install/wall_follow_2/lib/python3.8/site-packages/wall_follow_2/__init__.py to __init__.cpython-38.pyc
byte-compiling /home/patchy/arc_ws/ARC-PI-ROSCODE/lab3_ws_john/install/wall_follow_2/lib/python3.8/site-packages/wall_follow_2/wall_follow.py to wall_follow.cpython-38.pyc
running install_data
creating /home/patchy/arc_ws/ARC-PI-ROSCODE/lab3_ws_john/install/wall_follow_2/share
creating /home/patchy/arc_ws/ARC-PI-ROSCODE/lab3_ws_john/install/wall_follow_2/share/ament_index
creating /home/patchy/arc_ws/ARC-PI-ROSCODE/lab3_ws_john/install/wall_follow_2/share/ament_index/resource_index
creating /home/patchy/arc_ws/ARC-PI-ROSCODE/lab3_ws_john/install/wall_follow_2/share/ament_index/resource_index/packages
copying resource/wall_follow_2 -> /home/patchy/arc_ws/ARC-PI-ROSCODE/lab3_ws_john/install/wall_follow_2/share/ament_index/resource_index/packages
creating /home/patchy/arc_ws/ARC-PI-ROSCODE/lab3_ws_john/install/wall_follow_2/share/wall_follow_2
copying package.xml -> /home/patchy/arc_ws/ARC-PI-ROSCODE/lab3_ws_john/install/wall_follow_2/share/wall_follow_2
creating /home/patchy/arc_ws/ARC-PI-ROSCODE/lab3_ws_john/install/wall_follow_2/share/wall_follow_2/launch
