[0.570s] DEBUG:colcon:Command line arguments: ['/usr/bin/colcon', 'build']
[0.570s] DEBUG:colcon:Parsed command line arguments: Namespace(allow_overriding=[], ament_cmake_args=None, base_paths=['.'], build_base='build', catkin_cmake_args=None, catkin_skip_building_tests=False, cmake_args=None, cmake_clean_cache=False, cmake_clean_first=False, cmake_force_configure=False, cmake_target=None, cmake_target_skip_unavailable=False, continue_on_error=False, event_handlers=None, executor='parallel', ignore_user_meta=False, install_base='install', log_base=None, log_level=None, main=<bound method BuildVerb.main of <colcon_core.verb.build.BuildVerb object at 0x72e0874f4a90>>, merge_install=False, metas=['./colcon.meta'], mixin=None, mixin_files=None, mixin_verb=('build',), packages_above=None, packages_above_and_dependencies=None, packages_above_depth=None, packages_end=None, packages_ignore=None, packages_ignore_regex=None, packages_select=None, packages_select_build_failed=False, packages_select_by_dep=None, packages_select_regex=None, packages_select_test_failures=False, packages_skip=None, packages_skip_build_finished=False, packages_skip_by_dep=None, packages_skip_regex=None, packages_skip_test_passed=False, packages_skip_up_to=None, packages_start=None, packages_up_to=None, packages_up_to_regex=None, parallel_workers=22, paths=None, symlink_install=False, test_result_base=None, verb_extension=<colcon_core.verb.build.BuildVerb object at 0x72e0874f4a90>, verb_name='build', verb_parser=<colcon_mixin.mixin.mixin_argument.MixinArgumentDecorator object at 0x72e0874551c0>)
[0.746s] Level 1:colcon.colcon_core.package_discovery:discover_packages(colcon_meta) check parameters
[0.746s] Level 1:colcon.colcon_core.package_discovery:discover_packages(recursive) check parameters
[0.746s] Level 1:colcon.colcon_core.package_discovery:discover_packages(ignore) check parameters
[0.746s] Level 1:colcon.colcon_core.package_discovery:discover_packages(path) check parameters
[0.746s] Level 1:colcon.colcon_core.package_discovery:discover_packages(colcon_meta) discover
[0.746s] Level 1:colcon.colcon_core.package_discovery:discover_packages(recursive) discover
[0.746s] INFO:colcon.colcon_core.package_discovery:Crawling recursively for packages in '/home/patchy/arc_ws/ARC-PI-ROSCODE'
[0.746s] Level 1:colcon.colcon_core.package_identification:_identify(.) by extensions ['ignore', 'ignore_ament_install']
[0.746s] Level 1:colcon.colcon_core.package_identification:_identify(.) by extension 'ignore'
[0.747s] Level 1:colcon.colcon_core.package_identification:_identify(.) by extension 'ignore_ament_install'
[0.747s] Level 1:colcon.colcon_core.package_identification:_identify(.) by extensions ['colcon_pkg']
[0.747s] Level 1:colcon.colcon_core.package_identification:_identify(.) by extension 'colcon_pkg'
[0.747s] Level 1:colcon.colcon_core.package_identification:_identify(.) by extensions ['colcon_meta']
[0.747s] Level 1:colcon.colcon_core.package_identification:_identify(.) by extension 'colcon_meta'
[0.747s] Level 1:colcon.colcon_core.package_identification:_identify(.) by extensions ['ros']
[0.747s] Level 1:colcon.colcon_core.package_identification:_identify(.) by extension 'ros'
[0.767s] Level 1:colcon.colcon_core.package_identification:_identify(.) by extensions ['cmake', 'python']
[0.767s] Level 1:colcon.colcon_core.package_identification:_identify(.) by extension 'cmake'
[0.767s] Level 1:colcon.colcon_core.package_identification:_identify(.) by extension 'python'
[0.767s] Level 1:colcon.colcon_core.package_identification:_identify(.) by extensions ['python_setup_py']
[0.767s] Level 1:colcon.colcon_core.package_identification:_identify(.) by extension 'python_setup_py'
[0.767s] Level 1:colcon.colcon_core.package_identification:_identify(build) by extensions ['ignore', 'ignore_ament_install']
[0.767s] Level 1:colcon.colcon_core.package_identification:_identify(build) by extension 'ignore'
[0.767s] Level 1:colcon.colcon_core.package_identification:_identify(build) ignored
[0.767s] Level 1:colcon.colcon_core.package_identification:_identify(install) by extensions ['ignore', 'ignore_ament_install']
[0.768s] Level 1:colcon.colcon_core.package_identification:_identify(install) by extension 'ignore'
[0.768s] Level 1:colcon.colcon_core.package_identification:_identify(install) ignored
[0.768s] Level 1:colcon.colcon_core.package_identification:_identify(lab1_ws) by extensions ['ignore', 'ignore_ament_install']
[0.768s] Level 1:colcon.colcon_core.package_identification:_identify(lab1_ws) by extension 'ignore'
[0.768s] Level 1:colcon.colcon_core.package_identification:_identify(lab1_ws) by extension 'ignore_ament_install'
[0.768s] Level 1:colcon.colcon_core.package_identification:_identify(lab1_ws) by extensions ['colcon_pkg']
[0.768s] Level 1:colcon.colcon_core.package_identification:_identify(lab1_ws) by extension 'colcon_pkg'
[0.768s] Level 1:colcon.colcon_core.package_identification:_identify(lab1_ws) by extensions ['colcon_meta']
[0.768s] Level 1:colcon.colcon_core.package_identification:_identify(lab1_ws) by extension 'colcon_meta'
[0.768s] Level 1:colcon.colcon_core.package_identification:_identify(lab1_ws) by extensions ['ros']
[0.768s] Level 1:colcon.colcon_core.package_identification:_identify(lab1_ws) by extension 'ros'
[0.768s] Level 1:colcon.colcon_core.package_identification:_identify(lab1_ws) by extensions ['cmake', 'python']
[0.768s] Level 1:colcon.colcon_core.package_identification:_identify(lab1_ws) by extension 'cmake'
[0.768s] Level 1:colcon.colcon_core.package_identification:_identify(lab1_ws) by extension 'python'
[0.768s] Level 1:colcon.colcon_core.package_identification:_identify(lab1_ws) by extensions ['python_setup_py']
[0.768s] Level 1:colcon.colcon_core.package_identification:_identify(lab1_ws) by extension 'python_setup_py'
[0.768s] Level 1:colcon.colcon_core.package_identification:_identify(lab1_ws/build) by extensions ['ignore', 'ignore_ament_install']
[0.768s] Level 1:colcon.colcon_core.package_identification:_identify(lab1_ws/build) by extension 'ignore'
[0.768s] Level 1:colcon.colcon_core.package_identification:_identify(lab1_ws/build) ignored
[0.768s] Level 1:colcon.colcon_core.package_identification:_identify(lab1_ws/install) by extensions ['ignore', 'ignore_ament_install']
[0.768s] Level 1:colcon.colcon_core.package_identification:_identify(lab1_ws/install) by extension 'ignore'
[0.768s] Level 1:colcon.colcon_core.package_identification:_identify(lab1_ws/install) ignored
[0.768s] Level 1:colcon.colcon_core.package_identification:_identify(lab1_ws/lab1_pkg) by extensions ['ignore', 'ignore_ament_install']
[0.769s] Level 1:colcon.colcon_core.package_identification:_identify(lab1_ws/lab1_pkg) by extension 'ignore'
[0.769s] Level 1:colcon.colcon_core.package_identification:_identify(lab1_ws/lab1_pkg) by extension 'ignore_ament_install'
[0.769s] Level 1:colcon.colcon_core.package_identification:_identify(lab1_ws/lab1_pkg) by extensions ['colcon_pkg']
[0.769s] Level 1:colcon.colcon_core.package_identification:_identify(lab1_ws/lab1_pkg) by extension 'colcon_pkg'
[0.769s] Level 1:colcon.colcon_core.package_identification:_identify(lab1_ws/lab1_pkg) by extensions ['colcon_meta']
[0.769s] Level 1:colcon.colcon_core.package_identification:_identify(lab1_ws/lab1_pkg) by extension 'colcon_meta'
[0.769s] Level 1:colcon.colcon_core.package_identification:_identify(lab1_ws/lab1_pkg) by extensions ['ros']
[0.769s] Level 1:colcon.colcon_core.package_identification:_identify(lab1_ws/lab1_pkg) by extension 'ros'
[0.774s] DEBUG:colcon.colcon_core.package_identification:Package 'lab1_ws/lab1_pkg' with type 'ros.ament_python' and name 'lab1_pkg'
[0.774s] Level 1:colcon.colcon_core.package_identification:_identify(lab1_ws/log) by extensions ['ignore', 'ignore_ament_install']
[0.774s] Level 1:colcon.colcon_core.package_identification:_identify(lab1_ws/log) by extension 'ignore'
[0.774s] Level 1:colcon.colcon_core.package_identification:_identify(lab1_ws/log) ignored
[0.774s] Level 1:colcon.colcon_core.package_identification:_identify(lab1_ws/src) by extensions ['ignore', 'ignore_ament_install']
[0.774s] Level 1:colcon.colcon_core.package_identification:_identify(lab1_ws/src) by extension 'ignore'
[0.774s] Level 1:colcon.colcon_core.package_identification:_identify(lab1_ws/src) by extension 'ignore_ament_install'
[0.774s] Level 1:colcon.colcon_core.package_identification:_identify(lab1_ws/src) by extensions ['colcon_pkg']
[0.774s] Level 1:colcon.colcon_core.package_identification:_identify(lab1_ws/src) by extension 'colcon_pkg'
[0.774s] Level 1:colcon.colcon_core.package_identification:_identify(lab1_ws/src) by extensions ['colcon_meta']
[0.774s] Level 1:colcon.colcon_core.package_identification:_identify(lab1_ws/src) by extension 'colcon_meta'
[0.774s] Level 1:colcon.colcon_core.package_identification:_identify(lab1_ws/src) by extensions ['ros']
[0.774s] Level 1:colcon.colcon_core.package_identification:_identify(lab1_ws/src) by extension 'ros'
[0.774s] Level 1:colcon.colcon_core.package_identification:_identify(lab1_ws/src) by extensions ['cmake', 'python']
[0.774s] Level 1:colcon.colcon_core.package_identification:_identify(lab1_ws/src) by extension 'cmake'
[0.775s] Level 1:colcon.colcon_core.package_identification:_identify(lab1_ws/src) by extension 'python'
[0.775s] Level 1:colcon.colcon_core.package_identification:_identify(lab1_ws/src) by extensions ['python_setup_py']
[0.775s] Level 1:colcon.colcon_core.package_identification:_identify(lab1_ws/src) by extension 'python_setup_py'
[0.775s] Level 1:colcon.colcon_core.package_identification:_identify(lab2_ws) by extensions ['ignore', 'ignore_ament_install']
[0.775s] Level 1:colcon.colcon_core.package_identification:_identify(lab2_ws) by extension 'ignore'
[0.775s] Level 1:colcon.colcon_core.package_identification:_identify(lab2_ws) by extension 'ignore_ament_install'
[0.775s] Level 1:colcon.colcon_core.package_identification:_identify(lab2_ws) by extensions ['colcon_pkg']
[0.775s] Level 1:colcon.colcon_core.package_identification:_identify(lab2_ws) by extension 'colcon_pkg'
[0.775s] Level 1:colcon.colcon_core.package_identification:_identify(lab2_ws) by extensions ['colcon_meta']
[0.775s] Level 1:colcon.colcon_core.package_identification:_identify(lab2_ws) by extension 'colcon_meta'
[0.775s] Level 1:colcon.colcon_core.package_identification:_identify(lab2_ws) by extensions ['ros']
[0.775s] Level 1:colcon.colcon_core.package_identification:_identify(lab2_ws) by extension 'ros'
[0.775s] Level 1:colcon.colcon_core.package_identification:_identify(lab2_ws) by extensions ['cmake', 'python']
[0.775s] Level 1:colcon.colcon_core.package_identification:_identify(lab2_ws) by extension 'cmake'
[0.775s] Level 1:colcon.colcon_core.package_identification:_identify(lab2_ws) by extension 'python'
[0.775s] Level 1:colcon.colcon_core.package_identification:_identify(lab2_ws) by extensions ['python_setup_py']
[0.775s] Level 1:colcon.colcon_core.package_identification:_identify(lab2_ws) by extension 'python_setup_py'
[0.775s] Level 1:colcon.colcon_core.package_identification:_identify(lab2_ws/break_tester) by extensions ['ignore', 'ignore_ament_install']
[0.775s] Level 1:colcon.colcon_core.package_identification:_identify(lab2_ws/break_tester) by extension 'ignore'
[0.775s] Level 1:colcon.colcon_core.package_identification:_identify(lab2_ws/break_tester) by extension 'ignore_ament_install'
[0.775s] Level 1:colcon.colcon_core.package_identification:_identify(lab2_ws/break_tester) by extensions ['colcon_pkg']
[0.775s] Level 1:colcon.colcon_core.package_identification:_identify(lab2_ws/break_tester) by extension 'colcon_pkg'
[0.775s] Level 1:colcon.colcon_core.package_identification:_identify(lab2_ws/break_tester) by extensions ['colcon_meta']
[0.775s] Level 1:colcon.colcon_core.package_identification:_identify(lab2_ws/break_tester) by extension 'colcon_meta'
[0.775s] Level 1:colcon.colcon_core.package_identification:_identify(lab2_ws/break_tester) by extensions ['ros']
[0.775s] Level 1:colcon.colcon_core.package_identification:_identify(lab2_ws/break_tester) by extension 'ros'
[0.776s] DEBUG:colcon.colcon_core.package_identification:Package 'lab2_ws/break_tester' with type 'ros.ament_python' and name 'break_tester'
[0.776s] Level 1:colcon.colcon_core.package_identification:_identify(lab2_ws/build) by extensions ['ignore', 'ignore_ament_install']
[0.776s] Level 1:colcon.colcon_core.package_identification:_identify(lab2_ws/build) by extension 'ignore'
[0.776s] Level 1:colcon.colcon_core.package_identification:_identify(lab2_ws/build) ignored
[0.776s] Level 1:colcon.colcon_core.package_identification:_identify(lab2_ws/install) by extensions ['ignore', 'ignore_ament_install']
[0.776s] Level 1:colcon.colcon_core.package_identification:_identify(lab2_ws/install) by extension 'ignore'
[0.776s] Level 1:colcon.colcon_core.package_identification:_identify(lab2_ws/install) ignored
[0.777s] Level 1:colcon.colcon_core.package_identification:_identify(lab2_ws/log) by extensions ['ignore', 'ignore_ament_install']
[0.777s] Level 1:colcon.colcon_core.package_identification:_identify(lab2_ws/log) by extension 'ignore'
[0.777s] Level 1:colcon.colcon_core.package_identification:_identify(lab2_ws/log) ignored
[0.777s] Level 1:colcon.colcon_core.package_identification:_identify(lab2_ws/safety_node) by extensions ['ignore', 'ignore_ament_install']
[0.777s] Level 1:colcon.colcon_core.package_identification:_identify(lab2_ws/safety_node) by extension 'ignore'
[0.777s] Level 1:colcon.colcon_core.package_identification:_identify(lab2_ws/safety_node) by extension 'ignore_ament_install'
[0.777s] Level 1:colcon.colcon_core.package_identification:_identify(lab2_ws/safety_node) by extensions ['colcon_pkg']
[0.777s] Level 1:colcon.colcon_core.package_identification:_identify(lab2_ws/safety_node) by extension 'colcon_pkg'
[0.777s] Level 1:colcon.colcon_core.package_identification:_identify(lab2_ws/safety_node) by extensions ['colcon_meta']
[0.777s] Level 1:colcon.colcon_core.package_identification:_identify(lab2_ws/safety_node) by extension 'colcon_meta'
[0.777s] Level 1:colcon.colcon_core.package_identification:_identify(lab2_ws/safety_node) by extensions ['ros']
[0.777s] Level 1:colcon.colcon_core.package_identification:_identify(lab2_ws/safety_node) by extension 'ros'
[0.778s] DEBUG:colcon.colcon_core.package_identification:Package 'lab2_ws/safety_node' with type 'ros.ament_python' and name 'safety_node'
[0.778s] Level 1:colcon.colcon_core.package_identification:_identify(lab3_ws) by extensions ['ignore', 'ignore_ament_install']
[0.778s] Level 1:colcon.colcon_core.package_identification:_identify(lab3_ws) by extension 'ignore'
[0.778s] Level 1:colcon.colcon_core.package_identification:_identify(lab3_ws) by extension 'ignore_ament_install'
[0.778s] Level 1:colcon.colcon_core.package_identification:_identify(lab3_ws) by extensions ['colcon_pkg']
[0.778s] Level 1:colcon.colcon_core.package_identification:_identify(lab3_ws) by extension 'colcon_pkg'
[0.778s] Level 1:colcon.colcon_core.package_identification:_identify(lab3_ws) by extensions ['colcon_meta']
[0.778s] Level 1:colcon.colcon_core.package_identification:_identify(lab3_ws) by extension 'colcon_meta'
[0.778s] Level 1:colcon.colcon_core.package_identification:_identify(lab3_ws) by extensions ['ros']
[0.778s] Level 1:colcon.colcon_core.package_identification:_identify(lab3_ws) by extension 'ros'
[0.778s] Level 1:colcon.colcon_core.package_identification:_identify(lab3_ws) by extensions ['cmake', 'python']
[0.778s] Level 1:colcon.colcon_core.package_identification:_identify(lab3_ws) by extension 'cmake'
[0.778s] Level 1:colcon.colcon_core.package_identification:_identify(lab3_ws) by extension 'python'
[0.778s] Level 1:colcon.colcon_core.package_identification:_identify(lab3_ws) by extensions ['python_setup_py']
[0.778s] Level 1:colcon.colcon_core.package_identification:_identify(lab3_ws) by extension 'python_setup_py'
[0.778s] Level 1:colcon.colcon_core.package_identification:_identify(lab3_ws/build) by extensions ['ignore', 'ignore_ament_install']
[0.778s] Level 1:colcon.colcon_core.package_identification:_identify(lab3_ws/build) by extension 'ignore'
[0.778s] Level 1:colcon.colcon_core.package_identification:_identify(lab3_ws/build) ignored
[0.778s] Level 1:colcon.colcon_core.package_identification:_identify(lab3_ws/install) by extensions ['ignore', 'ignore_ament_install']
[0.779s] Level 1:colcon.colcon_core.package_identification:_identify(lab3_ws/install) by extension 'ignore'
[0.779s] Level 1:colcon.colcon_core.package_identification:_identify(lab3_ws/install) ignored
[0.779s] Level 1:colcon.colcon_core.package_identification:_identify(lab3_ws/lab3_pkg) by extensions ['ignore', 'ignore_ament_install']
[0.779s] Level 1:colcon.colcon_core.package_identification:_identify(lab3_ws/lab3_pkg) by extension 'ignore'
[0.779s] Level 1:colcon.colcon_core.package_identification:_identify(lab3_ws/lab3_pkg) by extension 'ignore_ament_install'
[0.779s] Level 1:colcon.colcon_core.package_identification:_identify(lab3_ws/lab3_pkg) by extensions ['colcon_pkg']
[0.779s] Level 1:colcon.colcon_core.package_identification:_identify(lab3_ws/lab3_pkg) by extension 'colcon_pkg'
[0.779s] Level 1:colcon.colcon_core.package_identification:_identify(lab3_ws/lab3_pkg) by extensions ['colcon_meta']
[0.779s] Level 1:colcon.colcon_core.package_identification:_identify(lab3_ws/lab3_pkg) by extension 'colcon_meta'
[0.779s] Level 1:colcon.colcon_core.package_identification:_identify(lab3_ws/lab3_pkg) by extensions ['ros']
[0.779s] Level 1:colcon.colcon_core.package_identification:_identify(lab3_ws/lab3_pkg) by extension 'ros'
[0.780s] DEBUG:colcon.colcon_core.package_identification:Package 'lab3_ws/lab3_pkg' with type 'ros.ament_python' and name 'lab3_pkg'
[0.781s] Level 1:colcon.colcon_core.package_identification:_identify(lab3_ws/log) by extensions ['ignore', 'ignore_ament_install']
[0.781s] Level 1:colcon.colcon_core.package_identification:_identify(lab3_ws/log) by extension 'ignore'
[0.781s] Level 1:colcon.colcon_core.package_identification:_identify(lab3_ws/log) ignored
[0.781s] Level 1:colcon.colcon_core.package_identification:_identify(lab4_ws) by extensions ['ignore', 'ignore_ament_install']
[0.781s] Level 1:colcon.colcon_core.package_identification:_identify(lab4_ws) by extension 'ignore'
[0.781s] Level 1:colcon.colcon_core.package_identification:_identify(lab4_ws) by extension 'ignore_ament_install'
[0.781s] Level 1:colcon.colcon_core.package_identification:_identify(lab4_ws) by extensions ['colcon_pkg']
[0.781s] Level 1:colcon.colcon_core.package_identification:_identify(lab4_ws) by extension 'colcon_pkg'
[0.781s] Level 1:colcon.colcon_core.package_identification:_identify(lab4_ws) by extensions ['colcon_meta']
[0.781s] Level 1:colcon.colcon_core.package_identification:_identify(lab4_ws) by extension 'colcon_meta'
[0.781s] Level 1:colcon.colcon_core.package_identification:_identify(lab4_ws) by extensions ['ros']
[0.781s] Level 1:colcon.colcon_core.package_identification:_identify(lab4_ws) by extension 'ros'
[0.781s] Level 1:colcon.colcon_core.package_identification:_identify(lab4_ws) by extensions ['cmake', 'python']
[0.781s] Level 1:colcon.colcon_core.package_identification:_identify(lab4_ws) by extension 'cmake'
[0.782s] Level 1:colcon.colcon_core.package_identification:_identify(lab4_ws) by extension 'python'
[0.782s] Level 1:colcon.colcon_core.package_identification:_identify(lab4_ws) by extensions ['python_setup_py']
[0.782s] Level 1:colcon.colcon_core.package_identification:_identify(lab4_ws) by extension 'python_setup_py'
[0.782s] Level 1:colcon.colcon_core.package_identification:_identify(lab4_ws/build) by extensions ['ignore', 'ignore_ament_install']
[0.782s] Level 1:colcon.colcon_core.package_identification:_identify(lab4_ws/build) by extension 'ignore'
[0.782s] Level 1:colcon.colcon_core.package_identification:_identify(lab4_ws/build) ignored
[0.782s] Level 1:colcon.colcon_core.package_identification:_identify(lab4_ws/gap_follow) by extensions ['ignore', 'ignore_ament_install']
[0.782s] Level 1:colcon.colcon_core.package_identification:_identify(lab4_ws/gap_follow) by extension 'ignore'
[0.782s] Level 1:colcon.colcon_core.package_identification:_identify(lab4_ws/gap_follow) by extension 'ignore_ament_install'
[0.782s] Level 1:colcon.colcon_core.package_identification:_identify(lab4_ws/gap_follow) by extensions ['colcon_pkg']
[0.782s] Level 1:colcon.colcon_core.package_identification:_identify(lab4_ws/gap_follow) by extension 'colcon_pkg'
[0.782s] Level 1:colcon.colcon_core.package_identification:_identify(lab4_ws/gap_follow) by extensions ['colcon_meta']
[0.782s] Level 1:colcon.colcon_core.package_identification:_identify(lab4_ws/gap_follow) by extension 'colcon_meta'
[0.782s] Level 1:colcon.colcon_core.package_identification:_identify(lab4_ws/gap_follow) by extensions ['ros']
[0.782s] Level 1:colcon.colcon_core.package_identification:_identify(lab4_ws/gap_follow) by extension 'ros'
[0.783s] DEBUG:colcon.colcon_core.package_identification:Package 'lab4_ws/gap_follow' with type 'ros.ament_python' and name 'gap_follow'
[0.783s] Level 1:colcon.colcon_core.package_identification:_identify(lab4_ws/install) by extensions ['ignore', 'ignore_ament_install']
[0.783s] Level 1:colcon.colcon_core.package_identification:_identify(lab4_ws/install) by extension 'ignore'
[0.783s] Level 1:colcon.colcon_core.package_identification:_identify(lab4_ws/install) ignored
[0.783s] Level 1:colcon.colcon_core.package_identification:_identify(lab4_ws/log) by extensions ['ignore', 'ignore_ament_install']
[0.783s] Level 1:colcon.colcon_core.package_identification:_identify(lab4_ws/log) by extension 'ignore'
[0.783s] Level 1:colcon.colcon_core.package_identification:_identify(lab4_ws/log) ignored
[0.783s] Level 1:colcon.colcon_core.package_identification:_identify(lab5_ws) by extensions ['ignore', 'ignore_ament_install']
[0.783s] Level 1:colcon.colcon_core.package_identification:_identify(lab5_ws) by extension 'ignore'
[0.783s] Level 1:colcon.colcon_core.package_identification:_identify(lab5_ws) by extension 'ignore_ament_install'
[0.783s] Level 1:colcon.colcon_core.package_identification:_identify(lab5_ws) by extensions ['colcon_pkg']
[0.783s] Level 1:colcon.colcon_core.package_identification:_identify(lab5_ws) by extension 'colcon_pkg'
[0.783s] Level 1:colcon.colcon_core.package_identification:_identify(lab5_ws) by extensions ['colcon_meta']
[0.783s] Level 1:colcon.colcon_core.package_identification:_identify(lab5_ws) by extension 'colcon_meta'
[0.783s] Level 1:colcon.colcon_core.package_identification:_identify(lab5_ws) by extensions ['ros']
[0.783s] Level 1:colcon.colcon_core.package_identification:_identify(lab5_ws) by extension 'ros'
[0.783s] Level 1:colcon.colcon_core.package_identification:_identify(lab5_ws) by extensions ['cmake', 'python']
[0.783s] Level 1:colcon.colcon_core.package_identification:_identify(lab5_ws) by extension 'cmake'
[0.783s] Level 1:colcon.colcon_core.package_identification:_identify(lab5_ws) by extension 'python'
[0.784s] Level 1:colcon.colcon_core.package_identification:_identify(lab5_ws) by extensions ['python_setup_py']
[0.784s] Level 1:colcon.colcon_core.package_identification:_identify(lab5_ws) by extension 'python_setup_py'
[0.784s] Level 1:colcon.colcon_core.package_identification:_identify(lab5_ws/build) by extensions ['ignore', 'ignore_ament_install']
[0.784s] Level 1:colcon.colcon_core.package_identification:_identify(lab5_ws/build) by extension 'ignore'
[0.784s] Level 1:colcon.colcon_core.package_identification:_identify(lab5_ws/build) ignored
[0.784s] Level 1:colcon.colcon_core.package_identification:_identify(lab5_ws/install) by extensions ['ignore', 'ignore_ament_install']
[0.784s] Level 1:colcon.colcon_core.package_identification:_identify(lab5_ws/install) by extension 'ignore'
[0.784s] Level 1:colcon.colcon_core.package_identification:_identify(lab5_ws/install) ignored
[0.784s] Level 1:colcon.colcon_core.package_identification:_identify(lab5_ws/log) by extensions ['ignore', 'ignore_ament_install']
[0.784s] Level 1:colcon.colcon_core.package_identification:_identify(lab5_ws/log) by extension 'ignore'
[0.784s] Level 1:colcon.colcon_core.package_identification:_identify(lab5_ws/log) ignored
[0.784s] Level 1:colcon.colcon_core.package_identification:_identify(lab5_ws/visualize_waypoints) by extensions ['ignore', 'ignore_ament_install']
[0.784s] Level 1:colcon.colcon_core.package_identification:_identify(lab5_ws/visualize_waypoints) by extension 'ignore'
[0.784s] Level 1:colcon.colcon_core.package_identification:_identify(lab5_ws/visualize_waypoints) by extension 'ignore_ament_install'
[0.784s] Level 1:colcon.colcon_core.package_identification:_identify(lab5_ws/visualize_waypoints) by extensions ['colcon_pkg']
[0.784s] Level 1:colcon.colcon_core.package_identification:_identify(lab5_ws/visualize_waypoints) by extension 'colcon_pkg'
[0.784s] Level 1:colcon.colcon_core.package_identification:_identify(lab5_ws/visualize_waypoints) by extensions ['colcon_meta']
[0.784s] Level 1:colcon.colcon_core.package_identification:_identify(lab5_ws/visualize_waypoints) by extension 'colcon_meta'
[0.784s] Level 1:colcon.colcon_core.package_identification:_identify(lab5_ws/visualize_waypoints) by extensions ['ros']
[0.784s] Level 1:colcon.colcon_core.package_identification:_identify(lab5_ws/visualize_waypoints) by extension 'ros'
[0.785s] DEBUG:colcon.colcon_core.package_identification:Package 'lab5_ws/visualize_waypoints' with type 'ros.ament_python' and name 'visualize_waypoints'
[0.786s] Level 1:colcon.colcon_core.package_identification:_identify(lab5_ws/waypoint_logger) by extensions ['ignore', 'ignore_ament_install']
[0.786s] Level 1:colcon.colcon_core.package_identification:_identify(lab5_ws/waypoint_logger) by extension 'ignore'
[0.786s] Level 1:colcon.colcon_core.package_identification:_identify(lab5_ws/waypoint_logger) by extension 'ignore_ament_install'
[0.786s] Level 1:colcon.colcon_core.package_identification:_identify(lab5_ws/waypoint_logger) by extensions ['colcon_pkg']
[0.786s] Level 1:colcon.colcon_core.package_identification:_identify(lab5_ws/waypoint_logger) by extension 'colcon_pkg'
[0.786s] Level 1:colcon.colcon_core.package_identification:_identify(lab5_ws/waypoint_logger) by extensions ['colcon_meta']
[0.786s] Level 1:colcon.colcon_core.package_identification:_identify(lab5_ws/waypoint_logger) by extension 'colcon_meta'
[0.786s] Level 1:colcon.colcon_core.package_identification:_identify(lab5_ws/waypoint_logger) by extensions ['ros']
[0.786s] Level 1:colcon.colcon_core.package_identification:_identify(lab5_ws/waypoint_logger) by extension 'ros'
[0.787s] DEBUG:colcon.colcon_core.package_identification:Package 'lab5_ws/waypoint_logger' with type 'ros.ament_python' and name 'waypoint_logger'
[0.787s] Level 1:colcon.colcon_core.package_identification:_identify(log) by extensions ['ignore', 'ignore_ament_install']
[0.787s] Level 1:colcon.colcon_core.package_identification:_identify(log) by extension 'ignore'
[0.787s] Level 1:colcon.colcon_core.package_identification:_identify(log) ignored
[0.787s] Level 1:colcon.colcon_core.package_identification:_identify(main) by extensions ['ignore', 'ignore_ament_install']
[0.787s] Level 1:colcon.colcon_core.package_identification:_identify(main) by extension 'ignore'
[0.787s] Level 1:colcon.colcon_core.package_identification:_identify(main) by extension 'ignore_ament_install'
[0.787s] Level 1:colcon.colcon_core.package_identification:_identify(main) by extensions ['colcon_pkg']
[0.787s] Level 1:colcon.colcon_core.package_identification:_identify(main) by extension 'colcon_pkg'
[0.787s] Level 1:colcon.colcon_core.package_identification:_identify(main) by extensions ['colcon_meta']
[0.787s] Level 1:colcon.colcon_core.package_identification:_identify(main) by extension 'colcon_meta'
[0.787s] Level 1:colcon.colcon_core.package_identification:_identify(main) by extensions ['ros']
[0.787s] Level 1:colcon.colcon_core.package_identification:_identify(main) by extension 'ros'
[0.787s] Level 1:colcon.colcon_core.package_identification:_identify(main) by extensions ['cmake', 'python']
[0.787s] Level 1:colcon.colcon_core.package_identification:_identify(main) by extension 'cmake'
[0.787s] Level 1:colcon.colcon_core.package_identification:_identify(main) by extension 'python'
[0.787s] Level 1:colcon.colcon_core.package_identification:_identify(main) by extensions ['python_setup_py']
[0.787s] Level 1:colcon.colcon_core.package_identification:_identify(main) by extension 'python_setup_py'
[0.787s] Level 1:colcon.colcon_core.package_identification:_identify(resources) by extensions ['ignore', 'ignore_ament_install']
[0.787s] Level 1:colcon.colcon_core.package_identification:_identify(resources) by extension 'ignore'
[0.787s] Level 1:colcon.colcon_core.package_identification:_identify(resources) by extension 'ignore_ament_install'
[0.787s] Level 1:colcon.colcon_core.package_identification:_identify(resources) by extensions ['colcon_pkg']
[0.787s] Level 1:colcon.colcon_core.package_identification:_identify(resources) by extension 'colcon_pkg'
[0.788s] Level 1:colcon.colcon_core.package_identification:_identify(resources) by extensions ['colcon_meta']
[0.788s] Level 1:colcon.colcon_core.package_identification:_identify(resources) by extension 'colcon_meta'
[0.788s] Level 1:colcon.colcon_core.package_identification:_identify(resources) by extensions ['ros']
[0.788s] Level 1:colcon.colcon_core.package_identification:_identify(resources) by extension 'ros'
[0.788s] Level 1:colcon.colcon_core.package_identification:_identify(resources) by extensions ['cmake', 'python']
[0.788s] Level 1:colcon.colcon_core.package_identification:_identify(resources) by extension 'cmake'
[0.788s] Level 1:colcon.colcon_core.package_identification:_identify(resources) by extension 'python'
[0.788s] Level 1:colcon.colcon_core.package_identification:_identify(resources) by extensions ['python_setup_py']
[0.788s] Level 1:colcon.colcon_core.package_identification:_identify(resources) by extension 'python_setup_py'
[0.788s] Level 1:colcon.colcon_core.package_identification:_identify(resources/installation) by extensions ['ignore', 'ignore_ament_install']
[0.788s] Level 1:colcon.colcon_core.package_identification:_identify(resources/installation) by extension 'ignore'
[0.788s] Level 1:colcon.colcon_core.package_identification:_identify(resources/installation) by extension 'ignore_ament_install'
[0.788s] Level 1:colcon.colcon_core.package_identification:_identify(resources/installation) by extensions ['colcon_pkg']
[0.788s] Level 1:colcon.colcon_core.package_identification:_identify(resources/installation) by extension 'colcon_pkg'
[0.788s] Level 1:colcon.colcon_core.package_identification:_identify(resources/installation) by extensions ['colcon_meta']
[0.788s] Level 1:colcon.colcon_core.package_identification:_identify(resources/installation) by extension 'colcon_meta'
[0.788s] Level 1:colcon.colcon_core.package_identification:_identify(resources/installation) by extensions ['ros']
[0.788s] Level 1:colcon.colcon_core.package_identification:_identify(resources/installation) by extension 'ros'
[0.788s] Level 1:colcon.colcon_core.package_identification:_identify(resources/installation) by extensions ['cmake', 'python']
[0.788s] Level 1:colcon.colcon_core.package_identification:_identify(resources/installation) by extension 'cmake'
[0.788s] Level 1:colcon.colcon_core.package_identification:_identify(resources/installation) by extension 'python'
[0.788s] Level 1:colcon.colcon_core.package_identification:_identify(resources/installation) by extensions ['python_setup_py']
[0.788s] Level 1:colcon.colcon_core.package_identification:_identify(resources/installation) by extension 'python_setup_py'
[0.788s] Level 1:colcon.colcon_core.package_discovery:discover_packages(recursive) using defaults
[0.788s] Level 1:colcon.colcon_core.package_discovery:discover_packages(ignore) discover
[0.788s] Level 1:colcon.colcon_core.package_discovery:discover_packages(ignore) using defaults
[0.788s] Level 1:colcon.colcon_core.package_discovery:discover_packages(path) discover
[0.788s] Level 1:colcon.colcon_core.package_discovery:discover_packages(path) using defaults
[0.822s] Level 1:colcon.colcon_core.package_discovery:discover_packages(prefix_path) check parameters
[0.822s] Level 1:colcon.colcon_core.package_discovery:discover_packages(prefix_path) discover
[0.825s] Level 1:colcon.colcon_core.package_discovery:discover_packages(prefix_path) using defaults
[0.826s] Level 5:colcon.colcon_core.verb:set package 'break_tester' build argument 'cmake_args' from command line to 'None'
[0.826s] Level 5:colcon.colcon_core.verb:set package 'break_tester' build argument 'cmake_target' from command line to 'None'
[0.826s] Level 5:colcon.colcon_core.verb:set package 'break_tester' build argument 'cmake_target_skip_unavailable' from command line to 'False'
[0.826s] Level 5:colcon.colcon_core.verb:set package 'break_tester' build argument 'cmake_clean_cache' from command line to 'False'
[0.826s] Level 5:colcon.colcon_core.verb:set package 'break_tester' build argument 'cmake_clean_first' from command line to 'False'
[0.826s] Level 5:colcon.colcon_core.verb:set package 'break_tester' build argument 'cmake_force_configure' from command line to 'False'
[0.826s] Level 5:colcon.colcon_core.verb:set package 'break_tester' build argument 'ament_cmake_args' from command line to 'None'
[0.826s] Level 5:colcon.colcon_core.verb:set package 'break_tester' build argument 'catkin_cmake_args' from command line to 'None'
[0.826s] Level 5:colcon.colcon_core.verb:set package 'break_tester' build argument 'catkin_skip_building_tests' from command line to 'False'
[0.826s] DEBUG:colcon.colcon_core.verb:Building package 'break_tester' with the following arguments: {'ament_cmake_args': None, 'build_base': '/home/patchy/arc_ws/ARC-PI-ROSCODE/build/break_tester', 'catkin_cmake_args': None, 'catkin_skip_building_tests': False, 'cmake_args': None, 'cmake_clean_cache': False, 'cmake_clean_first': False, 'cmake_force_configure': False, 'cmake_target': None, 'cmake_target_skip_unavailable': False, 'install_base': '/home/patchy/arc_ws/ARC-PI-ROSCODE/install/break_tester', 'merge_install': False, 'path': '/home/patchy/arc_ws/ARC-PI-ROSCODE/lab2_ws/break_tester', 'symlink_install': False, 'test_result_base': None}
[0.826s] Level 5:colcon.colcon_core.verb:set package 'gap_follow' build argument 'cmake_args' from command line to 'None'
[0.827s] Level 5:colcon.colcon_core.verb:set package 'gap_follow' build argument 'cmake_target' from command line to 'None'
[0.827s] Level 5:colcon.colcon_core.verb:set package 'gap_follow' build argument 'cmake_target_skip_unavailable' from command line to 'False'
[0.827s] Level 5:colcon.colcon_core.verb:set package 'gap_follow' build argument 'cmake_clean_cache' from command line to 'False'
[0.827s] Level 5:colcon.colcon_core.verb:set package 'gap_follow' build argument 'cmake_clean_first' from command line to 'False'
[0.827s] Level 5:colcon.colcon_core.verb:set package 'gap_follow' build argument 'cmake_force_configure' from command line to 'False'
[0.827s] Level 5:colcon.colcon_core.verb:set package 'gap_follow' build argument 'ament_cmake_args' from command line to 'None'
[0.827s] Level 5:colcon.colcon_core.verb:set package 'gap_follow' build argument 'catkin_cmake_args' from command line to 'None'
[0.827s] Level 5:colcon.colcon_core.verb:set package 'gap_follow' build argument 'catkin_skip_building_tests' from command line to 'False'
[0.827s] DEBUG:colcon.colcon_core.verb:Building package 'gap_follow' with the following arguments: {'ament_cmake_args': None, 'build_base': '/home/patchy/arc_ws/ARC-PI-ROSCODE/build/gap_follow', 'catkin_cmake_args': None, 'catkin_skip_building_tests': False, 'cmake_args': None, 'cmake_clean_cache': False, 'cmake_clean_first': False, 'cmake_force_configure': False, 'cmake_target': None, 'cmake_target_skip_unavailable': False, 'install_base': '/home/patchy/arc_ws/ARC-PI-ROSCODE/install/gap_follow', 'merge_install': False, 'path': '/home/patchy/arc_ws/ARC-PI-ROSCODE/lab4_ws/gap_follow', 'symlink_install': False, 'test_result_base': None}
[0.827s] Level 5:colcon.colcon_core.verb:set package 'lab1_pkg' build argument 'cmake_args' from command line to 'None'
[0.827s] Level 5:colcon.colcon_core.verb:set package 'lab1_pkg' build argument 'cmake_target' from command line to 'None'
[0.827s] Level 5:colcon.colcon_core.verb:set package 'lab1_pkg' build argument 'cmake_target_skip_unavailable' from command line to 'False'
[0.827s] Level 5:colcon.colcon_core.verb:set package 'lab1_pkg' build argument 'cmake_clean_cache' from command line to 'False'
[0.827s] Level 5:colcon.colcon_core.verb:set package 'lab1_pkg' build argument 'cmake_clean_first' from command line to 'False'
[0.827s] Level 5:colcon.colcon_core.verb:set package 'lab1_pkg' build argument 'cmake_force_configure' from command line to 'False'
[0.827s] Level 5:colcon.colcon_core.verb:set package 'lab1_pkg' build argument 'ament_cmake_args' from command line to 'None'
[0.827s] Level 5:colcon.colcon_core.verb:set package 'lab1_pkg' build argument 'catkin_cmake_args' from command line to 'None'
[0.827s] Level 5:colcon.colcon_core.verb:set package 'lab1_pkg' build argument 'catkin_skip_building_tests' from command line to 'False'
[0.827s] DEBUG:colcon.colcon_core.verb:Building package 'lab1_pkg' with the following arguments: {'ament_cmake_args': None, 'build_base': '/home/patchy/arc_ws/ARC-PI-ROSCODE/build/lab1_pkg', 'catkin_cmake_args': None, 'catkin_skip_building_tests': False, 'cmake_args': None, 'cmake_clean_cache': False, 'cmake_clean_first': False, 'cmake_force_configure': False, 'cmake_target': None, 'cmake_target_skip_unavailable': False, 'install_base': '/home/patchy/arc_ws/ARC-PI-ROSCODE/install/lab1_pkg', 'merge_install': False, 'path': '/home/patchy/arc_ws/ARC-PI-ROSCODE/lab1_ws/lab1_pkg', 'symlink_install': False, 'test_result_base': None}
[0.827s] Level 5:colcon.colcon_core.verb:set package 'lab3_pkg' build argument 'cmake_args' from command line to 'None'
[0.827s] Level 5:colcon.colcon_core.verb:set package 'lab3_pkg' build argument 'cmake_target' from command line to 'None'
[0.827s] Level 5:colcon.colcon_core.verb:set package 'lab3_pkg' build argument 'cmake_target_skip_unavailable' from command line to 'False'
[0.827s] Level 5:colcon.colcon_core.verb:set package 'lab3_pkg' build argument 'cmake_clean_cache' from command line to 'False'
[0.827s] Level 5:colcon.colcon_core.verb:set package 'lab3_pkg' build argument 'cmake_clean_first' from command line to 'False'
[0.827s] Level 5:colcon.colcon_core.verb:set package 'lab3_pkg' build argument 'cmake_force_configure' from command line to 'False'
[0.827s] Level 5:colcon.colcon_core.verb:set package 'lab3_pkg' build argument 'ament_cmake_args' from command line to 'None'
[0.827s] Level 5:colcon.colcon_core.verb:set package 'lab3_pkg' build argument 'catkin_cmake_args' from command line to 'None'
[0.827s] Level 5:colcon.colcon_core.verb:set package 'lab3_pkg' build argument 'catkin_skip_building_tests' from command line to 'False'
[0.827s] DEBUG:colcon.colcon_core.verb:Building package 'lab3_pkg' with the following arguments: {'ament_cmake_args': None, 'build_base': '/home/patchy/arc_ws/ARC-PI-ROSCODE/build/lab3_pkg', 'catkin_cmake_args': None, 'catkin_skip_building_tests': False, 'cmake_args': None, 'cmake_clean_cache': False, 'cmake_clean_first': False, 'cmake_force_configure': False, 'cmake_target': None, 'cmake_target_skip_unavailable': False, 'install_base': '/home/patchy/arc_ws/ARC-PI-ROSCODE/install/lab3_pkg', 'merge_install': False, 'path': '/home/patchy/arc_ws/ARC-PI-ROSCODE/lab3_ws/lab3_pkg', 'symlink_install': False, 'test_result_base': None}
[0.827s] Level 5:colcon.colcon_core.verb:set package 'safety_node' build argument 'cmake_args' from command line to 'None'
[0.827s] Level 5:colcon.colcon_core.verb:set package 'safety_node' build argument 'cmake_target' from command line to 'None'
[0.827s] Level 5:colcon.colcon_core.verb:set package 'safety_node' build argument 'cmake_target_skip_unavailable' from command line to 'False'
[0.827s] Level 5:colcon.colcon_core.verb:set package 'safety_node' build argument 'cmake_clean_cache' from command line to 'False'
[0.827s] Level 5:colcon.colcon_core.verb:set package 'safety_node' build argument 'cmake_clean_first' from command line to 'False'
[0.827s] Level 5:colcon.colcon_core.verb:set package 'safety_node' build argument 'cmake_force_configure' from command line to 'False'
[0.827s] Level 5:colcon.colcon_core.verb:set package 'safety_node' build argument 'ament_cmake_args' from command line to 'None'
[0.827s] Level 5:colcon.colcon_core.verb:set package 'safety_node' build argument 'catkin_cmake_args' from command line to 'None'
[0.827s] Level 5:colcon.colcon_core.verb:set package 'safety_node' build argument 'catkin_skip_building_tests' from command line to 'False'
[0.828s] DEBUG:colcon.colcon_core.verb:Building package 'safety_node' with the following arguments: {'ament_cmake_args': None, 'build_base': '/home/patchy/arc_ws/ARC-PI-ROSCODE/build/safety_node', 'catkin_cmake_args': None, 'catkin_skip_building_tests': False, 'cmake_args': None, 'cmake_clean_cache': False, 'cmake_clean_first': False, 'cmake_force_configure': False, 'cmake_target': None, 'cmake_target_skip_unavailable': False, 'install_base': '/home/patchy/arc_ws/ARC-PI-ROSCODE/install/safety_node', 'merge_install': False, 'path': '/home/patchy/arc_ws/ARC-PI-ROSCODE/lab2_ws/safety_node', 'symlink_install': False, 'test_result_base': None}
[0.828s] Level 5:colcon.colcon_core.verb:set package 'visualize_waypoints' build argument 'cmake_args' from command line to 'None'
[0.828s] Level 5:colcon.colcon_core.verb:set package 'visualize_waypoints' build argument 'cmake_target' from command line to 'None'
[0.828s] Level 5:colcon.colcon_core.verb:set package 'visualize_waypoints' build argument 'cmake_target_skip_unavailable' from command line to 'False'
[0.828s] Level 5:colcon.colcon_core.verb:set package 'visualize_waypoints' build argument 'cmake_clean_cache' from command line to 'False'
[0.828s] Level 5:colcon.colcon_core.verb:set package 'visualize_waypoints' build argument 'cmake_clean_first' from command line to 'False'
[0.828s] Level 5:colcon.colcon_core.verb:set package 'visualize_waypoints' build argument 'cmake_force_configure' from command line to 'False'
[0.828s] Level 5:colcon.colcon_core.verb:set package 'visualize_waypoints' build argument 'ament_cmake_args' from command line to 'None'
[0.828s] Level 5:colcon.colcon_core.verb:set package 'visualize_waypoints' build argument 'catkin_cmake_args' from command line to 'None'
[0.828s] Level 5:colcon.colcon_core.verb:set package 'visualize_waypoints' build argument 'catkin_skip_building_tests' from command line to 'False'
[0.828s] DEBUG:colcon.colcon_core.verb:Building package 'visualize_waypoints' with the following arguments: {'ament_cmake_args': None, 'build_base': '/home/patchy/arc_ws/ARC-PI-ROSCODE/build/visualize_waypoints', 'catkin_cmake_args': None, 'catkin_skip_building_tests': False, 'cmake_args': None, 'cmake_clean_cache': False, 'cmake_clean_first': False, 'cmake_force_configure': False, 'cmake_target': None, 'cmake_target_skip_unavailable': False, 'install_base': '/home/patchy/arc_ws/ARC-PI-ROSCODE/install/visualize_waypoints', 'merge_install': False, 'path': '/home/patchy/arc_ws/ARC-PI-ROSCODE/lab5_ws/visualize_waypoints', 'symlink_install': False, 'test_result_base': None}
[0.828s] Level 5:colcon.colcon_core.verb:set package 'waypoint_logger' build argument 'cmake_args' from command line to 'None'
[0.828s] Level 5:colcon.colcon_core.verb:set package 'waypoint_logger' build argument 'cmake_target' from command line to 'None'
[0.828s] Level 5:colcon.colcon_core.verb:set package 'waypoint_logger' build argument 'cmake_target_skip_unavailable' from command line to 'False'
[0.828s] Level 5:colcon.colcon_core.verb:set package 'waypoint_logger' build argument 'cmake_clean_cache' from command line to 'False'
[0.828s] Level 5:colcon.colcon_core.verb:set package 'waypoint_logger' build argument 'cmake_clean_first' from command line to 'False'
[0.828s] Level 5:colcon.colcon_core.verb:set package 'waypoint_logger' build argument 'cmake_force_configure' from command line to 'False'
[0.828s] Level 5:colcon.colcon_core.verb:set package 'waypoint_logger' build argument 'ament_cmake_args' from command line to 'None'
[0.828s] Level 5:colcon.colcon_core.verb:set package 'waypoint_logger' build argument 'catkin_cmake_args' from command line to 'None'
[0.828s] Level 5:colcon.colcon_core.verb:set package 'waypoint_logger' build argument 'catkin_skip_building_tests' from command line to 'False'
[0.828s] DEBUG:colcon.colcon_core.verb:Building package 'waypoint_logger' with the following arguments: {'ament_cmake_args': None, 'build_base': '/home/patchy/arc_ws/ARC-PI-ROSCODE/build/waypoint_logger', 'catkin_cmake_args': None, 'catkin_skip_building_tests': False, 'cmake_args': None, 'cmake_clean_cache': False, 'cmake_clean_first': False, 'cmake_force_configure': False, 'cmake_target': None, 'cmake_target_skip_unavailable': False, 'install_base': '/home/patchy/arc_ws/ARC-PI-ROSCODE/install/waypoint_logger', 'merge_install': False, 'path': '/home/patchy/arc_ws/ARC-PI-ROSCODE/lab5_ws/waypoint_logger', 'symlink_install': False, 'test_result_base': None}
[0.828s] INFO:colcon.colcon_core.executor:Executing jobs using 'parallel' executor
[0.829s] DEBUG:colcon.colcon_parallel_executor.executor.parallel:run_until_complete
[0.830s] INFO:colcon.colcon_ros.task.ament_python.build:Building ROS package in '/home/patchy/arc_ws/ARC-PI-ROSCODE/lab2_ws/break_tester' with build type 'ament_python'
[0.830s] Level 1:colcon.colcon_core.shell:create_environment_hook('break_tester', 'ament_prefix_path')
[0.843s] INFO:colcon.colcon_core.plugin_system:Skipping extension 'colcon_core.shell.bat': Not used on non-Windows systems
[0.843s] INFO:colcon.colcon_core.shell:Creating environment hook '/home/patchy/arc_ws/ARC-PI-ROSCODE/install/break_tester/share/break_tester/hook/ament_prefix_path.ps1'
[0.845s] INFO:colcon.colcon_core.shell:Creating environment descriptor '/home/patchy/arc_ws/ARC-PI-ROSCODE/install/break_tester/share/break_tester/hook/ament_prefix_path.dsv'
[0.845s] INFO:colcon.colcon_core.shell:Creating environment hook '/home/patchy/arc_ws/ARC-PI-ROSCODE/install/break_tester/share/break_tester/hook/ament_prefix_path.sh'
[0.846s] INFO:colcon.colcon_core.shell:Skip shell extension 'powershell' for command environment: Not usable outside of PowerShell
[0.846s] DEBUG:colcon.colcon_core.shell:Skip shell extension 'dsv' for command environment
[0.849s] INFO:colcon.colcon_ros.task.ament_python.build:Building ROS package in '/home/patchy/arc_ws/ARC-PI-ROSCODE/lab4_ws/gap_follow' with build type 'ament_python'
[0.849s] Level 1:colcon.colcon_core.shell:create_environment_hook('gap_follow', 'ament_prefix_path')
[0.850s] INFO:colcon.colcon_core.shell:Creating environment hook '/home/patchy/arc_ws/ARC-PI-ROSCODE/install/gap_follow/share/gap_follow/hook/ament_prefix_path.ps1'
[0.851s] INFO:colcon.colcon_core.shell:Creating environment descriptor '/home/patchy/arc_ws/ARC-PI-ROSCODE/install/gap_follow/share/gap_follow/hook/ament_prefix_path.dsv'
[0.851s] INFO:colcon.colcon_core.shell:Creating environment hook '/home/patchy/arc_ws/ARC-PI-ROSCODE/install/gap_follow/share/gap_follow/hook/ament_prefix_path.sh'
[0.852s] INFO:colcon.colcon_core.shell:Skip shell extension 'powershell' for command environment: Not usable outside of PowerShell
[0.853s] DEBUG:colcon.colcon_core.shell:Skip shell extension 'dsv' for command environment
[0.856s] INFO:colcon.colcon_ros.task.ament_python.build:Building ROS package in '/home/patchy/arc_ws/ARC-PI-ROSCODE/lab1_ws/lab1_pkg' with build type 'ament_python'
[0.856s] Level 1:colcon.colcon_core.shell:create_environment_hook('lab1_pkg', 'ament_prefix_path')
[0.856s] INFO:colcon.colcon_core.shell:Creating environment hook '/home/patchy/arc_ws/ARC-PI-ROSCODE/install/lab1_pkg/share/lab1_pkg/hook/ament_prefix_path.ps1'
[0.858s] INFO:colcon.colcon_core.shell:Creating environment descriptor '/home/patchy/arc_ws/ARC-PI-ROSCODE/install/lab1_pkg/share/lab1_pkg/hook/ament_prefix_path.dsv'
[0.858s] INFO:colcon.colcon_core.shell:Creating environment hook '/home/patchy/arc_ws/ARC-PI-ROSCODE/install/lab1_pkg/share/lab1_pkg/hook/ament_prefix_path.sh'
[0.858s] INFO:colcon.colcon_core.shell:Skip shell extension 'powershell' for command environment: Not usable outside of PowerShell
[0.858s] DEBUG:colcon.colcon_core.shell:Skip shell extension 'dsv' for command environment
[0.860s] INFO:colcon.colcon_ros.task.ament_python.build:Building ROS package in '/home/patchy/arc_ws/ARC-PI-ROSCODE/lab3_ws/lab3_pkg' with build type 'ament_python'
[0.861s] Level 1:colcon.colcon_core.shell:create_environment_hook('lab3_pkg', 'ament_prefix_path')
[0.862s] INFO:colcon.colcon_core.shell:Creating environment hook '/home/patchy/arc_ws/ARC-PI-ROSCODE/install/lab3_pkg/share/lab3_pkg/hook/ament_prefix_path.ps1'
[0.863s] INFO:colcon.colcon_core.shell:Creating environment descriptor '/home/patchy/arc_ws/ARC-PI-ROSCODE/install/lab3_pkg/share/lab3_pkg/hook/ament_prefix_path.dsv'
[0.863s] INFO:colcon.colcon_core.shell:Creating environment hook '/home/patchy/arc_ws/ARC-PI-ROSCODE/install/lab3_pkg/share/lab3_pkg/hook/ament_prefix_path.sh'
[0.864s] INFO:colcon.colcon_core.shell:Skip shell extension 'powershell' for command environment: Not usable outside of PowerShell
[0.864s] DEBUG:colcon.colcon_core.shell:Skip shell extension 'dsv' for command environment
[0.866s] INFO:colcon.colcon_ros.task.ament_python.build:Building ROS package in '/home/patchy/arc_ws/ARC-PI-ROSCODE/lab2_ws/safety_node' with build type 'ament_python'
[0.866s] Level 1:colcon.colcon_core.shell:create_environment_hook('safety_node', 'ament_prefix_path')
[0.866s] INFO:colcon.colcon_core.shell:Creating environment hook '/home/patchy/arc_ws/ARC-PI-ROSCODE/install/safety_node/share/safety_node/hook/ament_prefix_path.ps1'
[0.868s] INFO:colcon.colcon_core.shell:Creating environment descriptor '/home/patchy/arc_ws/ARC-PI-ROSCODE/install/safety_node/share/safety_node/hook/ament_prefix_path.dsv'
[0.868s] INFO:colcon.colcon_core.shell:Creating environment hook '/home/patchy/arc_ws/ARC-PI-ROSCODE/install/safety_node/share/safety_node/hook/ament_prefix_path.sh'
[0.868s] INFO:colcon.colcon_core.shell:Skip shell extension 'powershell' for command environment: Not usable outside of PowerShell
[0.869s] DEBUG:colcon.colcon_core.shell:Skip shell extension 'dsv' for command environment
[0.871s] INFO:colcon.colcon_ros.task.ament_python.build:Building ROS package in '/home/patchy/arc_ws/ARC-PI-ROSCODE/lab5_ws/visualize_waypoints' with build type 'ament_python'
[0.871s] Level 1:colcon.colcon_core.shell:create_environment_hook('visualize_waypoints', 'ament_prefix_path')
[0.872s] INFO:colcon.colcon_core.shell:Creating environment hook '/home/patchy/arc_ws/ARC-PI-ROSCODE/install/visualize_waypoints/share/visualize_waypoints/hook/ament_prefix_path.ps1'
[0.873s] INFO:colcon.colcon_core.shell:Creating environment descriptor '/home/patchy/arc_ws/ARC-PI-ROSCODE/install/visualize_waypoints/share/visualize_waypoints/hook/ament_prefix_path.dsv'
[0.873s] INFO:colcon.colcon_core.shell:Creating environment hook '/home/patchy/arc_ws/ARC-PI-ROSCODE/install/visualize_waypoints/share/visualize_waypoints/hook/ament_prefix_path.sh'
[0.873s] INFO:colcon.colcon_core.shell:Skip shell extension 'powershell' for command environment: Not usable outside of PowerShell
[0.874s] DEBUG:colcon.colcon_core.shell:Skip shell extension 'dsv' for command environment
[0.876s] INFO:colcon.colcon_ros.task.ament_python.build:Building ROS package in '/home/patchy/arc_ws/ARC-PI-ROSCODE/lab5_ws/waypoint_logger' with build type 'ament_python'
[0.876s] Level 1:colcon.colcon_core.shell:create_environment_hook('waypoint_logger', 'ament_prefix_path')
[0.876s] INFO:colcon.colcon_core.shell:Creating environment hook '/home/patchy/arc_ws/ARC-PI-ROSCODE/install/waypoint_logger/share/waypoint_logger/hook/ament_prefix_path.ps1'
[0.877s] INFO:colcon.colcon_core.shell:Creating environment descriptor '/home/patchy/arc_ws/ARC-PI-ROSCODE/install/waypoint_logger/share/waypoint_logger/hook/ament_prefix_path.dsv'
[0.878s] INFO:colcon.colcon_core.shell:Creating environment hook '/home/patchy/arc_ws/ARC-PI-ROSCODE/install/waypoint_logger/share/waypoint_logger/hook/ament_prefix_path.sh'
[0.878s] INFO:colcon.colcon_core.shell:Skip shell extension 'powershell' for command environment: Not usable outside of PowerShell
[0.878s] DEBUG:colcon.colcon_core.shell:Skip shell extension 'dsv' for command environment
[1.115s] INFO:colcon.colcon_core.task.python.build:Building Python package in '/home/patchy/arc_ws/ARC-PI-ROSCODE/lab2_ws/break_tester'
[1.115s] INFO:colcon.colcon_core.shell:Skip shell extension 'powershell' for command environment: Not usable outside of PowerShell
[1.115s] DEBUG:colcon.colcon_core.shell:Skip shell extension 'dsv' for command environment
[1.359s] INFO:colcon.colcon_core.task.python.build:Building Python package in '/home/patchy/arc_ws/ARC-PI-ROSCODE/lab4_ws/gap_follow'
[1.360s] INFO:colcon.colcon_core.shell:Skip shell extension 'powershell' for command environment: Not usable outside of PowerShell
[1.360s] DEBUG:colcon.colcon_core.shell:Skip shell extension 'dsv' for command environment
[1.576s] INFO:colcon.colcon_core.task.python.build:Building Python package in '/home/patchy/arc_ws/ARC-PI-ROSCODE/lab1_ws/lab1_pkg'
[1.576s] INFO:colcon.colcon_core.shell:Skip shell extension 'powershell' for command environment: Not usable outside of PowerShell
[1.577s] DEBUG:colcon.colcon_core.shell:Skip shell extension 'dsv' for command environment
[1.774s] INFO:colcon.colcon_core.task.python.build:Building Python package in '/home/patchy/arc_ws/ARC-PI-ROSCODE/lab3_ws/lab3_pkg'
[1.774s] INFO:colcon.colcon_core.shell:Skip shell extension 'powershell' for command environment: Not usable outside of PowerShell
[1.774s] DEBUG:colcon.colcon_core.shell:Skip shell extension 'dsv' for command environment
[1.989s] INFO:colcon.colcon_core.task.python.build:Building Python package in '/home/patchy/arc_ws/ARC-PI-ROSCODE/lab2_ws/safety_node'
[1.989s] INFO:colcon.colcon_core.shell:Skip shell extension 'powershell' for command environment: Not usable outside of PowerShell
[1.990s] DEBUG:colcon.colcon_core.shell:Skip shell extension 'dsv' for command environment
[2.199s] INFO:colcon.colcon_core.task.python.build:Building Python package in '/home/patchy/arc_ws/ARC-PI-ROSCODE/lab5_ws/visualize_waypoints'
[2.200s] INFO:colcon.colcon_core.shell:Skip shell extension 'powershell' for command environment: Not usable outside of PowerShell
[2.200s] DEBUG:colcon.colcon_core.shell:Skip shell extension 'dsv' for command environment
[2.405s] INFO:colcon.colcon_core.task.python.build:Building Python package in '/home/patchy/arc_ws/ARC-PI-ROSCODE/lab5_ws/waypoint_logger'
[2.405s] INFO:colcon.colcon_core.shell:Skip shell extension 'powershell' for command environment: Not usable outside of PowerShell
[2.405s] DEBUG:colcon.colcon_core.shell:Skip shell extension 'dsv' for command environment
[3.004s] DEBUG:colcon.colcon_core.event_handler.log_command:Invoking command in '/home/patchy/arc_ws/ARC-PI-ROSCODE/lab5_ws/visualize_waypoints': PYTHONPATH=/home/patchy/arc_ws/ARC-PI-ROSCODE/build/visualize_waypoints/prefix_override:/usr/lib/python3/dist-packages/colcon_core/task/python/colcon_distutils_commands:/home/patchy/arc_ws/ARC-PI-ROSCODE/install/visualize_waypoints/lib/python3.8/site-packages: /usr/bin/python3 -W ignore:setup.py install is deprecated -W ignore:easy_install command is deprecated setup.py egg_info --egg-base ../../build/visualize_waypoints build --build-base /home/patchy/arc_ws/ARC-PI-ROSCODE/build/visualize_waypoints/build install --record /home/patchy/arc_ws/ARC-PI-ROSCODE/build/visualize_waypoints/install.log --install-scripts $base/lib/visualize_waypoints --single-version-externally-managed install_data
[3.016s] DEBUG:colcon.colcon_core.event_handler.log_command:Invoking command in '/home/patchy/arc_ws/ARC-PI-ROSCODE/lab4_ws/gap_follow': PYTHONPATH=/home/patchy/arc_ws/ARC-PI-ROSCODE/build/gap_follow/prefix_override:/usr/lib/python3/dist-packages/colcon_core/task/python/colcon_distutils_commands:/home/patchy/arc_ws/ARC-PI-ROSCODE/install/gap_follow/lib/python3.8/site-packages: /usr/bin/python3 -W ignore:setup.py install is deprecated -W ignore:easy_install command is deprecated setup.py egg_info --egg-base ../../build/gap_follow build --build-base /home/patchy/arc_ws/ARC-PI-ROSCODE/build/gap_follow/build install --record /home/patchy/arc_ws/ARC-PI-ROSCODE/build/gap_follow/install.log --install-scripts $base/lib/gap_follow --single-version-externally-managed install_data
[3.024s] DEBUG:colcon.colcon_core.event_handler.log_command:Invoking command in '/home/patchy/arc_ws/ARC-PI-ROSCODE/lab2_ws/break_tester': PYTHONPATH=/home/patchy/arc_ws/ARC-PI-ROSCODE/build/break_tester/prefix_override:/usr/lib/python3/dist-packages/colcon_core/task/python/colcon_distutils_commands:/home/patchy/arc_ws/ARC-PI-ROSCODE/install/break_tester/lib/python3.8/site-packages: /usr/bin/python3 -W ignore:setup.py install is deprecated -W ignore:easy_install command is deprecated setup.py egg_info --egg-base ../../build/break_tester build --build-base /home/patchy/arc_ws/ARC-PI-ROSCODE/build/break_tester/build install --record /home/patchy/arc_ws/ARC-PI-ROSCODE/build/break_tester/install.log --install-scripts $base/lib/break_tester --single-version-externally-managed install_data
[3.028s] DEBUG:colcon.colcon_core.event_handler.log_command:Invoking command in '/home/patchy/arc_ws/ARC-PI-ROSCODE/lab3_ws/lab3_pkg': PYTHONPATH=/home/patchy/arc_ws/ARC-PI-ROSCODE/build/lab3_pkg/prefix_override:/usr/lib/python3/dist-packages/colcon_core/task/python/colcon_distutils_commands:/home/patchy/arc_ws/ARC-PI-ROSCODE/install/lab3_pkg/lib/python3.8/site-packages: /usr/bin/python3 -W ignore:setup.py install is deprecated -W ignore:easy_install command is deprecated setup.py egg_info --egg-base ../../build/lab3_pkg build --build-base /home/patchy/arc_ws/ARC-PI-ROSCODE/build/lab3_pkg/build install --record /home/patchy/arc_ws/ARC-PI-ROSCODE/build/lab3_pkg/install.log --install-scripts $base/lib/lab3_pkg --single-version-externally-managed install_data
[3.034s] DEBUG:colcon.colcon_core.event_handler.log_command:Invoking command in '/home/patchy/arc_ws/ARC-PI-ROSCODE/lab5_ws/waypoint_logger': PYTHONPATH=/home/patchy/arc_ws/ARC-PI-ROSCODE/build/waypoint_logger/prefix_override:/usr/lib/python3/dist-packages/colcon_core/task/python/colcon_distutils_commands:/home/patchy/arc_ws/ARC-PI-ROSCODE/install/waypoint_logger/lib/python3.8/site-packages: /usr/bin/python3 -W ignore:setup.py install is deprecated -W ignore:easy_install command is deprecated setup.py egg_info --egg-base ../../build/waypoint_logger build --build-base /home/patchy/arc_ws/ARC-PI-ROSCODE/build/waypoint_logger/build install --record /home/patchy/arc_ws/ARC-PI-ROSCODE/build/waypoint_logger/install.log --install-scripts $base/lib/waypoint_logger --single-version-externally-managed install_data
[3.038s] DEBUG:colcon.colcon_core.event_handler.log_command:Invoking command in '/home/patchy/arc_ws/ARC-PI-ROSCODE/lab2_ws/safety_node': PYTHONPATH=/home/patchy/arc_ws/ARC-PI-ROSCODE/build/safety_node/prefix_override:/usr/lib/python3/dist-packages/colcon_core/task/python/colcon_distutils_commands:/home/patchy/arc_ws/ARC-PI-ROSCODE/install/safety_node/lib/python3.8/site-packages: /usr/bin/python3 -W ignore:setup.py install is deprecated -W ignore:easy_install command is deprecated setup.py egg_info --egg-base ../../build/safety_node build --build-base /home/patchy/arc_ws/ARC-PI-ROSCODE/build/safety_node/build install --record /home/patchy/arc_ws/ARC-PI-ROSCODE/build/safety_node/install.log --install-scripts $base/lib/safety_node --single-version-externally-managed install_data
[3.056s] DEBUG:colcon.colcon_core.event_handler.log_command:Invoking command in '/home/patchy/arc_ws/ARC-PI-ROSCODE/lab1_ws/lab1_pkg': PYTHONPATH=/home/patchy/arc_ws/ARC-PI-ROSCODE/build/lab1_pkg/prefix_override:/usr/lib/python3/dist-packages/colcon_core/task/python/colcon_distutils_commands:/home/patchy/arc_ws/ARC-PI-ROSCODE/install/lab1_pkg/lib/python3.8/site-packages: /usr/bin/python3 -W ignore:setup.py install is deprecated -W ignore:easy_install command is deprecated setup.py egg_info --egg-base ../../build/lab1_pkg build --build-base /home/patchy/arc_ws/ARC-PI-ROSCODE/build/lab1_pkg/build install --record /home/patchy/arc_ws/ARC-PI-ROSCODE/build/lab1_pkg/install.log --install-scripts $base/lib/lab1_pkg --single-version-externally-managed install_data
[3.339s] DEBUG:colcon.colcon_core.event_handler.log_command:Invoked command in '/home/patchy/arc_ws/ARC-PI-ROSCODE/lab4_ws/gap_follow' returned '0': PYTHONPATH=/home/patchy/arc_ws/ARC-PI-ROSCODE/build/gap_follow/prefix_override:/usr/lib/python3/dist-packages/colcon_core/task/python/colcon_distutils_commands:/home/patchy/arc_ws/ARC-PI-ROSCODE/install/gap_follow/lib/python3.8/site-packages: /usr/bin/python3 -W ignore:setup.py install is deprecated -W ignore:easy_install command is deprecated setup.py egg_info --egg-base ../../build/gap_follow build --build-base /home/patchy/arc_ws/ARC-PI-ROSCODE/build/gap_follow/build install --record /home/patchy/arc_ws/ARC-PI-ROSCODE/build/gap_follow/install.log --install-scripts $base/lib/gap_follow --single-version-externally-managed install_data
[3.358s] Level 1:colcon.colcon_core.environment:checking '/home/patchy/arc_ws/ARC-PI-ROSCODE/install/gap_follow' for CMake module files
[3.358s] Level 1:colcon.colcon_core.environment:checking '/home/patchy/arc_ws/ARC-PI-ROSCODE/install/gap_follow' for CMake config files
[3.359s] Level 1:colcon.colcon_core.environment:checking '/home/patchy/arc_ws/ARC-PI-ROSCODE/install/gap_follow/lib'
[3.359s] Level 1:colcon.colcon_core.environment:checking '/home/patchy/arc_ws/ARC-PI-ROSCODE/install/gap_follow/bin'
[3.360s] Level 1:colcon.colcon_core.environment:checking '/home/patchy/arc_ws/ARC-PI-ROSCODE/install/gap_follow/lib/pkgconfig/gap_follow.pc'
[3.360s] Level 1:colcon.colcon_core.environment:checking '/home/patchy/arc_ws/ARC-PI-ROSCODE/install/gap_follow/lib/python3.8/site-packages'
[3.360s] Level 1:colcon.colcon_core.shell:create_environment_hook('gap_follow', 'pythonpath')
[3.360s] INFO:colcon.colcon_core.shell:Creating environment hook '/home/patchy/arc_ws/ARC-PI-ROSCODE/install/gap_follow/share/gap_follow/hook/pythonpath.ps1'
[3.362s] INFO:colcon.colcon_core.shell:Creating environment descriptor '/home/patchy/arc_ws/ARC-PI-ROSCODE/install/gap_follow/share/gap_follow/hook/pythonpath.dsv'
[3.363s] INFO:colcon.colcon_core.shell:Creating environment hook '/home/patchy/arc_ws/ARC-PI-ROSCODE/install/gap_follow/share/gap_follow/hook/pythonpath.sh'
[3.364s] Level 1:colcon.colcon_core.environment:checking '/home/patchy/arc_ws/ARC-PI-ROSCODE/install/gap_follow/bin'
[3.364s] Level 1:colcon.colcon_core.environment:create_environment_scripts_only(gap_follow)
[3.365s] INFO:colcon.colcon_core.shell:Creating package script '/home/patchy/arc_ws/ARC-PI-ROSCODE/install/gap_follow/share/gap_follow/package.ps1'
[3.367s] INFO:colcon.colcon_core.shell:Creating package descriptor '/home/patchy/arc_ws/ARC-PI-ROSCODE/install/gap_follow/share/gap_follow/package.dsv'
[3.368s] INFO:colcon.colcon_core.shell:Creating package script '/home/patchy/arc_ws/ARC-PI-ROSCODE/install/gap_follow/share/gap_follow/package.sh'
[3.369s] INFO:colcon.colcon_core.shell:Creating package script '/home/patchy/arc_ws/ARC-PI-ROSCODE/install/gap_follow/share/gap_follow/package.bash'
[3.371s] INFO:colcon.colcon_core.shell:Creating package script '/home/patchy/arc_ws/ARC-PI-ROSCODE/install/gap_follow/share/gap_follow/package.zsh'
[3.372s] Level 1:colcon.colcon_core.environment:create_file_with_runtime_dependencies(/home/patchy/arc_ws/ARC-PI-ROSCODE/install/gap_follow/share/colcon-core/packages/gap_follow)
[3.375s] Level 1:colcon.colcon_core.environment:checking '/home/patchy/arc_ws/ARC-PI-ROSCODE/install/visualize_waypoints' for CMake module files
[3.376s] DEBUG:colcon.colcon_core.event_handler.log_command:Invoked command in '/home/patchy/arc_ws/ARC-PI-ROSCODE/lab5_ws/visualize_waypoints' returned '0': PYTHONPATH=/home/patchy/arc_ws/ARC-PI-ROSCODE/build/visualize_waypoints/prefix_override:/usr/lib/python3/dist-packages/colcon_core/task/python/colcon_distutils_commands:/home/patchy/arc_ws/ARC-PI-ROSCODE/install/visualize_waypoints/lib/python3.8/site-packages: /usr/bin/python3 -W ignore:setup.py install is deprecated -W ignore:easy_install command is deprecated setup.py egg_info --egg-base ../../build/visualize_waypoints build --build-base /home/patchy/arc_ws/ARC-PI-ROSCODE/build/visualize_waypoints/build install --record /home/patchy/arc_ws/ARC-PI-ROSCODE/build/visualize_waypoints/install.log --install-scripts $base/lib/visualize_waypoints --single-version-externally-managed install_data
[3.377s] Level 1:colcon.colcon_core.environment:checking '/home/patchy/arc_ws/ARC-PI-ROSCODE/install/visualize_waypoints' for CMake config files
[3.377s] Level 1:colcon.colcon_core.environment:checking '/home/patchy/arc_ws/ARC-PI-ROSCODE/install/visualize_waypoints/lib'
[3.377s] Level 1:colcon.colcon_core.environment:checking '/home/patchy/arc_ws/ARC-PI-ROSCODE/install/visualize_waypoints/bin'
[3.377s] Level 1:colcon.colcon_core.environment:checking '/home/patchy/arc_ws/ARC-PI-ROSCODE/install/visualize_waypoints/lib/pkgconfig/visualize_waypoints.pc'
[3.378s] Level 1:colcon.colcon_core.environment:checking '/home/patchy/arc_ws/ARC-PI-ROSCODE/install/visualize_waypoints/lib/python3.8/site-packages'
[3.378s] Level 1:colcon.colcon_core.shell:create_environment_hook('visualize_waypoints', 'pythonpath')
[3.378s] INFO:colcon.colcon_core.shell:Creating environment hook '/home/patchy/arc_ws/ARC-PI-ROSCODE/install/visualize_waypoints/share/visualize_waypoints/hook/pythonpath.ps1'
[3.379s] INFO:colcon.colcon_core.shell:Creating environment descriptor '/home/patchy/arc_ws/ARC-PI-ROSCODE/install/visualize_waypoints/share/visualize_waypoints/hook/pythonpath.dsv'
[3.379s] INFO:colcon.colcon_core.shell:Creating environment hook '/home/patchy/arc_ws/ARC-PI-ROSCODE/install/visualize_waypoints/share/visualize_waypoints/hook/pythonpath.sh'
[3.380s] Level 1:colcon.colcon_core.environment:checking '/home/patchy/arc_ws/ARC-PI-ROSCODE/install/visualize_waypoints/bin'
[3.380s] Level 1:colcon.colcon_core.environment:create_environment_scripts_only(visualize_waypoints)
[3.380s] INFO:colcon.colcon_core.shell:Creating package script '/home/patchy/arc_ws/ARC-PI-ROSCODE/install/visualize_waypoints/share/visualize_waypoints/package.ps1'
[3.381s] INFO:colcon.colcon_core.shell:Creating package descriptor '/home/patchy/arc_ws/ARC-PI-ROSCODE/install/visualize_waypoints/share/visualize_waypoints/package.dsv'
[3.381s] INFO:colcon.colcon_core.shell:Creating package script '/home/patchy/arc_ws/ARC-PI-ROSCODE/install/visualize_waypoints/share/visualize_waypoints/package.sh'
[3.382s] INFO:colcon.colcon_core.shell:Creating package script '/home/patchy/arc_ws/ARC-PI-ROSCODE/install/visualize_waypoints/share/visualize_waypoints/package.bash'
[3.382s] INFO:colcon.colcon_core.shell:Creating package script '/home/patchy/arc_ws/ARC-PI-ROSCODE/install/visualize_waypoints/share/visualize_waypoints/package.zsh'
[3.383s] Level 1:colcon.colcon_core.environment:create_file_with_runtime_dependencies(/home/patchy/arc_ws/ARC-PI-ROSCODE/install/visualize_waypoints/share/colcon-core/packages/visualize_waypoints)
[3.384s] Level 1:colcon.colcon_core.environment:checking '/home/patchy/arc_ws/ARC-PI-ROSCODE/install/waypoint_logger' for CMake module files
[3.386s] DEBUG:colcon.colcon_core.event_handler.log_command:Invoked command in '/home/patchy/arc_ws/ARC-PI-ROSCODE/lab5_ws/waypoint_logger' returned '0': PYTHONPATH=/home/patchy/arc_ws/ARC-PI-ROSCODE/build/waypoint_logger/prefix_override:/usr/lib/python3/dist-packages/colcon_core/task/python/colcon_distutils_commands:/home/patchy/arc_ws/ARC-PI-ROSCODE/install/waypoint_logger/lib/python3.8/site-packages: /usr/bin/python3 -W ignore:setup.py install is deprecated -W ignore:easy_install command is deprecated setup.py egg_info --egg-base ../../build/waypoint_logger build --build-base /home/patchy/arc_ws/ARC-PI-ROSCODE/build/waypoint_logger/build install --record /home/patchy/arc_ws/ARC-PI-ROSCODE/build/waypoint_logger/install.log --install-scripts $base/lib/waypoint_logger --single-version-externally-managed install_data
[3.386s] Level 1:colcon.colcon_core.environment:checking '/home/patchy/arc_ws/ARC-PI-ROSCODE/install/waypoint_logger' for CMake config files
[3.387s] Level 1:colcon.colcon_core.environment:checking '/home/patchy/arc_ws/ARC-PI-ROSCODE/install/waypoint_logger/lib'
[3.387s] Level 1:colcon.colcon_core.environment:checking '/home/patchy/arc_ws/ARC-PI-ROSCODE/install/waypoint_logger/bin'
[3.388s] Level 1:colcon.colcon_core.environment:checking '/home/patchy/arc_ws/ARC-PI-ROSCODE/install/waypoint_logger/lib/pkgconfig/waypoint_logger.pc'
[3.388s] Level 1:colcon.colcon_core.environment:checking '/home/patchy/arc_ws/ARC-PI-ROSCODE/install/waypoint_logger/lib/python3.8/site-packages'
[3.388s] Level 1:colcon.colcon_core.shell:create_environment_hook('waypoint_logger', 'pythonpath')
[3.388s] INFO:colcon.colcon_core.shell:Creating environment hook '/home/patchy/arc_ws/ARC-PI-ROSCODE/install/waypoint_logger/share/waypoint_logger/hook/pythonpath.ps1'
[3.389s] INFO:colcon.colcon_core.shell:Creating environment descriptor '/home/patchy/arc_ws/ARC-PI-ROSCODE/install/waypoint_logger/share/waypoint_logger/hook/pythonpath.dsv'
[3.389s] INFO:colcon.colcon_core.shell:Creating environment hook '/home/patchy/arc_ws/ARC-PI-ROSCODE/install/waypoint_logger/share/waypoint_logger/hook/pythonpath.sh'
[3.389s] Level 1:colcon.colcon_core.environment:checking '/home/patchy/arc_ws/ARC-PI-ROSCODE/install/waypoint_logger/bin'
[3.389s] Level 1:colcon.colcon_core.environment:create_environment_scripts_only(waypoint_logger)
[3.390s] INFO:colcon.colcon_core.shell:Creating package script '/home/patchy/arc_ws/ARC-PI-ROSCODE/install/waypoint_logger/share/waypoint_logger/package.ps1'
[3.390s] INFO:colcon.colcon_core.shell:Creating package descriptor '/home/patchy/arc_ws/ARC-PI-ROSCODE/install/waypoint_logger/share/waypoint_logger/package.dsv'
[3.391s] INFO:colcon.colcon_core.shell:Creating package script '/home/patchy/arc_ws/ARC-PI-ROSCODE/install/waypoint_logger/share/waypoint_logger/package.sh'
[3.391s] INFO:colcon.colcon_core.shell:Creating package script '/home/patchy/arc_ws/ARC-PI-ROSCODE/install/waypoint_logger/share/waypoint_logger/package.bash'
[3.391s] INFO:colcon.colcon_core.shell:Creating package script '/home/patchy/arc_ws/ARC-PI-ROSCODE/install/waypoint_logger/share/waypoint_logger/package.zsh'
[3.392s] Level 1:colcon.colcon_core.environment:create_file_with_runtime_dependencies(/home/patchy/arc_ws/ARC-PI-ROSCODE/install/waypoint_logger/share/colcon-core/packages/waypoint_logger)
[3.394s] Level 1:colcon.colcon_core.environment:checking '/home/patchy/arc_ws/ARC-PI-ROSCODE/install/safety_node' for CMake module files
[3.396s] DEBUG:colcon.colcon_core.event_handler.log_command:Invoked command in '/home/patchy/arc_ws/ARC-PI-ROSCODE/lab2_ws/safety_node' returned '0': PYTHONPATH=/home/patchy/arc_ws/ARC-PI-ROSCODE/build/safety_node/prefix_override:/usr/lib/python3/dist-packages/colcon_core/task/python/colcon_distutils_commands:/home/patchy/arc_ws/ARC-PI-ROSCODE/install/safety_node/lib/python3.8/site-packages: /usr/bin/python3 -W ignore:setup.py install is deprecated -W ignore:easy_install command is deprecated setup.py egg_info --egg-base ../../build/safety_node build --build-base /home/patchy/arc_ws/ARC-PI-ROSCODE/build/safety_node/build install --record /home/patchy/arc_ws/ARC-PI-ROSCODE/build/safety_node/install.log --install-scripts $base/lib/safety_node --single-version-externally-managed install_data
[3.396s] Level 1:colcon.colcon_core.environment:checking '/home/patchy/arc_ws/ARC-PI-ROSCODE/install/safety_node' for CMake config files
[3.397s] Level 1:colcon.colcon_core.environment:checking '/home/patchy/arc_ws/ARC-PI-ROSCODE/install/safety_node/lib'
[3.397s] Level 1:colcon.colcon_core.environment:checking '/home/patchy/arc_ws/ARC-PI-ROSCODE/install/safety_node/bin'
[3.397s] Level 1:colcon.colcon_core.environment:checking '/home/patchy/arc_ws/ARC-PI-ROSCODE/install/safety_node/lib/pkgconfig/safety_node.pc'
[3.397s] Level 1:colcon.colcon_core.environment:checking '/home/patchy/arc_ws/ARC-PI-ROSCODE/install/safety_node/lib/python3.8/site-packages'
[3.398s] Level 1:colcon.colcon_core.shell:create_environment_hook('safety_node', 'pythonpath')
[3.398s] INFO:colcon.colcon_core.shell:Creating environment hook '/home/patchy/arc_ws/ARC-PI-ROSCODE/install/safety_node/share/safety_node/hook/pythonpath.ps1'
[3.398s] INFO:colcon.colcon_core.shell:Creating environment descriptor '/home/patchy/arc_ws/ARC-PI-ROSCODE/install/safety_node/share/safety_node/hook/pythonpath.dsv'
[3.398s] INFO:colcon.colcon_core.shell:Creating environment hook '/home/patchy/arc_ws/ARC-PI-ROSCODE/install/safety_node/share/safety_node/hook/pythonpath.sh'
[3.399s] Level 1:colcon.colcon_core.environment:checking '/home/patchy/arc_ws/ARC-PI-ROSCODE/install/safety_node/bin'
[3.399s] Level 1:colcon.colcon_core.environment:create_environment_scripts_only(safety_node)
[3.399s] INFO:colcon.colcon_core.shell:Creating package script '/home/patchy/arc_ws/ARC-PI-ROSCODE/install/safety_node/share/safety_node/package.ps1'
[3.400s] INFO:colcon.colcon_core.shell:Creating package descriptor '/home/patchy/arc_ws/ARC-PI-ROSCODE/install/safety_node/share/safety_node/package.dsv'
[3.400s] INFO:colcon.colcon_core.shell:Creating package script '/home/patchy/arc_ws/ARC-PI-ROSCODE/install/safety_node/share/safety_node/package.sh'
[3.400s] INFO:colcon.colcon_core.shell:Creating package script '/home/patchy/arc_ws/ARC-PI-ROSCODE/install/safety_node/share/safety_node/package.bash'
[3.401s] INFO:colcon.colcon_core.shell:Creating package script '/home/patchy/arc_ws/ARC-PI-ROSCODE/install/safety_node/share/safety_node/package.zsh'
[3.401s] Level 1:colcon.colcon_core.environment:create_file_with_runtime_dependencies(/home/patchy/arc_ws/ARC-PI-ROSCODE/install/safety_node/share/colcon-core/packages/safety_node)
[3.404s] Level 1:colcon.colcon_core.environment:checking '/home/patchy/arc_ws/ARC-PI-ROSCODE/install/lab1_pkg' for CMake module files
[3.405s] DEBUG:colcon.colcon_core.event_handler.log_command:Invoked command in '/home/patchy/arc_ws/ARC-PI-ROSCODE/lab1_ws/lab1_pkg' returned '0': PYTHONPATH=/home/patchy/arc_ws/ARC-PI-ROSCODE/build/lab1_pkg/prefix_override:/usr/lib/python3/dist-packages/colcon_core/task/python/colcon_distutils_commands:/home/patchy/arc_ws/ARC-PI-ROSCODE/install/lab1_pkg/lib/python3.8/site-packages: /usr/bin/python3 -W ignore:setup.py install is deprecated -W ignore:easy_install command is deprecated setup.py egg_info --egg-base ../../build/lab1_pkg build --build-base /home/patchy/arc_ws/ARC-PI-ROSCODE/build/lab1_pkg/build install --record /home/patchy/arc_ws/ARC-PI-ROSCODE/build/lab1_pkg/install.log --install-scripts $base/lib/lab1_pkg --single-version-externally-managed install_data
[3.405s] Level 1:colcon.colcon_core.environment:checking '/home/patchy/arc_ws/ARC-PI-ROSCODE/install/lab1_pkg' for CMake config files
[3.406s] Level 1:colcon.colcon_core.environment:checking '/home/patchy/arc_ws/ARC-PI-ROSCODE/install/lab1_pkg/lib'
[3.406s] Level 1:colcon.colcon_core.environment:checking '/home/patchy/arc_ws/ARC-PI-ROSCODE/install/lab1_pkg/bin'
[3.406s] Level 1:colcon.colcon_core.environment:checking '/home/patchy/arc_ws/ARC-PI-ROSCODE/install/lab1_pkg/lib/pkgconfig/lab1_pkg.pc'
[3.406s] Level 1:colcon.colcon_core.environment:checking '/home/patchy/arc_ws/ARC-PI-ROSCODE/install/lab1_pkg/lib/python3.8/site-packages'
[3.406s] Level 1:colcon.colcon_core.shell:create_environment_hook('lab1_pkg', 'pythonpath')
[3.406s] INFO:colcon.colcon_core.shell:Creating environment hook '/home/patchy/arc_ws/ARC-PI-ROSCODE/install/lab1_pkg/share/lab1_pkg/hook/pythonpath.ps1'
[3.406s] INFO:colcon.colcon_core.shell:Creating environment descriptor '/home/patchy/arc_ws/ARC-PI-ROSCODE/install/lab1_pkg/share/lab1_pkg/hook/pythonpath.dsv'
[3.407s] INFO:colcon.colcon_core.shell:Creating environment hook '/home/patchy/arc_ws/ARC-PI-ROSCODE/install/lab1_pkg/share/lab1_pkg/hook/pythonpath.sh'
[3.407s] Level 1:colcon.colcon_core.environment:checking '/home/patchy/arc_ws/ARC-PI-ROSCODE/install/lab1_pkg/bin'
[3.407s] Level 1:colcon.colcon_core.environment:create_environment_scripts_only(lab1_pkg)
[3.407s] INFO:colcon.colcon_core.shell:Creating package script '/home/patchy/arc_ws/ARC-PI-ROSCODE/install/lab1_pkg/share/lab1_pkg/package.ps1'
[3.408s] INFO:colcon.colcon_core.shell:Creating package descriptor '/home/patchy/arc_ws/ARC-PI-ROSCODE/install/lab1_pkg/share/lab1_pkg/package.dsv'
[3.408s] INFO:colcon.colcon_core.shell:Creating package script '/home/patchy/arc_ws/ARC-PI-ROSCODE/install/lab1_pkg/share/lab1_pkg/package.sh'
[3.409s] INFO:colcon.colcon_core.shell:Creating package script '/home/patchy/arc_ws/ARC-PI-ROSCODE/install/lab1_pkg/share/lab1_pkg/package.bash'
[3.409s] INFO:colcon.colcon_core.shell:Creating package script '/home/patchy/arc_ws/ARC-PI-ROSCODE/install/lab1_pkg/share/lab1_pkg/package.zsh'
[3.409s] Level 1:colcon.colcon_core.environment:create_file_with_runtime_dependencies(/home/patchy/arc_ws/ARC-PI-ROSCODE/install/lab1_pkg/share/colcon-core/packages/lab1_pkg)
[3.410s] Level 1:colcon.colcon_core.environment:checking '/home/patchy/arc_ws/ARC-PI-ROSCODE/install/break_tester' for CMake module files
[3.411s] DEBUG:colcon.colcon_core.event_handler.log_command:Invoked command in '/home/patchy/arc_ws/ARC-PI-ROSCODE/lab2_ws/break_tester' returned '0': PYTHONPATH=/home/patchy/arc_ws/ARC-PI-ROSCODE/build/break_tester/prefix_override:/usr/lib/python3/dist-packages/colcon_core/task/python/colcon_distutils_commands:/home/patchy/arc_ws/ARC-PI-ROSCODE/install/break_tester/lib/python3.8/site-packages: /usr/bin/python3 -W ignore:setup.py install is deprecated -W ignore:easy_install command is deprecated setup.py egg_info --egg-base ../../build/break_tester build --build-base /home/patchy/arc_ws/ARC-PI-ROSCODE/build/break_tester/build install --record /home/patchy/arc_ws/ARC-PI-ROSCODE/build/break_tester/install.log --install-scripts $base/lib/break_tester --single-version-externally-managed install_data
[3.412s] Level 1:colcon.colcon_core.environment:checking '/home/patchy/arc_ws/ARC-PI-ROSCODE/install/break_tester' for CMake config files
[3.412s] Level 1:colcon.colcon_core.environment:checking '/home/patchy/arc_ws/ARC-PI-ROSCODE/install/break_tester/lib'
[3.412s] Level 1:colcon.colcon_core.environment:checking '/home/patchy/arc_ws/ARC-PI-ROSCODE/install/break_tester/bin'
[3.412s] Level 1:colcon.colcon_core.environment:checking '/home/patchy/arc_ws/ARC-PI-ROSCODE/install/break_tester/lib/pkgconfig/break_tester.pc'
[3.413s] Level 1:colcon.colcon_core.environment:checking '/home/patchy/arc_ws/ARC-PI-ROSCODE/install/break_tester/lib/python3.8/site-packages'
[3.413s] Level 1:colcon.colcon_core.shell:create_environment_hook('break_tester', 'pythonpath')
[3.413s] INFO:colcon.colcon_core.shell:Creating environment hook '/home/patchy/arc_ws/ARC-PI-ROSCODE/install/break_tester/share/break_tester/hook/pythonpath.ps1'
[3.413s] INFO:colcon.colcon_core.shell:Creating environment descriptor '/home/patchy/arc_ws/ARC-PI-ROSCODE/install/break_tester/share/break_tester/hook/pythonpath.dsv'
[3.413s] INFO:colcon.colcon_core.shell:Creating environment hook '/home/patchy/arc_ws/ARC-PI-ROSCODE/install/break_tester/share/break_tester/hook/pythonpath.sh'
[3.414s] Level 1:colcon.colcon_core.environment:checking '/home/patchy/arc_ws/ARC-PI-ROSCODE/install/break_tester/bin'
[3.414s] Level 1:colcon.colcon_core.environment:create_environment_scripts_only(break_tester)
[3.414s] INFO:colcon.colcon_core.shell:Creating package script '/home/patchy/arc_ws/ARC-PI-ROSCODE/install/break_tester/share/break_tester/package.ps1'
[3.415s] INFO:colcon.colcon_core.shell:Creating package descriptor '/home/patchy/arc_ws/ARC-PI-ROSCODE/install/break_tester/share/break_tester/package.dsv'
[3.415s] INFO:colcon.colcon_core.shell:Creating package script '/home/patchy/arc_ws/ARC-PI-ROSCODE/install/break_tester/share/break_tester/package.sh'
[3.415s] INFO:colcon.colcon_core.shell:Creating package script '/home/patchy/arc_ws/ARC-PI-ROSCODE/install/break_tester/share/break_tester/package.bash'
[3.416s] INFO:colcon.colcon_core.shell:Creating package script '/home/patchy/arc_ws/ARC-PI-ROSCODE/install/break_tester/share/break_tester/package.zsh'
[3.416s] Level 1:colcon.colcon_core.environment:create_file_with_runtime_dependencies(/home/patchy/arc_ws/ARC-PI-ROSCODE/install/break_tester/share/colcon-core/packages/break_tester)
[3.417s] Level 1:colcon.colcon_core.environment:checking '/home/patchy/arc_ws/ARC-PI-ROSCODE/install/lab3_pkg' for CMake module files
[3.418s] DEBUG:colcon.colcon_core.event_handler.log_command:Invoked command in '/home/patchy/arc_ws/ARC-PI-ROSCODE/lab3_ws/lab3_pkg' returned '0': PYTHONPATH=/home/patchy/arc_ws/ARC-PI-ROSCODE/build/lab3_pkg/prefix_override:/usr/lib/python3/dist-packages/colcon_core/task/python/colcon_distutils_commands:/home/patchy/arc_ws/ARC-PI-ROSCODE/install/lab3_pkg/lib/python3.8/site-packages: /usr/bin/python3 -W ignore:setup.py install is deprecated -W ignore:easy_install command is deprecated setup.py egg_info --egg-base ../../build/lab3_pkg build --build-base /home/patchy/arc_ws/ARC-PI-ROSCODE/build/lab3_pkg/build install --record /home/patchy/arc_ws/ARC-PI-ROSCODE/build/lab3_pkg/install.log --install-scripts $base/lib/lab3_pkg --single-version-externally-managed install_data
[3.418s] Level 1:colcon.colcon_core.environment:checking '/home/patchy/arc_ws/ARC-PI-ROSCODE/install/lab3_pkg' for CMake config files
[3.419s] Level 1:colcon.colcon_core.environment:checking '/home/patchy/arc_ws/ARC-PI-ROSCODE/install/lab3_pkg/lib'
[3.419s] Level 1:colcon.colcon_core.environment:checking '/home/patchy/arc_ws/ARC-PI-ROSCODE/install/lab3_pkg/bin'
[3.419s] Level 1:colcon.colcon_core.environment:checking '/home/patchy/arc_ws/ARC-PI-ROSCODE/install/lab3_pkg/lib/pkgconfig/lab3_pkg.pc'
[3.419s] Level 1:colcon.colcon_core.environment:checking '/home/patchy/arc_ws/ARC-PI-ROSCODE/install/lab3_pkg/lib/python3.8/site-packages'
[3.419s] Level 1:colcon.colcon_core.shell:create_environment_hook('lab3_pkg', 'pythonpath')
[3.419s] INFO:colcon.colcon_core.shell:Creating environment hook '/home/patchy/arc_ws/ARC-PI-ROSCODE/install/lab3_pkg/share/lab3_pkg/hook/pythonpath.ps1'
[3.420s] INFO:colcon.colcon_core.shell:Creating environment descriptor '/home/patchy/arc_ws/ARC-PI-ROSCODE/install/lab3_pkg/share/lab3_pkg/hook/pythonpath.dsv'
[3.420s] INFO:colcon.colcon_core.shell:Creating environment hook '/home/patchy/arc_ws/ARC-PI-ROSCODE/install/lab3_pkg/share/lab3_pkg/hook/pythonpath.sh'
[3.420s] Level 1:colcon.colcon_core.environment:checking '/home/patchy/arc_ws/ARC-PI-ROSCODE/install/lab3_pkg/bin'
[3.420s] Level 1:colcon.colcon_core.environment:create_environment_scripts_only(lab3_pkg)
[3.421s] INFO:colcon.colcon_core.shell:Creating package script '/home/patchy/arc_ws/ARC-PI-ROSCODE/install/lab3_pkg/share/lab3_pkg/package.ps1'
[3.421s] INFO:colcon.colcon_core.shell:Creating package descriptor '/home/patchy/arc_ws/ARC-PI-ROSCODE/install/lab3_pkg/share/lab3_pkg/package.dsv'
[3.421s] INFO:colcon.colcon_core.shell:Creating package script '/home/patchy/arc_ws/ARC-PI-ROSCODE/install/lab3_pkg/share/lab3_pkg/package.sh'
[3.422s] INFO:colcon.colcon_core.shell:Creating package script '/home/patchy/arc_ws/ARC-PI-ROSCODE/install/lab3_pkg/share/lab3_pkg/package.bash'
[3.422s] INFO:colcon.colcon_core.shell:Creating package script '/home/patchy/arc_ws/ARC-PI-ROSCODE/install/lab3_pkg/share/lab3_pkg/package.zsh'
[3.423s] Level 1:colcon.colcon_core.environment:create_file_with_runtime_dependencies(/home/patchy/arc_ws/ARC-PI-ROSCODE/install/lab3_pkg/share/colcon-core/packages/lab3_pkg)
[3.423s] DEBUG:colcon.colcon_parallel_executor.executor.parallel:closing loop
[3.424s] DEBUG:colcon.colcon_parallel_executor.executor.parallel:loop closed
[3.425s] DEBUG:colcon.colcon_parallel_executor.executor.parallel:run_until_complete finished with '0'
[3.425s] DEBUG:colcon.colcon_core.event_reactor:joining thread
[3.533s] INFO:colcon.colcon_core.plugin_system:Skipping extension 'colcon_notification.desktop_notification.notify_send': Could not find 'notify-send'
[3.533s] INFO:colcon.colcon_core.plugin_system:Skipping extension 'colcon_notification.desktop_notification.terminal_notifier': Not used on non-Darwin systems
[3.533s] INFO:colcon.colcon_core.plugin_system:Skipping extension 'colcon_notification.desktop_notification.win32': Not used on non-Windows systems
[3.533s] INFO:colcon.colcon_notification.desktop_notification:Sending desktop notification using 'notify2'
[3.578s] DEBUG:colcon.colcon_notification.desktop_notification.notify2:Failed to initialize notify2: org.freedesktop.DBus.Error.ServiceUnknown: The name org.freedesktop.Notifications was not provided by any .service files
[3.579s] DEBUG:colcon.colcon_core.event_reactor:joined thread
[3.579s] INFO:colcon.colcon_core.shell:Creating prefix script '/home/patchy/arc_ws/ARC-PI-ROSCODE/install/local_setup.ps1'
[3.581s] INFO:colcon.colcon_core.shell:Creating prefix util module '/home/patchy/arc_ws/ARC-PI-ROSCODE/install/_local_setup_util_ps1.py'
[3.583s] INFO:colcon.colcon_core.shell:Creating prefix chain script '/home/patchy/arc_ws/ARC-PI-ROSCODE/install/setup.ps1'
[3.584s] INFO:colcon.colcon_core.shell:Creating prefix script '/home/patchy/arc_ws/ARC-PI-ROSCODE/install/local_setup.sh'
[3.585s] INFO:colcon.colcon_core.shell:Creating prefix util module '/home/patchy/arc_ws/ARC-PI-ROSCODE/install/_local_setup_util_sh.py'
[3.586s] INFO:colcon.colcon_core.shell:Creating prefix chain script '/home/patchy/arc_ws/ARC-PI-ROSCODE/install/setup.sh'
[3.587s] INFO:colcon.colcon_core.shell:Creating prefix script '/home/patchy/arc_ws/ARC-PI-ROSCODE/install/local_setup.bash'
[3.588s] INFO:colcon.colcon_core.shell:Creating prefix chain script '/home/patchy/arc_ws/ARC-PI-ROSCODE/install/setup.bash'
[3.589s] INFO:colcon.colcon_core.shell:Creating prefix script '/home/patchy/arc_ws/ARC-PI-ROSCODE/install/local_setup.zsh'
[3.591s] INFO:colcon.colcon_core.shell:Creating prefix chain script '/home/patchy/arc_ws/ARC-PI-ROSCODE/install/setup.zsh'
